Archive member included to satisfy reference by file (symbol)

app/libapp.a(main.c.obj)      (--whole-archive)
app/libapp.a(cts.c.obj)       (--whole-archive)
zephyr/libzephyr.a(crc32_sw.c.obj)
                              (--whole-archive)
zephyr/libzephyr.a(crc16_sw.c.obj)
                              (--whole-archive)
zephyr/libzephyr.a(crc8_sw.c.obj)
                              (--whole-archive)
zephyr/libzephyr.a(crc7_sw.c.obj)
                              (--whole-archive)
zephyr/libzephyr.a(dec.c.obj)
                              (--whole-archive)
zephyr/libzephyr.a(fdtable.c.obj)
                              (--whole-archive)
zephyr/libzephyr.a(hex.c.obj)
                              (--whole-archive)
zephyr/libzephyr.a(mempool.c.obj)
                              (--whole-archive)
zephyr/libzephyr.a(printk.c.obj)
                              (--whole-archive)
zephyr/libzephyr.a(onoff.c.obj)
                              (--whole-archive)
zephyr/libzephyr.a(rb.c.obj)  (--whole-archive)
zephyr/libzephyr.a(sem.c.obj)
                              (--whole-archive)
zephyr/libzephyr.a(thread_entry.c.obj)
                              (--whole-archive)
zephyr/libzephyr.a(timeutil.c.obj)
                              (--whole-archive)
zephyr/libzephyr.a(work_q.c.obj)
                              (--whole-archive)
zephyr/libzephyr.a(configs.c.obj)
                              (--whole-archive)
zephyr/libzephyr.a(validate_base_addresses.c.obj)
                              (--whole-archive)
zephyr/libzephyr.a(utils.c.obj)
                              (--whole-archive)
zephyr/libzephyr.a(ecc_dh.c.obj)
                              (--whole-archive)
zephyr/libzephyr.a(ecc.c.obj)
                              (--whole-archive)
zephyr/libzephyr.a(aes_decrypt.c.obj)
                              (--whole-archive)
zephyr/libzephyr.a(aes_encrypt.c.obj)
                              (--whole-archive)
zephyr/libzephyr.a(cmac_mode.c.obj)
                              (--whole-archive)
zephyr/libzephyr.a(log_list.c.obj)
                              (--whole-archive)
zephyr/libzephyr.a(log_core.c.obj)
                              (--whole-archive)
zephyr/libzephyr.a(log_msg.c.obj)
                              (--whole-archive)
zephyr/libzephyr.a(log_output.c.obj)
                              (--whole-archive)
zephyr/libzephyr.a(log_backend_uart.c.obj)
                              (--whole-archive)
zephyr/libzephyr.a(log_backend_rtt.c.obj)
                              (--whole-archive)
zephyr/libzephyr.a(dis.c.obj)
                              (--whole-archive)
zephyr/libzephyr.a(bas.c.obj)
                              (--whole-archive)
zephyr/libzephyr.a(hrs.c.obj)
                              (--whole-archive)
zephyr/libzephyr.a(nvs.c.obj)
                              (--whole-archive)
zephyr/libzephyr.a(addr_utils.c.obj)
                              (--whole-archive)
zephyr/libzephyr.a(flash_map.c.obj)
                              (--whole-archive)
zephyr/libzephyr.a(flash_map_default.c.obj)
                              (--whole-archive)
zephyr/libzephyr.a(settings_store.c.obj)
                              (--whole-archive)
zephyr/libzephyr.a(settings.c.obj)
                              (--whole-archive)
zephyr/libzephyr.a(settings_init.c.obj)
                              (--whole-archive)
zephyr/libzephyr.a(settings_line.c.obj)
                              (--whole-archive)
zephyr/libzephyr.a(settings_nvs.c.obj)
                              (--whole-archive)
zephyr/libzephyr.a(power.c.obj)
                              (--whole-archive)
zephyr/libzephyr.a(policy_residency.c.obj)
                              (--whole-archive)
zephyr/libzephyr.a(uart_console.c.obj)
                              (--whole-archive)
zephyr/libzephyr.a(nrf_power_clock.c.obj)
                              (--whole-archive)
zephyr/libzephyr.a(sys_clock_init.c.obj)
                              (--whole-archive)
zephyr/libzephyr.a(nrf_rtc_timer.c.obj)
                              (--whole-archive)
zephyr/libzephyr.a(fsm_core.c.obj)
                              (--whole-archive)
zephyr/libzephyr.a(fsm_handle.c.obj)
                              (--whole-archive)
zephyr/libzephyr.a(fsm_l2cap_pkt_parser.c.obj)
                              (--whole-archive)
zephyr/libzephyr.a(fsm_ll_pkt_parser.c.obj)
                              (--whole-archive)
zephyr/libzephyr.a(utils.c.obj)
                              (--whole-archive)
zephyr/libzephyr.a(fsm_policy_cache.c.obj)
                              (--whole-archive)
zephyr/libzephyr.a(SEGGER_RTT.c.obj)
                              (--whole-archive)
zephyr/libzephyr.a(SEGGER_RTT_zephyr.c.obj)
                              (--whole-archive)
zephyr/arch/common/libarch__common.a(isr_tables.c.obj)
                              (--whole-archive)
zephyr/arch/common/libarch__common.a(sw_isr_common.c.obj)
                              (--whole-archive)
[...]
Memory Configuration

Name             Origin             Length             Attributes
FLASH            0x0000000000000000 0x0000000000100000 xr
SRAM             0x0000000020000000 0x0000000000040000 xw
IDT_LIST         0x0000000020040000 0x0000000000000800 xw
*default*        0x0000000000000000 0xffffffffffffffff

Linker script and memory map

LOAD zephyr/CMakeFiles/zephyr_prebuilt.dir/misc/empty_file.c.obj
                0x0000000000000020                _region_min_align = 0x20

.rel.plt        0x0000000000000000        0x0
 *(SORT_BY_ALIGNMENT(.rel.plt))
                [!provide]                        PROVIDE (__rel_iplt_start = .)
 *(SORT_BY_ALIGNMENT(.rel.iplt))
 .rel.iplt      0x0000000000000000        0x0 app/libapp.a(main.c.obj)
                [!provide]                        PROVIDE (__rel_iplt_end = .)

.rela.plt       0x0000000000000000        0x0
 *(SORT_BY_ALIGNMENT(.rela.plt))
                [!provide]                        PROVIDE (__rela_iplt_start = .)
 *(SORT_BY_ALIGNMENT(.rela.iplt))
                [!provide]                        PROVIDE (__rela_iplt_end = .)

.rel.dyn
 *(SORT_BY_ALIGNMENT(.rel.*))

.rela.dyn
 *(SORT_BY_ALIGNMENT(.rela.*))

/DISCARD/
 *(SORT_BY_ALIGNMENT(.plt))
 *(SORT_BY_ALIGNMENT(.iplt))
 *(SORT_BY_ALIGNMENT(.got.plt))
 *(SORT_BY_ALIGNMENT(.igot.plt))
 *(SORT_BY_ALIGNMENT(.got))
 *(SORT_BY_ALIGNMENT(.igot))
 *(SORT_BY_ALIGNMENT(.note.GNU-stack))
                0x0000000000000000                _image_rom_start = 0x0

rom_start       0x0000000000000000      0x100
                0x0000000000000000                . = 0x0
                0x0000000000000000                . = ALIGN (0x4)
                0x0000000000000000                _vector_start = .
 *(SORT_BY_ALIGNMENT(.exc_vector_table))
 *(SORT_BY_ALIGNMENT(.exc_vector_table.*))
 .exc_vector_table._vector_table_section
                0x0000000000000000       0x40 zephyr/arch/arch/arm/core/aarch32/cortex_m/libarch__arm__core__aarch32__cortex_m.a(vector_table.S.obj)
                0x0000000000000000                _vector_table
 *(SORT_BY_ALIGNMENT(.gnu.linkonce.irq_vector_table))
 .gnu.linkonce.irq_vector_table
                0x0000000000000040       0xc0 zephyr/arch/common/libarch__common.a(isr_tables.c.obj)
                0x0000000000000040                _irq_vector_table
 *(SORT_BY_ALIGNMENT(.vectors))
                0x0000000000000100                _vector_end = .
 *(SORT_BY_ALIGNMENT(.openocd_dbg))
 *(SORT_BY_ALIGNMENT(.openocd_dbg.*))

text            0x0000000000000100    0x24252
                0x0000000000000100                _image_text_start = .
 *(SORT_BY_ALIGNMENT(.text))
 .text          0x0000000000000100      0x21c /root/SDK/zephyr-sdk-0.11.2/arm-zephyr-eabi/bin/../lib/gcc/arm-zephyr-eabi/9.2.0/thumb/v7e-m/nofp/libgcc.a(_arm_addsubsf3.o)
                0x0000000000000100                __aeabi_frsub
                0x0000000000000108                __subsf3
                0x0000000000000108                __aeabi_fsub
                0x000000000000010c                __aeabi_fadd
                0x000000000000010c                __addsf3
                0x000000000000026c                __aeabi_ui2f
                0x000000000000026c                __floatunsisf
                0x0000000000000274                __aeabi_i2f
                0x0000000000000274                __floatsisf
                0x0000000000000290                __floatundisf
                0x0000000000000290                __aeabi_ul2f
                0x00000000000002a0                __floatdisf
                0x00000000000002a0                __aeabi_l2f
 .text          0x000000000000031c      0x2a0 /root/SDK/zephyr-sdk-0.11.2/arm-zephyr-eabi/bin/../lib/gcc/arm-zephyr-eabi/9.2.0/thumb/v7e-m/nofp/libgcc.a(_arm_muldivsf3.o)
                0x000000000000031c                __mulsf3
                0x000000000000031c                __aeabi_fmul
                0x0000000000000484                __divsf3
                0x0000000000000484                __aeabi_fdiv
 .text          0x00000000000005bc       0x30 /root/SDK/zephyr-sdk-0.11.2/arm-zephyr-eabi/bin/../lib/gcc/arm-zephyr-eabi/9.2.0/thumb/v7e-m/nofp/libgcc.a(_aeabi_uldivmod.o)
                0x00000000000005bc                __aeabi_uldivmod
 .text          0x00000000000005ec      0x2c4 /root/SDK/zephyr-sdk-0.11.2/arm-zephyr-eabi/bin/../lib/gcc/arm-zephyr-eabi/9.2.0/thumb/v7e-m/nofp/libgcc.a(_udivmoddi4.o)
                0x00000000000005ec                __udivmoddi4
 .text          0x00000000000008b0        0x4 /root/SDK/zephyr-sdk-0.11.2/arm-zephyr-eabi/bin/../lib/gcc/arm-zephyr-eabi/9.2.0/thumb/v7e-m/nofp/libgcc.a(_dvmd_tls.o)
                0x00000000000008b0                __aeabi_ldiv0
                0x00000000000008b0                __aeabi_idiv0
 *(SORT_BY_ALIGNMENT(.text.*))
 *fill*         0x00000000000008b4        0x4 
 .text.bt_init  0x00000000000008b8      0x54c zephyr/subsys/bluetooth/host/libsubsys__bluetooth__host.a(hci_core.c.obj)
 *fill*         0x0000000000000e04        0x4 
 .text.ll_adv_enable
                0x0000000000000e08      0x6ac zephyr/subsys/bluetooth/controller/libsubsys__bluetooth__controller.a(ull_adv.c.obj)
                0x0000000000000e08                ll_adv_enable
 *fill*         0x00000000000014b4        0x4 
 .text.ull_conn_llcp
                0x00000000000014b8     0x1c8c zephyr/subsys/bluetooth/controller/libsubsys__bluetooth__controller.a(ull_conn.c.obj)
                0x00000000000014b8                ull_conn_llcp
 *fill*         0x0000000000003144        0x4 
 .text.ull_slave_setup
                0x0000000000003148      0x3dc zephyr/subsys/bluetooth/controller/libsubsys__bluetooth__controller.a(ull_slave.c.obj)
                0x0000000000003148                ull_slave_setup
 *fill*         0x0000000000003524        0x4 
 .text.ull_slave_done
                0x0000000000003528       0x8c zephyr/subsys/bluetooth/controller/libsubsys__bluetooth__controller.a(ull_slave.c.obj)
                0x0000000000003528                ull_slave_done
 *fill*         0x00000000000035b4        0x4 
 .text.erase_op
                0x00000000000035b8       0x8c zephyr/drivers/flash/libdrivers__flash.a(soc_flash_nrf.c.obj)
 *fill*         0x0000000000003644        0x4 
 .text.work_in_time_slice
                0x0000000000003648       0xe0 zephyr/drivers/flash/libdrivers__flash.a(soc_flash_nrf.c.obj)
 .text.write_op
                0x0000000000003728       0xa0 zephyr/drivers/flash/libdrivers__flash.a(soc_flash_nrf.c.obj)
 .text.vnd_ccc_cfg_changed
                0x00000000000037c8       0x10 app/libapp.a(main.c.obj)
 .text.indicate_cb
                0x00000000000037d8       0x2c app/libapp.a(main.c.obj)
 .text.disconnected
                0x0000000000003804        0xc app/libapp.a(main.c.obj)
 .text.connected
                0x0000000000003810       0x18 app/libapp.a(main.c.obj)
 .text.bt_addr_le_to_str.constprop.0
                0x0000000000003828       0x78 app/libapp.a(main.c.obj)
 .text.auth_passkey_display
                0x00000000000038a0       0x24 app/libapp.a(main.c.obj)
 .text.auth_cancel
                0x00000000000038c4       0x20 app/libapp.a(main.c.obj)
 .text.main     0x00000000000038e4      0x104 app/libapp.a(main.c.obj)
                0x00000000000038e4                main
 .text.write_ct
                0x00000000000039e8       0x30 app/libapp.a(cts.c.obj)
 .text.cts_init
                0x0000000000003a18       0x3c app/libapp.a(cts.c.obj)
                0x0000000000003a18                cts_init
 .text.cts_notify
                0x0000000000003a54       0x40 app/libapp.a(cts.c.obj)
                0x0000000000003a54                cts_notify
 .text.crc8_ccitt
                0x0000000000003a94       0x30 zephyr/libzephyr.a(crc8_sw.c.obj)
                0x0000000000003a94                crc8_ccitt
 .text.char_out
                0x0000000000003ac4       0x10 zephyr/libzephyr.a(printk.c.obj)
 .text._printk_dec_ulong
                0x0000000000003ad4       0xa0 zephyr/libzephyr.a(printk.c.obj)
 .text.__printk_hook_install
                0x0000000000003b74        0xc zephyr/libzephyr.a(printk.c.obj)
                0x0000000000003b74                __printk_hook_install
 .text.z_vprintk
                0x0000000000003b80      0x328 zephyr/libzephyr.a(printk.c.obj)
                0x0000000000003b80                z_vprintk
 .text.vprintk  0x0000000000003ea8       0x1c zephyr/libzephyr.a(printk.c.obj)
                0x0000000000003ea8                vprintk
 .text.vsnprintk
                0x0000000000003ec4       0x28 zephyr/libzephyr.a(printk.c.obj)
                0x0000000000003ec4                vsnprintk
 .text.uECC_get_rng
                0x0000000000003eec        0xc zephyr/libzephyr.a(ecc.c.obj)
                0x0000000000003eec                uECC_get_rng
 .text.vli_mmod_fast_secp256r1
                0x0000000000003ef8      0x1a0 zephyr/libzephyr.a(ecc.c.obj)
                0x0000000000003ef8                vli_mmod_fast_secp256r1
 .text.tc_aes128_set_encrypt_key
                0x0000000000004098       0xa4 zephyr/libzephyr.a(aes_encrypt.c.obj)
                0x0000000000004098                tc_aes128_set_encrypt_key
 .text.tc_aes_encrypt
                0x000000000000413c       0xd4 zephyr/libzephyr.a(aes_encrypt.c.obj)
                0x000000000000413c                tc_aes_encrypt
 .text.enable_logger
                0x0000000000004210       0x54 zephyr/libzephyr.a(log_core.c.obj)
 .text.log_process_thread_timer_expiry_fn
                0x0000000000004264        0xc zephyr/libzephyr.a(log_core.c.obj)
 .text.log_core_init
                0x0000000000004270       0x40 zephyr/libzephyr.a(log_core.c.obj)
                0x0000000000004270                log_core_init
 .text.dropped_notify
                0x00000000000042b0       0x4c zephyr/libzephyr.a(log_core.c.obj)
                0x00000000000042b0                dropped_notify
 .text.log_dropped
                0x00000000000042fc       0x20 zephyr/libzephyr.a(log_core.c.obj)
                0x00000000000042fc                log_dropped
 .text.log_source_name_get
                0x000000000000431c       0x1c zephyr/libzephyr.a(log_core.c.obj)
                0x000000000000431c                log_source_name_get
 .text.log_backend_enable
                0x0000000000004338       0x34 zephyr/libzephyr.a(log_core.c.obj)
                0x0000000000004338                log_backend_enable
 .text.log_init
                0x000000000000436c       0x54 zephyr/libzephyr.a(log_core.c.obj)
                0x000000000000436c                log_init
 .text.log_strdup
                0x00000000000043c0       0x6c zephyr/libzephyr.a(log_core.c.obj)
                0x00000000000043c0                log_strdup
 .text.log_is_strdup
                0x000000000000442c       0x1c zephyr/libzephyr.a(log_core.c.obj)
                0x000000000000442c                log_is_strdup
 .text.z_impl_log_process
                0x0000000000004448      0x170 zephyr/libzephyr.a(log_core.c.obj)
                0x0000000000004448                z_impl_log_process
 .text.msg_finalize
                0x00000000000045b8       0xb8 zephyr/libzephyr.a(log_core.c.obj)
 .text.log_process_thread_func
                0x0000000000004670       0x44 zephyr/libzephyr.a(log_core.c.obj)
 .text.z_impl_log_panic
                0x00000000000046b4       0x48 zephyr/libzephyr.a(log_core.c.obj)
                0x00000000000046b4                z_impl_log_panic
 .text.log_free
                0x00000000000046fc       0x34 zephyr/libzephyr.a(log_core.c.obj)
                0x00000000000046fc                log_free
 .text.log_msg_pool_init
                0x0000000000004730       0x14 zephyr/libzephyr.a(log_msg.c.obj)
                0x0000000000004730                log_msg_pool_init
 .text.log_msg_no_space_handle
                0x0000000000004744       0x30 zephyr/libzephyr.a(log_msg.c.obj)
                0x0000000000004744                log_msg_no_space_handle
 .text.log_msg_chunk_alloc
                0x0000000000004774       0x24 zephyr/libzephyr.a(log_msg.c.obj)
                0x0000000000004774                log_msg_chunk_alloc
 .text.msg_free
                0x0000000000004798       0x84 zephyr/libzephyr.a(log_msg.c.obj)
 .text.print_formatted
                0x000000000000481c       0x24 zephyr/libzephyr.a(log_output.c.obj)
 .text.prefix_print
                0x0000000000004840      0x11c zephyr/libzephyr.a(log_output.c.obj)
 .text.postfix_print
                0x000000000000495c       0x3c zephyr/libzephyr.a(log_output.c.obj)
 .text.hexdump_line_print
                0x0000000000004998       0xdc zephyr/libzephyr.a(log_output.c.obj)
 .text.log_output_msg_process
                0x0000000000004a74       0xf4 zephyr/libzephyr.a(log_output.c.obj)
                0x0000000000004a74                log_output_msg_process
 .text.log_output_dropped_process
                0x0000000000004b68       0x54 zephyr/libzephyr.a(log_output.c.obj)
                0x0000000000004b68                log_output_dropped_process
 .text.log_output_timestamp_freq_set
                0x0000000000004bbc       0x30 zephyr/libzephyr.a(log_output.c.obj)
                0x0000000000004bbc                log_output_timestamp_freq_set
 .text.panic    0x0000000000004bec        0xc zephyr/libzephyr.a(log_backend_uart.c.obj)
 .text.dropped  0x0000000000004bf8        0xc zephyr/libzephyr.a(log_backend_uart.c.obj)
 .text.log_backend_uart_init
                0x0000000000004c04       0x18 zephyr/libzephyr.a(log_backend_uart.c.obj)
 .text.put      0x0000000000004c1c       0x24 zephyr/libzephyr.a(log_backend_uart.c.obj)
 .text.log_backend_rtt_init
                0x0000000000004c40        0xc zephyr/libzephyr.a(log_backend_rtt.c.obj)
 .text.panic    0x0000000000004c4c       0x18 zephyr/libzephyr.a(log_backend_rtt.c.obj)
 .text.dropped  0x0000000000004c64        0xc zephyr/libzephyr.a(log_backend_rtt.c.obj)
 .text.put      0x0000000000004c70       0x24 zephyr/libzephyr.a(log_backend_rtt.c.obj)
 .text.on_failed_write.part.0
                0x0000000000004c94       0x18 zephyr/libzephyr.a(log_backend_rtt.c.obj)
 .text.data_out_block_mode
                0x0000000000004cac       0x9c zephyr/libzephyr.a(log_backend_rtt.c.obj)
 .text.read_pnp_id
                0x0000000000004d48       0x1c zephyr/libzephyr.a(dis.c.obj)
 .text.blvl_ccc_cfg_changed
                0x0000000000004d64       0x34 zephyr/libzephyr.a(bas.c.obj)
 .text.read_blvl
                0x0000000000004d98       0x28 zephyr/libzephyr.a(bas.c.obj)
 .text.bt_gatt_bas_get_battery_level
                0x0000000000004dc0        0xc zephyr/libzephyr.a(bas.c.obj)
                0x0000000000004dc0                bt_gatt_bas_get_battery_level
 .text.bt_gatt_bas_set_battery_level
                0x0000000000004dcc       0x50 zephyr/libzephyr.a(bas.c.obj)
                0x0000000000004dcc                bt_gatt_bas_set_battery_level
 .text.hrs_init
                0x0000000000004e1c       0x10 zephyr/libzephyr.a(hrs.c.obj)
 .text.read_blsc
                0x0000000000004e2c       0x1c zephyr/libzephyr.a(hrs.c.obj)
 .text.hrmc_ccc_cfg_changed
                0x0000000000004e48       0x34 zephyr/libzephyr.a(hrs.c.obj)
 .text.bt_gatt_hrs_notify
                0x0000000000004e7c       0x40 zephyr/libzephyr.a(hrs.c.obj)
                0x0000000000004e7c                bt_gatt_hrs_notify
 .text.nvs_prev_ate
                0x0000000000004ebc       0xe4 zephyr/libzephyr.a(nvs.c.obj)
 .text.nvs_gc   0x0000000000004fa0      0x144 zephyr/libzephyr.a(nvs.c.obj)
 .text.nvs_init
                0x00000000000050e4      0x290 zephyr/libzephyr.a(nvs.c.obj)
                0x00000000000050e4                nvs_init
 .text.nvs_write
                0x0000000000005374      0x1c0 zephyr/libzephyr.a(nvs.c.obj)
                0x0000000000005374                nvs_write
 .text.nvs_read_hist
                0x0000000000005534       0xd0 zephyr/libzephyr.a(nvs.c.obj)
                0x0000000000005534                nvs_read_hist
 .text.get_flash_area_from_id
                0x0000000000005604       0x30 zephyr/libzephyr.a(flash_map.c.obj)
 .text.flash_area_open
                0x0000000000005634       0x28 zephyr/libzephyr.a(flash_map.c.obj)
                0x0000000000005634                flash_area_open
 .text.flash_area_get_sectors
                0x000000000000565c       0x50 zephyr/libzephyr.a(flash_map.c.obj)
                0x000000000000565c                flash_area_get_sectors
 .text.settings_save_one
                0x00000000000056ac       0x48 zephyr/libzephyr.a(settings_store.c.obj)
                0x00000000000056ac                settings_save_one
 .text.settings_src_register
                0x00000000000056f4       0x1c zephyr/libzephyr.a(settings_store.c.obj)
                0x00000000000056f4                settings_src_register
 .text.settings_dst_register
                0x0000000000005710        0xc zephyr/libzephyr.a(settings_store.c.obj)
                0x0000000000005710                settings_dst_register
 .text.settings_load_subtree
                0x000000000000571c       0x50 zephyr/libzephyr.a(settings_store.c.obj)
                0x000000000000571c                settings_load_subtree
 .text.settings_load_subtree_direct
                0x000000000000576c       0x44 zephyr/libzephyr.a(settings_store.c.obj)
                0x000000000000576c                settings_load_subtree_direct
 .text.settings_store_init
                0x00000000000057b0       0x10 zephyr/libzephyr.a(settings_store.c.obj)
                0x00000000000057b0                settings_store_init
 .text.settings_init
                0x00000000000057c0       0x10 zephyr/libzephyr.a(settings.c.obj)
                0x00000000000057c0                settings_init
 .text.settings_parse_and_lookup
                0x00000000000057d0       0x94 zephyr/libzephyr.a(settings.c.obj)
                0x00000000000057d0                settings_parse_and_lookup
 .text.settings_call_set_handler
                0x0000000000005864       0x9c zephyr/libzephyr.a(settings.c.obj)
                0x0000000000005864                settings_call_set_handler
 .text.settings_commit_subtree
                0x0000000000005900       0x78 zephyr/libzephyr.a(settings.c.obj)
                0x0000000000005900                settings_commit_subtree
 .text.settings_subsys_init
                0x0000000000005978       0x20 zephyr/libzephyr.a(settings_init.c.obj)
                0x0000000000005978                settings_subsys_init
 .text.settings_nvs_load
                0x0000000000005998       0xb8 zephyr/libzephyr.a(settings_nvs.c.obj)
 .text.settings_backend_init
                0x0000000000005a50       0x98 zephyr/libzephyr.a(settings_nvs.c.obj)
                0x0000000000005a50                settings_backend_init
 .text.console_out
                0x0000000000005ae8       0x28 zephyr/libzephyr.a(uart_console.c.obj)
 .text.uart_console_hook_install
                0x0000000000005b10       0x18 zephyr/libzephyr.a(uart_console.c.obj)
                0x0000000000005b10                uart_console_hook_install
 .text.uart_console_init
                0x0000000000005b28       0x1c zephyr/libzephyr.a(uart_console.c.obj)
 .text.nrf_power_clock_isr
                0x0000000000005b44       0x68 zephyr/libzephyr.a(nrf_power_clock.c.obj)
                0x0000000000005b44                nrf_power_clock_isr
 .text.rtc1_nrf_isr
                0x0000000000005bac       0x40 zephyr/libzephyr.a(nrf_rtc_timer.c.obj)
                0x0000000000005bac                rtc1_nrf_isr
 .text.z_clock_driver_init
                0x0000000000005bec       0x74 zephyr/libzephyr.a(nrf_rtc_timer.c.obj)
                0x0000000000005bec                z_clock_driver_init
 .text.z_clock_set_timeout
                0x0000000000005c60       0xac zephyr/libzephyr.a(nrf_rtc_timer.c.obj)
                0x0000000000005c60                z_clock_set_timeout
 .text.z_clock_elapsed
                0x0000000000005d0c       0x34 zephyr/libzephyr.a(nrf_rtc_timer.c.obj)
                0x0000000000005d0c                z_clock_elapsed
 .text.z_timer_cycle_get_32
                0x0000000000005d40       0x34 zephyr/libzephyr.a(nrf_rtc_timer.c.obj)
                0x0000000000005d40                z_timer_cycle_get_32
 .text.ifw_fsm_init
                0x0000000000005d74       0x40 zephyr/libzephyr.a(fsm_core.c.obj)
                0x0000000000005d74                ifw_fsm_init
 .text.ifw_fsm_state_update
                0x0000000000005db4       0x40 zephyr/libzephyr.a(fsm_core.c.obj)
                0x0000000000005db4                ifw_fsm_state_update
 .text.ifw_fsm_check_update
                0x0000000000005df4       0x90 zephyr/libzephyr.a(fsm_core.c.obj)
                0x0000000000005df4                ifw_fsm_check_update
 .text.ifw_run_verifier
                0x0000000000005e84       0x20 zephyr/libzephyr.a(fsm_core.c.obj)
                0x0000000000005e84                ifw_run_verifier
 .text.ifw_l2cap_packet_parser_recv
                0x0000000000005ea4       0xac zephyr/libzephyr.a(fsm_l2cap_pkt_parser.c.obj)
                0x0000000000005ea4                ifw_l2cap_packet_parser_recv
 .text.ifw_ll_packet_parser_rx
                0x0000000000005f50      0x1e4 zephyr/libzephyr.a(fsm_ll_pkt_parser.c.obj)
                0x0000000000005f50                ifw_ll_packet_parser_rx
 .text.reset_timer_tick
                0x0000000000006134       0x34 zephyr/libzephyr.a(utils.c.obj)
                0x0000000000006134                reset_timer_tick
 .text.get_cur_tick
                0x0000000000006168        0xc zephyr/libzephyr.a(utils.c.obj)
                0x0000000000006168                get_cur_tick
 .text.tick_to_us
                0x0000000000006174       0x20 zephyr/libzephyr.a(utils.c.obj)
                0x0000000000006174                tick_to_us
 .text.run_fsm_check_policy
                0x0000000000006194      0x118 zephyr/libzephyr.a(fsm_policy_cache.c.obj)
                0x0000000000006194                run_fsm_check_policy
 .text._DoInit  0x00000000000062ac       0x60 zephyr/libzephyr.a(SEGGER_RTT.c.obj)
 .text.SEGGER_RTT_WriteSkipNoLock
                0x000000000000630c       0x98 zephyr/libzephyr.a(SEGGER_RTT.c.obj)
                0x000000000000630c                SEGGER_RTT_WriteSkipNoLock
 .text.SEGGER_RTT_HasDataUp
                0x00000000000063a4       0x14 zephyr/libzephyr.a(SEGGER_RTT.c.obj)
                0x00000000000063a4                SEGGER_RTT_HasDataUp
 .text._HandlerModeExit
                0x00000000000063b8       0x1c zephyr/arch/arch/arm/core/aarch32/libarch__arm__core__aarch32.a(exc_exit.S.obj)
                0x00000000000063b8                z_arm_exc_exit
                0x00000000000063b8                z_arm_int_exit
 .text.arch_swap
                0x00000000000063d4       0x34 zephyr/arch/arch/arm/core/aarch32/libarch__arm__core__aarch32.a(swap.c.obj)
                0x00000000000063d4                arch_swap
 .text.z_arm_pendsv
                0x0000000000006408       0x48 zephyr/arch/arch/arm/core/aarch32/libarch__arm__core__aarch32.a(swap_helper.S.obj)
                0x0000000000006408                z_arm_pendsv
 .text.z_arm_svc
                0x0000000000006450       0x20 zephyr/arch/arch/arm/core/aarch32/libarch__arm__core__aarch32.a(swap_helper.S.obj)
                0x0000000000006450                z_arm_svc
 .text.arch_irq_enable
                0x0000000000006470       0x20 zephyr/arch/arch/arm/core/aarch32/libarch__arm__core__aarch32.a(irq_manage.c.obj)
                0x0000000000006470                arch_irq_enable
 .text.arch_irq_disable
                0x0000000000006490       0x28 zephyr/arch/arch/arm/core/aarch32/libarch__arm__core__aarch32.a(irq_manage.c.obj)
                0x0000000000006490                arch_irq_disable
 .text.arch_irq_is_enabled
                0x00000000000064b8       0x1c zephyr/arch/arch/arm/core/aarch32/libarch__arm__core__aarch32.a(irq_manage.c.obj)
                0x00000000000064b8                arch_irq_is_enabled
 .text.z_arm_irq_priority_set
                0x00000000000064d4       0x30 zephyr/arch/arch/arm/core/aarch32/libarch__arm__core__aarch32.a(irq_manage.c.obj)
                0x00000000000064d4                z_arm_irq_priority_set
 .text._arch_isr_direct_pm
                0x0000000000006504       0x1c zephyr/arch/arch/arm/core/aarch32/libarch__arm__core__aarch32.a(irq_manage.c.obj)
                0x0000000000006504                _arch_isr_direct_pm
 .text.arch_new_thread
                0x0000000000006520       0x44 zephyr/arch/arch/arm/core/aarch32/libarch__arm__core__aarch32.a(thread.c.obj)
                0x0000000000006520                arch_new_thread
 .text.arch_switch_to_main_thread
                0x0000000000006564       0x38 zephyr/arch/arch/arm/core/aarch32/libarch__arm__core__aarch32.a(thread.c.obj)
                0x0000000000006564                arch_switch_to_main_thread
 .text.z_arm_cpu_idle_init
                0x000000000000659c        0xc zephyr/arch/arch/arm/core/aarch32/libarch__arm__core__aarch32.a(cpu_idle.S.obj)
                0x000000000000659c                z_arm_cpu_idle_init
 .text.arch_cpu_idle
                0x00000000000065a8        0xc zephyr/arch/arch/arm/core/aarch32/libarch__arm__core__aarch32.a(cpu_idle.S.obj)
                0x00000000000065a8                arch_cpu_idle
 .text.__fault  0x00000000000065b4       0x14 zephyr/arch/arch/arm/core/aarch32/libarch__arm__core__aarch32.a(fault_s.S.obj)
                0x00000000000065b4                z_arm_bus_fault
                0x00000000000065b4                z_arm_usage_fault
                0x00000000000065b4                z_arm_mpu_fault
                0x00000000000065b4                z_arm_reserved
                0x00000000000065b4                z_arm_debug_monitor
                0x00000000000065b4                z_arm_hard_fault
 .text.z_arm_fatal_error
                0x00000000000065c8       0x70 zephyr/arch/arch/arm/core/aarch32/libarch__arm__core__aarch32.a(fatal.c.obj)
                0x00000000000065c8                z_arm_fatal_error
 .text.z_SysNmiOnReset
                0x0000000000006638        0x8 zephyr/arch/arch/arm/core/aarch32/libarch__arm__core__aarch32.a(nmi_on_reset.S.obj)
                0x0000000000006638                z_SysNmiOnReset
 .text.z_arm_prep_c
                0x0000000000006640       0x44 zephyr/arch/arch/arm/core/aarch32/libarch__arm__core__aarch32.a(prep_c.c.obj)
                0x0000000000006640                z_arm_prep_c
 .text._isr_wrapper
                0x0000000000006684       0x40 zephyr/arch/arch/arm/core/aarch32/libarch__arm__core__aarch32.a(isr_wrapper.S.obj)
                0x0000000000006684                _isr_wrapper
 .text._reset_section
                0x00000000000066c4       0x30 zephyr/arch/arch/arm/core/aarch32/cortex_m/libarch__arm__core__aarch32__cortex_m.a(reset.S.obj)
                0x00000000000066c4                z_arm_reset
                0x00000000000066c4                __start
 .text.usage_fault.isra.0
                0x00000000000066f4       0xb8 zephyr/arch/arch/arm/core/aarch32/cortex_m/libarch__arm__core__aarch32__cortex_m.a(fault.c.obj)
 .text.mem_manage_fault.isra.0
                0x00000000000067ac       0xcc zephyr/arch/arch/arm/core/aarch32/cortex_m/libarch__arm__core__aarch32__cortex_m.a(fault.c.obj)
 .text.bus_fault.isra.0
                0x0000000000006878       0xdc zephyr/arch/arch/arm/core/aarch32/cortex_m/libarch__arm__core__aarch32__cortex_m.a(fault.c.obj)
 .text.z_arm_fault
                0x0000000000006954      0x198 zephyr/arch/arch/arm/core/aarch32/cortex_m/libarch__arm__core__aarch32__cortex_m.a(fault.c.obj)
                0x0000000000006954                z_arm_fault
 .text.z_arm_fault_init
                0x0000000000006aec       0x10 zephyr/arch/arch/arm/core/aarch32/cortex_m/libarch__arm__core__aarch32__cortex_m.a(fault.c.obj)
                0x0000000000006aec                z_arm_fault_init
 .text.z_arm_int_lib_init
                0x0000000000006afc       0x18 zephyr/arch/arch/arm/core/aarch32/cortex_m/libarch__arm__core__aarch32__cortex_m.a(irq_init.c.obj)
                0x0000000000006afc                z_arm_int_lib_init
 .text.z_impl_k_thread_abort
                0x0000000000006b14       0x4c zephyr/arch/arch/arm/core/aarch32/cortex_m/libarch__arm__core__aarch32__cortex_m.a(thread_abort.c.obj)
                0x0000000000006b14                z_impl_k_thread_abort
 .text.z_arm_configure_static_mpu_regions
                0x0000000000006b60       0x38 zephyr/arch/arch/arm/core/aarch32/cortex_m/mpu/libarch__arm__core__aarch32__cortex_m__mpu.a(arm_core_mpu.c.obj)
                0x0000000000006b60                z_arm_configure_static_mpu_regions
 .text.mpu_configure_regions
                0x0000000000006b98       0xc4 zephyr/arch/arch/arm/core/aarch32/cortex_m/mpu/libarch__arm__core__aarch32__cortex_m__mpu.a(arm_mpu.c.obj)
 .text.arm_core_mpu_enable
                0x0000000000006c5c       0x14 zephyr/arch/arch/arm/core/aarch32/cortex_m/mpu/libarch__arm__core__aarch32__cortex_m__mpu.a(arm_mpu.c.obj)
                0x0000000000006c5c                arm_core_mpu_enable
 .text.arm_core_mpu_disable
                0x0000000000006c70       0x10 zephyr/arch/arch/arm/core/aarch32/cortex_m/mpu/libarch__arm__core__aarch32__cortex_m__mpu.a(arm_mpu.c.obj)
                0x0000000000006c70                arm_core_mpu_disable
 .text.arm_mpu_init
                0x0000000000006c80       0x5c zephyr/arch/arch/arm/core/aarch32/cortex_m/mpu/libarch__arm__core__aarch32__cortex_m__mpu.a(arm_mpu.c.obj)
 .text.arm_core_mpu_configure_static_mpu_regions
                0x0000000000006cdc       0x14 zephyr/arch/arch/arm/core/aarch32/cortex_m/mpu/libarch__arm__core__aarch32__cortex_m__mpu.a(arm_mpu.c.obj)
                0x0000000000006cdc                arm_core_mpu_configure_static_mpu_regions
 .text.z_prf    0x0000000000006cf0      0x9e0 zephyr/lib/libc/minimal/liblib__libc__minimal.a(prf.c.obj)
                0x0000000000006cf0                z_prf
 .text.__stdout_hook_install
                0x00000000000076d0        0xc zephyr/lib/libc/minimal/liblib__libc__minimal.a(stdout_console.c.obj)
                0x00000000000076d0                __stdout_hook_install
 .text.z_impl_zephyr_fputc
                0x00000000000076dc       0x14 zephyr/lib/libc/minimal/liblib__libc__minimal.a(stdout_console.c.obj)
                0x00000000000076dc                z_impl_zephyr_fputc
 .text.snprintf
                0x00000000000076f0       0x30 zephyr/lib/libc/minimal/liblib__libc__minimal.a(sprintf.c.obj)
                0x00000000000076f0                snprintf
 .text.printf   0x0000000000007720       0x24 zephyr/lib/libc/minimal/liblib__libc__minimal.a(fprintf.c.obj)
                0x0000000000007720                printf
 .text.nordicsemi_nrf52_init
                0x0000000000007744       0x30 zephyr/soc/arm/nordic_nrf/nrf52/libsoc__arm__nordic_nrf__nrf52.a(soc.c.obj)
 .text.arch_busy_wait
                0x0000000000007774       0x14 zephyr/soc/arm/nordic_nrf/nrf52/libsoc__arm__nordic_nrf__nrf52.a(soc.c.obj)
                0x0000000000007774                arch_busy_wait
 .text.bt_hex_real
                0x0000000000007788       0x44 zephyr/subsys/bluetooth/common/libsubsys__bluetooth__common.a(log.c.obj)
                0x0000000000007788                bt_hex_real
 .text.bt_addr_le_str_real
                0x00000000000077cc       0x7c zephyr/subsys/bluetooth/common/libsubsys__bluetooth__common.a(log.c.obj)
                0x00000000000077cc                bt_addr_le_str_real
 .text.ecc_thread
                0x0000000000007848      0x1b8 zephyr/subsys/bluetooth/host/libsubsys__bluetooth__host.a(hci_ecc.c.obj)
 .text.bt_hci_ecc_send
                0x0000000000007a00      0x110 zephyr/subsys/bluetooth/host/libsubsys__bluetooth__host.a(hci_ecc.c.obj)
                0x0000000000007a00                bt_hci_ecc_send
 .text.bt_hci_ecc_init
                0x0000000000007b10       0x44 zephyr/subsys/bluetooth/host/libsubsys__bluetooth__host.a(hci_ecc.c.obj)
                0x0000000000007b10                bt_hci_ecc_init
 .text.save_id  0x0000000000007b54       0x78 zephyr/subsys/bluetooth/host/libsubsys__bluetooth__host.a(settings.c.obj)
 .text.set      0x0000000000007bcc      0x150 zephyr/subsys/bluetooth/host/libsubsys__bluetooth__host.a(settings.c.obj)
 .text.bt_settings_encode_key
                0x0000000000007d1c       0x60 zephyr/subsys/bluetooth/host/libsubsys__bluetooth__host.a(settings.c.obj)
                0x0000000000007d1c                bt_settings_encode_key
 .text.bt_settings_save_id
                0x0000000000007d7c       0x30 zephyr/subsys/bluetooth/host/libsubsys__bluetooth__host.a(settings.c.obj)
                0x0000000000007d7c                bt_settings_save_id
 .text.commit   0x0000000000007dac       0x90 zephyr/subsys/bluetooth/host/libsubsys__bluetooth__host.a(settings.c.obj)
 .text.bt_settings_init
                0x0000000000007e3c       0x30 zephyr/subsys/bluetooth/host/libsubsys__bluetooth__host.a(settings.c.obj)
                0x0000000000007e3c                bt_settings_init
 .text.uuid_to_uuid128
                0x0000000000007e6c       0x7c zephyr/subsys/bluetooth/host/libsubsys__bluetooth__host.a(uuid.c.obj)
 .text.le_dhkey_complete
                0x0000000000007ee8       0x20 zephyr/subsys/bluetooth/host/libsubsys__bluetooth__host.a(hci_core.c.obj)
 .text.ver_str  0x0000000000007f08       0x38 zephyr/subsys/bluetooth/host/libsubsys__bluetooth__host.a(hci_core.c.obj)
 .text.hci_data_buf_overflow
                0x0000000000007f40       0x24 zephyr/subsys/bluetooth/host/libsubsys__bluetooth__host.a(hci_core.c.obj)
 .text.le_pkey_complete
                0x0000000000007f64       0x50 zephyr/subsys/bluetooth/host/libsubsys__bluetooth__host.a(hci_core.c.obj)
 .text.le_data_len_change
                0x0000000000007fb4       0x3c zephyr/subsys/bluetooth/host/libsubsys__bluetooth__host.a(hci_core.c.obj)
 .text.le_conn_update_complete
                0x0000000000007ff0       0x9c zephyr/subsys/bluetooth/host/libsubsys__bluetooth__host.a(hci_core.c.obj)
 .text.hci_vendor_event
                0x000000000000808c       0x38 zephyr/subsys/bluetooth/host/libsubsys__bluetooth__host.a(hci_core.c.obj)
 .text.update_sec_level
                0x00000000000080c4       0x64 zephyr/subsys/bluetooth/host/libsubsys__bluetooth__host.a(hci_core.c.obj)
 .text.hci_encrypt_key_refresh_complete
                0x0000000000008128       0x84 zephyr/subsys/bluetooth/host/libsubsys__bluetooth__host.a(hci_core.c.obj)
 .text.hci_encrypt_change
                0x00000000000081ac       0x8c zephyr/subsys/bluetooth/host/libsubsys__bluetooth__host.a(hci_core.c.obj)
 .text.find_pending_connect.part.0
                0x0000000000008238       0x38 zephyr/subsys/bluetooth/host/libsubsys__bluetooth__host.a(hci_core.c.obj)
 .text.handle_event
                0x0000000000008270       0x84 zephyr/subsys/bluetooth/host/libsubsys__bluetooth__host.a(hci_core.c.obj)
 .text.hci_le_meta_event
                0x00000000000082f4       0x20 zephyr/subsys/bluetooth/host/libsubsys__bluetooth__host.a(hci_core.c.obj)
 .text.hci_cmd_done
                0x0000000000008314       0xf4 zephyr/subsys/bluetooth/host/libsubsys__bluetooth__host.a(hci_core.c.obj)
 .text.id_find  0x0000000000008408       0x34 zephyr/subsys/bluetooth/host/libsubsys__bluetooth__host.a(hci_core.c.obj)
 .text.hci_tx_thread
                0x000000000000843c      0x17c zephyr/subsys/bluetooth/host/libsubsys__bluetooth__host.a(hci_core.c.obj)
 .text.hci_num_completed_packets
                0x00000000000085b8      0x134 zephyr/subsys/bluetooth/host/libsubsys__bluetooth__host.a(hci_core.c.obj)
 .text.hci_cmd_status
                0x00000000000086ec       0x2c zephyr/subsys/bluetooth/host/libsubsys__bluetooth__host.a(hci_core.c.obj)
 .text.hci_cmd_complete
                0x0000000000008718       0x30 zephyr/subsys/bluetooth/host/libsubsys__bluetooth__host.a(hci_core.c.obj)
 .text.bt_hci_cmd_create
                0x0000000000008748       0x6c zephyr/subsys/bluetooth/host/libsubsys__bluetooth__host.a(hci_core.c.obj)
                0x0000000000008748                bt_hci_cmd_create
 .text.bt_hci_cmd_send
                0x00000000000087b4       0x64 zephyr/subsys/bluetooth/host/libsubsys__bluetooth__host.a(hci_core.c.obj)
                0x00000000000087b4                bt_hci_cmd_send
 .text.le_ltk_request
                0x0000000000008818       0xc0 zephyr/subsys/bluetooth/host/libsubsys__bluetooth__host.a(hci_core.c.obj)
 .text.le_conn_param_neg_reply
                0x00000000000088d8       0x54 zephyr/subsys/bluetooth/host/libsubsys__bluetooth__host.a(hci_core.c.obj)
 .text.le_conn_param_req
                0x000000000000892c       0xd0 zephyr/subsys/bluetooth/host/libsubsys__bluetooth__host.a(hci_core.c.obj)
 .text.bt_hci_cmd_send_sync
                0x00000000000089fc       0x8c zephyr/subsys/bluetooth/host/libsubsys__bluetooth__host.a(hci_core.c.obj)
                0x00000000000089fc                bt_hci_cmd_send_sync
 .text.set_random_address
                0x0000000000008a88       0x58 zephyr/subsys/bluetooth/host/libsubsys__bluetooth__host.a(hci_core.c.obj)
 .text.le_set_private_addr
                0x0000000000008ae0       0x5c zephyr/subsys/bluetooth/host/libsubsys__bluetooth__host.a(hci_core.c.obj)
 .text.set_advertise_enable
                0x0000000000008b3c       0x60 zephyr/subsys/bluetooth/host/libsubsys__bluetooth__host.a(hci_core.c.obj)
 .text.rpa_timeout
                0x0000000000008b9c       0xa0 zephyr/subsys/bluetooth/host/libsubsys__bluetooth__host.a(hci_core.c.obj)
 .text.hci_id_add
                0x0000000000008c3c       0x54 zephyr/subsys/bluetooth/host/libsubsys__bluetooth__host.a(hci_core.c.obj)
 .text.set_ad   0x0000000000008c90       0xe8 zephyr/subsys/bluetooth/host/libsubsys__bluetooth__host.a(hci_core.c.obj)
 .text.le_adv_update
                0x0000000000008d78       0x94 zephyr/subsys/bluetooth/host/libsubsys__bluetooth__host.a(hci_core.c.obj)
 .text.conn_auto_initiate
                0x0000000000008e0c      0x170 zephyr/subsys/bluetooth/host/libsubsys__bluetooth__host.a(hci_core.c.obj)
 .text.le_phy_update_complete
                0x0000000000008f7c       0x64 zephyr/subsys/bluetooth/host/libsubsys__bluetooth__host.a(hci_core.c.obj)
 .text.le_remote_feat_complete
                0x0000000000008fe0       0x60 zephyr/subsys/bluetooth/host/libsubsys__bluetooth__host.a(hci_core.c.obj)
 .text.bt_unpair
                0x0000000000009040       0x4c zephyr/subsys/bluetooth/host/libsubsys__bluetooth__host.a(hci_core.c.obj)
                0x0000000000009040                bt_unpair
 .text.bt_id_add
                0x000000000000908c      0x18c zephyr/subsys/bluetooth/host/libsubsys__bluetooth__host.a(hci_core.c.obj)
                0x000000000000908c                bt_id_add
 .text.bt_id_del
                0x0000000000009218      0x12c zephyr/subsys/bluetooth/host/libsubsys__bluetooth__host.a(hci_core.c.obj)
                0x0000000000009218                bt_id_del
 .text.id_create
                0x0000000000009344       0xb0 zephyr/subsys/bluetooth/host/libsubsys__bluetooth__host.a(hci_core.c.obj)
 .text.bt_recv  0x00000000000093f4      0x154 zephyr/subsys/bluetooth/host/libsubsys__bluetooth__host.a(hci_core.c.obj)
                0x00000000000093f4                bt_recv
 .text.bt_recv_prio
                0x0000000000009548       0xac zephyr/subsys/bluetooth/host/libsubsys__bluetooth__host.a(hci_core.c.obj)
                0x0000000000009548                bt_recv_prio
 .text.bt_hci_driver_register
                0x00000000000095f4       0x28 zephyr/subsys/bluetooth/host/libsubsys__bluetooth__host.a(hci_core.c.obj)
                0x00000000000095f4                bt_hci_driver_register
 .text.bt_finalize_init
                0x000000000000961c       0xd4 zephyr/subsys/bluetooth/host/libsubsys__bluetooth__host.a(hci_core.c.obj)
                0x000000000000961c                bt_finalize_init
 .text.init_work
                0x00000000000096f0       0x18 zephyr/subsys/bluetooth/host/libsubsys__bluetooth__host.a(hci_core.c.obj)
 .text.bt_enable
                0x0000000000009708       0xf0 zephyr/subsys/bluetooth/host/libsubsys__bluetooth__host.a(hci_core.c.obj)
                0x0000000000009708                bt_enable
 .text.bt_set_name
                0x00000000000097f8       0x9c zephyr/subsys/bluetooth/host/libsubsys__bluetooth__host.a(hci_core.c.obj)
                0x00000000000097f8                bt_set_name
 .text.bt_get_name
                0x0000000000009894        0x8 zephyr/subsys/bluetooth/host/libsubsys__bluetooth__host.a(hci_core.c.obj)
                0x0000000000009894                bt_get_name
 .text.bt_id_create
                0x000000000000989c       0x88 zephyr/subsys/bluetooth/host/libsubsys__bluetooth__host.a(hci_core.c.obj)
                0x000000000000989c                bt_id_create
 .text.bt_setup_public_id_addr
                0x0000000000009924      0x108 zephyr/subsys/bluetooth/host/libsubsys__bluetooth__host.a(hci_core.c.obj)
                0x0000000000009924                bt_setup_public_id_addr
 .text.bt_setup_random_id_addr
                0x0000000000009a2c      0x138 zephyr/subsys/bluetooth/host/libsubsys__bluetooth__host.a(hci_core.c.obj)
                0x0000000000009a2c                bt_setup_random_id_addr
 .text.bt_le_adv_start_internal
                0x0000000000009b64      0x2b8 zephyr/subsys/bluetooth/host/libsubsys__bluetooth__host.a(hci_core.c.obj)
                0x0000000000009b64                bt_le_adv_start_internal
 .text.bt_le_adv_stop
                0x0000000000009e1c       0x7c zephyr/subsys/bluetooth/host/libsubsys__bluetooth__host.a(hci_core.c.obj)
                0x0000000000009e1c                bt_le_adv_stop
 .text.bt_le_adv_resume
                0x0000000000009e98       0x90 zephyr/subsys/bluetooth/host/libsubsys__bluetooth__host.a(hci_core.c.obj)
                0x0000000000009e98                bt_le_adv_resume
 .text.hci_disconn_complete
                0x0000000000009f28       0x7c zephyr/subsys/bluetooth/host/libsubsys__bluetooth__host.a(hci_core.c.obj)
 .text.enh_conn_complete
                0x0000000000009fa4      0x19c zephyr/subsys/bluetooth/host/libsubsys__bluetooth__host.a(hci_core.c.obj)
 .text.le_legacy_conn_complete
                0x000000000000a140       0xa8 zephyr/subsys/bluetooth/host/libsubsys__bluetooth__host.a(hci_core.c.obj)
 .text.bt_buf_get_rx
                0x000000000000a1e8       0x20 zephyr/subsys/bluetooth/host/libsubsys__bluetooth__host.a(hci_core.c.obj)
                0x000000000000a1e8                bt_buf_get_rx
 .text.bt_buf_get_cmd_complete
                0x000000000000a208       0x4c zephyr/subsys/bluetooth/host/libsubsys__bluetooth__host.a(hci_core.c.obj)
                0x000000000000a208                bt_buf_get_cmd_complete
 .text.bt_buf_get_evt
                0x000000000000a254       0x50 zephyr/subsys/bluetooth/host/libsubsys__bluetooth__host.a(hci_core.c.obj)
                0x000000000000a254                bt_buf_get_evt
 .text.bt_pub_key_gen
                0x000000000000a2a4       0xa4 zephyr/subsys/bluetooth/host/libsubsys__bluetooth__host.a(hci_core.c.obj)
                0x000000000000a2a4                bt_pub_key_gen
 .text.bt_pub_key_get
                0x000000000000a348       0x1c zephyr/subsys/bluetooth/host/libsubsys__bluetooth__host.a(hci_core.c.obj)
                0x000000000000a348                bt_pub_key_get
 .text.bt_dh_key_gen
                0x000000000000a364       0x74 zephyr/subsys/bluetooth/host/libsubsys__bluetooth__host.a(hci_core.c.obj)
                0x000000000000a364                bt_dh_key_gen
 .text.tx_free  0x000000000000a3d8       0x14 zephyr/subsys/bluetooth/host/libsubsys__bluetooth__host.a(conn.c.obj)
 .text.notify_connected
                0x000000000000a3ec       0x2c zephyr/subsys/bluetooth/host/libsubsys__bluetooth__host.a(conn.c.obj)
 .text.send_frag
                0x000000000000a418      0x12c zephyr/subsys/bluetooth/host/libsubsys__bluetooth__host.a(conn.c.obj)
 .text.conn_cleanup
                0x000000000000a544       0x40 zephyr/subsys/bluetooth/host/libsubsys__bluetooth__host.a(conn.c.obj)
 .text.bt_conn_get_pkts
                0x000000000000a584        0x8 zephyr/subsys/bluetooth/host/libsubsys__bluetooth__host.a(conn.c.obj)
                0x000000000000a584                bt_conn_get_pkts
 .text.notify_le_param_updated
                0x000000000000a58c       0x68 zephyr/subsys/bluetooth/host/libsubsys__bluetooth__host.a(conn.c.obj)
                0x000000000000a58c                notify_le_param_updated
 .text.le_param_req
                0x000000000000a5f4       0x40 zephyr/subsys/bluetooth/host/libsubsys__bluetooth__host.a(conn.c.obj)
                0x000000000000a5f4                le_param_req
 .text.bt_conn_identity_resolved
                0x000000000000a634       0x34 zephyr/subsys/bluetooth/host/libsubsys__bluetooth__host.a(conn.c.obj)
                0x000000000000a634                bt_conn_identity_resolved
 .text.bt_conn_security_changed
                0x000000000000a668       0x38 zephyr/subsys/bluetooth/host/libsubsys__bluetooth__host.a(conn.c.obj)
                0x000000000000a668                bt_conn_security_changed
 .text.bt_conn_cb_register
                0x000000000000a6a0       0x10 zephyr/subsys/bluetooth/host/libsubsys__bluetooth__host.a(conn.c.obj)
                0x000000000000a6a0                bt_conn_cb_register
 .text.bt_conn_recv
                0x000000000000a6b0      0x134 zephyr/subsys/bluetooth/host/libsubsys__bluetooth__host.a(conn.c.obj)
                0x000000000000a6b0                bt_conn_recv
 .text.bt_conn_send_cb
                0x000000000000a7e4       0xd4 zephyr/subsys/bluetooth/host/libsubsys__bluetooth__host.a(conn.c.obj)
                0x000000000000a7e4                bt_conn_send_cb
 .text.bt_conn_prepare_events
                0x000000000000a8b8       0x78 zephyr/subsys/bluetooth/host/libsubsys__bluetooth__host.a(conn.c.obj)
                0x000000000000a8b8                bt_conn_prepare_events
 .text.bt_conn_add_le
                0x000000000000a930       0x80 zephyr/subsys/bluetooth/host/libsubsys__bluetooth__host.a(conn.c.obj)
                0x000000000000a930                bt_conn_add_le
 .text.bt_conn_set_state
                0x000000000000a9b0      0x180 zephyr/subsys/bluetooth/host/libsubsys__bluetooth__host.a(conn.c.obj)
                0x000000000000a9b0                bt_conn_set_state
 .text.bt_conn_lookup_handle
                0x000000000000ab30       0x34 zephyr/subsys/bluetooth/host/libsubsys__bluetooth__host.a(conn.c.obj)
                0x000000000000ab30                bt_conn_lookup_handle
 .text.bt_conn_lookup_addr_le
                0x000000000000ab64       0x38 zephyr/subsys/bluetooth/host/libsubsys__bluetooth__host.a(conn.c.obj)
                0x000000000000ab64                bt_conn_lookup_addr_le
 .text.bt_conn_lookup_state_le
                0x000000000000ab9c       0x4c zephyr/subsys/bluetooth/host/libsubsys__bluetooth__host.a(conn.c.obj)
                0x000000000000ab9c                bt_conn_lookup_state_le
 .text.send_conn_le_param_update
                0x000000000000abe8       0x5c zephyr/subsys/bluetooth/host/libsubsys__bluetooth__host.a(conn.c.obj)
 .text.conn_update_timeout
                0x000000000000ac44       0xb8 zephyr/subsys/bluetooth/host/libsubsys__bluetooth__host.a(conn.c.obj)
 .text.bt_conn_create_pdu_timeout
                0x000000000000acfc       0x4c zephyr/subsys/bluetooth/host/libsubsys__bluetooth__host.a(conn.c.obj)
                0x000000000000acfc                bt_conn_create_pdu_timeout
 .text.bt_conn_create_frag_timeout
                0x000000000000ad48       0x10 zephyr/subsys/bluetooth/host/libsubsys__bluetooth__host.a(conn.c.obj)
                0x000000000000ad48                bt_conn_create_frag_timeout
 .text.create_frag.isra.0
                0x000000000000ad58       0x68 zephyr/subsys/bluetooth/host/libsubsys__bluetooth__host.a(conn.c.obj)
 .text.bt_conn_process_tx
                0x000000000000adc0       0xd0 zephyr/subsys/bluetooth/host/libsubsys__bluetooth__host.a(conn.c.obj)
                0x000000000000adc0                bt_conn_process_tx
 .text.bt_conn_auth_cb_register
                0x000000000000ae90       0x38 zephyr/subsys/bluetooth/host/libsubsys__bluetooth__host.a(conn.c.obj)
                0x000000000000ae90                bt_conn_auth_cb_register
 .text.bt_conn_index
                0x000000000000aec8       0x18 zephyr/subsys/bluetooth/host/libsubsys__bluetooth__host.a(conn.c.obj)
                0x000000000000aec8                bt_conn_index
 .text.bt_conn_init
                0x000000000000aee0       0x40 zephyr/subsys/bluetooth/host/libsubsys__bluetooth__host.a(conn.c.obj)
                0x000000000000aee0                bt_conn_init
 .text.l2cap_accept
                0x000000000000af20       0x44 zephyr/subsys/bluetooth/host/libsubsys__bluetooth__host.a(l2cap.c.obj)
 .text.l2cap_create_le_sig_pdu.isra.0
                0x000000000000af64       0x50 zephyr/subsys/bluetooth/host/libsubsys__bluetooth__host.a(l2cap.c.obj)
 .text.l2cap_rtx_timeout
                0x000000000000afb4       0x40 zephyr/subsys/bluetooth/host/libsubsys__bluetooth__host.a(l2cap.c.obj)
 .text.bt_l2cap_connected
                0x000000000000aff4       0xb4 zephyr/subsys/bluetooth/host/libsubsys__bluetooth__host.a(l2cap.c.obj)
                0x000000000000aff4                bt_l2cap_connected
 .text.l2cap_recv
                0x000000000000b0a8       0xe4 zephyr/subsys/bluetooth/host/libsubsys__bluetooth__host.a(l2cap.c.obj)
 .text.bt_l2cap_recv
                0x000000000000b18c       0x78 zephyr/subsys/bluetooth/host/libsubsys__bluetooth__host.a(l2cap.c.obj)
                0x000000000000b18c                bt_l2cap_recv
 .text.bt_l2cap_update_conn_param
                0x000000000000b204       0x5c zephyr/subsys/bluetooth/host/libsubsys__bluetooth__host.a(l2cap.c.obj)
                0x000000000000b204                bt_l2cap_update_conn_param
 .text.bt_att_destroy
                0x000000000000b260       0x18 zephyr/subsys/bluetooth/host/libsubsys__bluetooth__host.a(att.c.obj)
                0x000000000000b260                bt_att_destroy
 .text.find_type_cb
                0x000000000000b278      0x104 zephyr/subsys/bluetooth/host/libsubsys__bluetooth__host.a(att.c.obj)
 .text.att_cb.isra.0
                0x000000000000b37c       0x24 zephyr/subsys/bluetooth/host/libsubsys__bluetooth__host.a(att.c.obj)
 .text.att_send
                0x000000000000b3a0       0x68 zephyr/subsys/bluetooth/host/libsubsys__bluetooth__host.a(att.c.obj)
 .text.bt_att_accept
                0x000000000000b408       0x68 zephyr/subsys/bluetooth/host/libsubsys__bluetooth__host.a(att.c.obj)
 .text.bt_att_connected
                0x000000000000b470       0x30 zephyr/subsys/bluetooth/host/libsubsys__bluetooth__host.a(att.c.obj)
 .text.att_chan_get
                0x000000000000b4a0       0x78 zephyr/subsys/bluetooth/host/libsubsys__bluetooth__host.a(att.c.obj)
 .text.att_req_sent
                0x000000000000b518       0x30 zephyr/subsys/bluetooth/host/libsubsys__bluetooth__host.a(att.c.obj)
                0x000000000000b518                att_req_sent
 .text.prep_write_cb
                0x000000000000b548       0x7c zephyr/subsys/bluetooth/host/libsubsys__bluetooth__host.a(att.c.obj)
 .text.bt_att_create_pdu
                0x000000000000b5c4       0x8c zephyr/subsys/bluetooth/host/libsubsys__bluetooth__host.a(att.c.obj)
                0x000000000000b5c4                bt_att_create_pdu
 .text.att_mtu_req
                0x000000000000b650       0x60 zephyr/subsys/bluetooth/host/libsubsys__bluetooth__host.a(att.c.obj)
 .text.send_err_rsp.part.0
                0x000000000000b6b0       0x44 zephyr/subsys/bluetooth/host/libsubsys__bluetooth__host.a(att.c.obj)
 .text.bt_att_recv
                0x000000000000b6f4      0x158 zephyr/subsys/bluetooth/host/libsubsys__bluetooth__host.a(att.c.obj)
 .text.att_write_rsp
                0x000000000000b84c       0xcc zephyr/subsys/bluetooth/host/libsubsys__bluetooth__host.a(att.c.obj)
 .text.att_signed_write_cmd
                0x000000000000b918       0x78 zephyr/subsys/bluetooth/host/libsubsys__bluetooth__host.a(att.c.obj)
 .text.att_exec_write_req
                0x000000000000b990       0x88 zephyr/subsys/bluetooth/host/libsubsys__bluetooth__host.a(att.c.obj)
 .text.att_prepare_write_req
                0x000000000000ba18       0xe4 zephyr/subsys/bluetooth/host/libsubsys__bluetooth__host.a(att.c.obj)
 .text.att_read_group_req
                0x000000000000bafc      0x108 zephyr/subsys/bluetooth/host/libsubsys__bluetooth__host.a(att.c.obj)
 .text.att_read_mult_req
                0x000000000000bc04       0x90 zephyr/subsys/bluetooth/host/libsubsys__bluetooth__host.a(att.c.obj)
 .text.att_read_rsp
                0x000000000000bc94       0x98 zephyr/subsys/bluetooth/host/libsubsys__bluetooth__host.a(att.c.obj)
 .text.att_read_type_req
                0x000000000000bd2c       0xcc zephyr/subsys/bluetooth/host/libsubsys__bluetooth__host.a(att.c.obj)
 .text.att_find_type_req
                0x000000000000bdf8       0xe8 zephyr/subsys/bluetooth/host/libsubsys__bluetooth__host.a(att.c.obj)
 .text.att_find_info_req
                0x000000000000bee0       0x7c zephyr/subsys/bluetooth/host/libsubsys__bluetooth__host.a(att.c.obj)
 .text.bt_att_req_alloc
                0x000000000000bf5c       0x2c zephyr/subsys/bluetooth/host/libsubsys__bluetooth__host.a(att.c.obj)
                0x000000000000bf5c                bt_att_req_alloc
 .text.bt_att_req_free
                0x000000000000bf88       0x18 zephyr/subsys/bluetooth/host/libsubsys__bluetooth__host.a(att.c.obj)
                0x000000000000bf88                bt_att_req_free
 .text.att_handle_rsp
                0x000000000000bfa0       0xac zephyr/subsys/bluetooth/host/libsubsys__bluetooth__host.a(att.c.obj)
 .text.bt_att_encrypt_change
                0x000000000000c04c       0xa8 zephyr/subsys/bluetooth/host/libsubsys__bluetooth__host.a(att.c.obj)
 .text.att_timeout
                0x000000000000c0f4       0x3c zephyr/subsys/bluetooth/host/libsubsys__bluetooth__host.a(att.c.obj)
 .text.bt_att_send
                0x000000000000c130       0xc4 zephyr/subsys/bluetooth/host/libsubsys__bluetooth__host.a(att.c.obj)
                0x000000000000c130                bt_att_send
 .text.find_static_attr
                0x000000000000c1f4       0x48 zephyr/subsys/bluetooth/host/libsubsys__bluetooth__host.a(gatt.c.obj)
 .text.db_hash_store
                0x000000000000c23c       0x40 zephyr/subsys/bluetooth/host/libsubsys__bluetooth__host.a(gatt.c.obj)
 .text.db_hash_set
                0x000000000000c27c       0x40 zephyr/subsys/bluetooth/host/libsubsys__bluetooth__host.a(gatt.c.obj)
 .text.sc_store
                0x000000000000c2bc       0x64 zephyr/subsys/bluetooth/host/libsubsys__bluetooth__host.a(gatt.c.obj)
 .text.sc_clear
                0x000000000000c320       0x78 zephyr/subsys/bluetooth/host/libsubsys__bluetooth__host.a(gatt.c.obj)
 .text.gatt_notify
                0x000000000000c398       0x74 zephyr/subsys/bluetooth/host/libsubsys__bluetooth__host.a(gatt.c.obj)
 .text.gatt_send.constprop.0
                0x000000000000c40c       0x78 zephyr/subsys/bluetooth/host/libsubsys__bluetooth__host.a(gatt.c.obj)
 .text.gatt_indicate
                0x000000000000c484       0x80 zephyr/subsys/bluetooth/host/libsubsys__bluetooth__host.a(gatt.c.obj)
 .text.ccc_load
                0x000000000000c504       0x90 zephyr/subsys/bluetooth/host/libsubsys__bluetooth__host.a(gatt.c.obj)
 .text.ccc_save
                0x000000000000c594       0x38 zephyr/subsys/bluetooth/host/libsubsys__bluetooth__host.a(gatt.c.obj)
 .text.remove_peer_from_attr
                0x000000000000c5cc       0x28 zephyr/subsys/bluetooth/host/libsubsys__bluetooth__host.a(gatt.c.obj)
 .text.bt_gatt_attr_write_ccc
                0x000000000000c5f4       0xc4 zephyr/subsys/bluetooth/host/libsubsys__bluetooth__host.a(gatt.c.obj)
                0x000000000000c5f4                bt_gatt_attr_write_ccc
 .text.sc_commit
                0x000000000000c6b8       0x44 zephyr/subsys/bluetooth/host/libsubsys__bluetooth__host.a(gatt.c.obj)
 .text.find_sc_cfg
                0x000000000000c6fc       0x44 zephyr/subsys/bluetooth/host/libsubsys__bluetooth__host.a(gatt.c.obj)
 .text.sc_save  0x000000000000c740       0x88 zephyr/subsys/bluetooth/host/libsubsys__bluetooth__host.a(gatt.c.obj)
 .text.notify_cb
                0x000000000000c7c8       0xd8 zephyr/subsys/bluetooth/host/libsubsys__bluetooth__host.a(gatt.c.obj)
 .text.disconnected_cb
                0x000000000000c8a0       0x8c zephyr/subsys/bluetooth/host/libsubsys__bluetooth__host.a(gatt.c.obj)
 .text.sc_set   0x000000000000c92c      0x108 zephyr/subsys/bluetooth/host/libsubsys__bluetooth__host.a(gatt.c.obj)
 .text.find_cf_cfg_by_addr
                0x000000000000ca34       0x44 zephyr/subsys/bluetooth/host/libsubsys__bluetooth__host.a(gatt.c.obj)
 .text.find_cf_cfg
                0x000000000000ca78       0x60 zephyr/subsys/bluetooth/host/libsubsys__bluetooth__host.a(gatt.c.obj)
 .text.cf_write
                0x000000000000cad8       0xb0 zephyr/subsys/bluetooth/host/libsubsys__bluetooth__host.a(gatt.c.obj)
 .text.sc_indicate_rsp
                0x000000000000cb88       0x60 zephyr/subsys/bluetooth/host/libsubsys__bluetooth__host.a(gatt.c.obj)
 .text.cf_set   0x000000000000cbe8       0xe8 zephyr/subsys/bluetooth/host/libsubsys__bluetooth__host.a(gatt.c.obj)
 .text.read_ppcp
                0x000000000000ccd0       0x38 zephyr/subsys/bluetooth/host/libsubsys__bluetooth__host.a(gatt.c.obj)
 .text.bt_gatt_init
                0x000000000000cd08       0x9c zephyr/subsys/bluetooth/host/libsubsys__bluetooth__host.a(gatt.c.obj)
                0x000000000000cd08                bt_gatt_init
 .text.bt_gatt_attr_value_handle
                0x000000000000cda4       0x30 zephyr/subsys/bluetooth/host/libsubsys__bluetooth__host.a(gatt.c.obj)
                0x000000000000cda4                bt_gatt_attr_value_handle
 .text.bt_gatt_foreach_attr_type
                0x000000000000cdd4       0xc0 zephyr/subsys/bluetooth/host/libsubsys__bluetooth__host.a(gatt.c.obj)
                0x000000000000cdd4                bt_gatt_foreach_attr_type
 .text.db_hash_gen
                0x000000000000ce94       0x98 zephyr/subsys/bluetooth/host/libsubsys__bluetooth__host.a(gatt.c.obj)
 .text.db_hash_commit
                0x000000000000cf2c       0xa8 zephyr/subsys/bluetooth/host/libsubsys__bluetooth__host.a(gatt.c.obj)
 .text.ccc_set_direct
                0x000000000000cfd4      0x110 zephyr/subsys/bluetooth/host/libsubsys__bluetooth__host.a(gatt.c.obj)
 .text.bt_gatt_notify_cb
                0x000000000000d0e4       0xf8 zephyr/subsys/bluetooth/host/libsubsys__bluetooth__host.a(gatt.c.obj)
                0x000000000000d0e4                bt_gatt_notify_cb
 .text.bt_gatt_indicate
                0x000000000000d1dc       0xf8 zephyr/subsys/bluetooth/host/libsubsys__bluetooth__host.a(gatt.c.obj)
                0x000000000000d1dc                bt_gatt_indicate
 .text.sc_process
                0x000000000000d2d4       0x68 zephyr/subsys/bluetooth/host/libsubsys__bluetooth__host.a(gatt.c.obj)
 .text.update_ccc
                0x000000000000d33c      0x124 zephyr/subsys/bluetooth/host/libsubsys__bluetooth__host.a(gatt.c.obj)
 .text.bt_gatt_connected
                0x000000000000d460       0x78 zephyr/subsys/bluetooth/host/libsubsys__bluetooth__host.a(gatt.c.obj)
                0x000000000000d460                bt_gatt_connected
 .text.bt_gatt_encrypt_change
                0x000000000000d4d8       0x20 zephyr/subsys/bluetooth/host/libsubsys__bluetooth__host.a(gatt.c.obj)
                0x000000000000d4d8                bt_gatt_encrypt_change
 .text.db_hash_read
                0x000000000000d4f8       0x50 zephyr/subsys/bluetooth/host/libsubsys__bluetooth__host.a(gatt.c.obj)
 .text.bt_gatt_store_ccc
                0x000000000000d548       0x88 zephyr/subsys/bluetooth/host/libsubsys__bluetooth__host.a(gatt.c.obj)
                0x000000000000d548                bt_gatt_store_ccc
 .text.bt_gatt_disconnected
                0x000000000000d5d0       0xf0 zephyr/subsys/bluetooth/host/libsubsys__bluetooth__host.a(gatt.c.obj)
                0x000000000000d5d0                bt_gatt_disconnected
 .text.bt_gatt_clear
                0x000000000000d6c0       0x9c zephyr/subsys/bluetooth/host/libsubsys__bluetooth__host.a(gatt.c.obj)
                0x000000000000d6c0                bt_gatt_clear
 .text.get_io_capa
                0x000000000000d75c       0x4c zephyr/subsys/bluetooth/host/libsubsys__bluetooth__host.a(smp.c.obj)
 .text.smp_sign_buf
                0x000000000000d7a8       0x80 zephyr/subsys/bluetooth/host/libsubsys__bluetooth__host.a(smp.c.obj)
 .text.get_auth.isra.0
                0x000000000000d828       0x3c zephyr/subsys/bluetooth/host/libsubsys__bluetooth__host.a(smp.c.obj)
 .text.smp_chan_get
                0x000000000000d864       0x30 zephyr/subsys/bluetooth/host/libsubsys__bluetooth__host.a(smp.c.obj)
 .text.bt_smp_accept
                0x000000000000d894       0x44 zephyr/subsys/bluetooth/host/libsubsys__bluetooth__host.a(smp.c.obj)
 .text.smp_init
                0x000000000000d8d8       0x3c zephyr/subsys/bluetooth/host/libsubsys__bluetooth__host.a(smp.c.obj)
 .text.smp_send.isra.0
                0x000000000000d914       0x2c zephyr/subsys/bluetooth/host/libsubsys__bluetooth__host.a(smp.c.obj)
 .text.smp_send_pairing_confirm
                0x000000000000d940       0x80 zephyr/subsys/bluetooth/host/libsubsys__bluetooth__host.a(smp.c.obj)
 .text.smp_public_key_slave.part.0
                0x000000000000d9c0       0xc8 zephyr/subsys/bluetooth/host/libsubsys__bluetooth__host.a(smp.c.obj)
 .text.compute_and_check_and_send_slave_dhcheck
                0x000000000000da88      0x1d0 zephyr/subsys/bluetooth/host/libsubsys__bluetooth__host.a(smp.c.obj)
 .text.sc_send_public_key
                0x000000000000dc58       0x44 zephyr/subsys/bluetooth/host/libsubsys__bluetooth__host.a(smp.c.obj)
 .text.smp_ident_info
                0x000000000000dc9c       0x70 zephyr/subsys/bluetooth/host/libsubsys__bluetooth__host.a(smp.c.obj)
 .text.smp_encrypt_info
                0x000000000000dd0c       0x70 zephyr/subsys/bluetooth/host/libsubsys__bluetooth__host.a(smp.c.obj)
 .text.smp_pairing_req
                0x000000000000dd7c      0x3a0 zephyr/subsys/bluetooth/host/libsubsys__bluetooth__host.a(smp.c.obj)
 .text.smp_pairing_complete
                0x000000000000e11c       0x84 zephyr/subsys/bluetooth/host/libsubsys__bluetooth__host.a(smp.c.obj)
 .text.bt_smp_dhkey_ready
                0x000000000000e1a0       0x6c zephyr/subsys/bluetooth/host/libsubsys__bluetooth__host.a(smp.c.obj)
 .text.bt_smp_recv
                0x000000000000e20c      0x100 zephyr/subsys/bluetooth/host/libsubsys__bluetooth__host.a(smp.c.obj)
 .text.bt_smp_pkey_ready
                0x000000000000e30c       0x70 zephyr/subsys/bluetooth/host/libsubsys__bluetooth__host.a(smp.c.obj)
 .text.smp_pairing_failed
                0x000000000000e37c       0x68 zephyr/subsys/bluetooth/host/libsubsys__bluetooth__host.a(smp.c.obj)
 .text.smp_timeout
                0x000000000000e3e4       0x3c zephyr/subsys/bluetooth/host/libsubsys__bluetooth__host.a(smp.c.obj)
 .text.smp_signing_info
                0x000000000000e420       0x80 zephyr/subsys/bluetooth/host/libsubsys__bluetooth__host.a(smp.c.obj)
 .text.smp_master_ident
                0x000000000000e4a0       0xa8 zephyr/subsys/bluetooth/host/libsubsys__bluetooth__host.a(smp.c.obj)
 .text.bt_smp_connected
                0x000000000000e548       0x1c zephyr/subsys/bluetooth/host/libsubsys__bluetooth__host.a(smp.c.obj)
 .text.bt_smp_encrypt_change
                0x000000000000e564      0x2e4 zephyr/subsys/bluetooth/host/libsubsys__bluetooth__host.a(smp.c.obj)
 .text.smp_pairing_random
                0x000000000000e848      0x244 zephyr/subsys/bluetooth/host/libsubsys__bluetooth__host.a(smp.c.obj)
 .text.smp_public_key
                0x000000000000ea8c       0xb8 zephyr/subsys/bluetooth/host/libsubsys__bluetooth__host.a(smp.c.obj)
 .text.smp_ident_addr_info
                0x000000000000eb44      0x13c zephyr/subsys/bluetooth/host/libsubsys__bluetooth__host.a(smp.c.obj)
 .text.bt_smp_sign_verify
                0x000000000000ec80       0xf8 zephyr/subsys/bluetooth/host/libsubsys__bluetooth__host.a(smp.c.obj)
                0x000000000000ec80                bt_smp_sign_verify
 .text.bt_smp_sign
                0x000000000000ed78       0xb4 zephyr/subsys/bluetooth/host/libsubsys__bluetooth__host.a(smp.c.obj)
                0x000000000000ed78                bt_smp_sign
 .text.bt_smp_start_security
                0x000000000000ee2c      0x184 zephyr/subsys/bluetooth/host/libsubsys__bluetooth__host.a(smp.c.obj)
                0x000000000000ee2c                bt_smp_start_security
 .text.bt_smp_update_keys
                0x000000000000efb0      0x11c zephyr/subsys/bluetooth/host/libsubsys__bluetooth__host.a(smp.c.obj)
                0x000000000000efb0                bt_smp_update_keys
 .text.bt_smp_init
                0x000000000000f0cc       0x2c zephyr/subsys/bluetooth/host/libsubsys__bluetooth__host.a(smp.c.obj)
                0x000000000000f0cc                bt_smp_init
 .text.bt_keys_get_addr
                0x000000000000f0f8       0x80 zephyr/subsys/bluetooth/host/libsubsys__bluetooth__host.a(keys.c.obj)
                0x000000000000f0f8                bt_keys_get_addr
 .text.bt_foreach_bond
                0x000000000000f178       0x2c zephyr/subsys/bluetooth/host/libsubsys__bluetooth__host.a(keys.c.obj)
                0x000000000000f178                bt_foreach_bond
 .text.bt_keys_foreach
                0x000000000000f1a4       0x1c zephyr/subsys/bluetooth/host/libsubsys__bluetooth__host.a(keys.c.obj)
                0x000000000000f1a4                bt_keys_foreach
 .text.keys_commit
                0x000000000000f1c0       0x14 zephyr/subsys/bluetooth/host/libsubsys__bluetooth__host.a(keys.c.obj)
 .text.bt_keys_find
                0x000000000000f1d4       0x2c zephyr/subsys/bluetooth/host/libsubsys__bluetooth__host.a(keys.c.obj)
                0x000000000000f1d4                bt_keys_find
 .text.bt_keys_find_irk
                0x000000000000f200       0x74 zephyr/subsys/bluetooth/host/libsubsys__bluetooth__host.a(keys.c.obj)
                0x000000000000f200                bt_keys_find_irk
 .text.bt_keys_find_addr
                0x000000000000f274       0x20 zephyr/subsys/bluetooth/host/libsubsys__bluetooth__host.a(keys.c.obj)
                0x000000000000f274                bt_keys_find_addr
 .text.bt_keys_clear
                0x000000000000f294       0x4c zephyr/subsys/bluetooth/host/libsubsys__bluetooth__host.a(keys.c.obj)
                0x000000000000f294                bt_keys_clear
 .text.keys_set
                0x000000000000f2e0      0x160 zephyr/subsys/bluetooth/host/libsubsys__bluetooth__host.a(keys.c.obj)
 .text.bt_keys_store
                0x000000000000f440       0x68 zephyr/subsys/bluetooth/host/libsubsys__bluetooth__host.a(keys.c.obj)
                0x000000000000f440                bt_keys_store
 .text.bt_keys_update_usage
                0x000000000000f4a8       0x28 zephyr/subsys/bluetooth/host/libsubsys__bluetooth__host.a(keys.c.obj)
                0x000000000000f4a8                bt_keys_update_usage
 .text.mem_init
                0x000000000000f4d0       0x5c zephyr/subsys/bluetooth/controller/libsubsys__bluetooth__controller.a(mem.c.obj)
                0x000000000000f4d0                mem_init
 .text.mem_acquire
                0x000000000000f52c       0x34 zephyr/subsys/bluetooth/controller/libsubsys__bluetooth__controller.a(mem.c.obj)
                0x000000000000f52c                mem_acquire
 .text.mem_release
                0x000000000000f560       0x30 zephyr/subsys/bluetooth/controller/libsubsys__bluetooth__controller.a(mem.c.obj)
                0x000000000000f560                mem_release
 .text.mem_get  0x000000000000f590        0x8 zephyr/subsys/bluetooth/controller/libsubsys__bluetooth__controller.a(mem.c.obj)
                0x000000000000f590                mem_get
 .text.mem_index_get
                0x000000000000f598        0xc zephyr/subsys/bluetooth/controller/libsubsys__bluetooth__controller.a(mem.c.obj)
                0x000000000000f598                mem_index_get
 .text.mem_rcopy
                0x000000000000f5a4       0x1c zephyr/subsys/bluetooth/controller/libsubsys__bluetooth__controller.a(mem.c.obj)
                0x000000000000f5a4                mem_rcopy
 .text.mem_nz   0x000000000000f5c0       0x18 zephyr/subsys/bluetooth/controller/libsubsys__bluetooth__controller.a(mem.c.obj)
                0x000000000000f5c0                mem_nz
 .text.memq_init
                0x000000000000f5d8        0x8 zephyr/subsys/bluetooth/controller/libsubsys__bluetooth__controller.a(memq.c.obj)
                0x000000000000f5d8                memq_init
 .text.memq_deinit
                0x000000000000f5e0       0x14 zephyr/subsys/bluetooth/controller/libsubsys__bluetooth__controller.a(memq.c.obj)
                0x000000000000f5e0                memq_deinit
 .text.memq_enqueue
                0x000000000000f5f4       0x10 zephyr/subsys/bluetooth/controller/libsubsys__bluetooth__controller.a(memq.c.obj)
                0x000000000000f5f4                memq_enqueue
 .text.memq_peek
                0x000000000000f604       0x10 zephyr/subsys/bluetooth/controller/libsubsys__bluetooth__controller.a(memq.c.obj)
                0x000000000000f604                memq_peek
 .text.memq_dequeue
                0x000000000000f614       0x20 zephyr/subsys/bluetooth/controller/libsubsys__bluetooth__controller.a(memq.c.obj)
                0x000000000000f614                memq_dequeue
 .text.mayfly_init
                0x000000000000f634       0x40 zephyr/subsys/bluetooth/controller/libsubsys__bluetooth__controller.a(mayfly.c.obj)
                0x000000000000f634                mayfly_init
 .text.mayfly_enable
                0x000000000000f674       0x68 zephyr/subsys/bluetooth/controller/libsubsys__bluetooth__controller.a(mayfly.c.obj)
                0x000000000000f674                mayfly_enable
 .text.mayfly_enqueue
                0x000000000000f6dc       0xa8 zephyr/subsys/bluetooth/controller/libsubsys__bluetooth__controller.a(mayfly.c.obj)
                0x000000000000f6dc                mayfly_enqueue
 .text.mayfly_run
                0x000000000000f784      0x144 zephyr/subsys/bluetooth/controller/libsubsys__bluetooth__controller.a(mayfly.c.obj)
                0x000000000000f784                mayfly_run
 .text.util_ones_count_get
                0x000000000000f8c8       0x30 zephyr/subsys/bluetooth/controller/libsubsys__bluetooth__controller.a(util.c.obj)
                0x000000000000f8c8                util_ones_count_get
 .text.util_rand
                0x000000000000f8f8       0x34 zephyr/subsys/bluetooth/controller/libsubsys__bluetooth__controller.a(util.c.obj)
                0x000000000000f8f8                util_rand
 .text.ticker_dequeue.isra.0
                0x000000000000f92c       0x70 zephyr/subsys/bluetooth/controller/libsubsys__bluetooth__controller.a(ticker.c.obj)
 .text.ticker_job_list_insert
                0x000000000000f99c      0x3d4 zephyr/subsys/bluetooth/controller/libsubsys__bluetooth__controller.a(ticker.c.obj)
 .text.ticker_worker
                0x000000000000fd70       0xc4 zephyr/subsys/bluetooth/controller/libsubsys__bluetooth__controller.a(ticker.c.obj)
                0x000000000000fd70                ticker_worker
 .text.ticker_job
                0x000000000000fe34      0x6a4 zephyr/subsys/bluetooth/controller/libsubsys__bluetooth__controller.a(ticker.c.obj)
                0x000000000000fe34                ticker_job
 .text.ticker_init
                0x00000000000104d8       0x64 zephyr/subsys/bluetooth/controller/libsubsys__bluetooth__controller.a(ticker.c.obj)
                0x00000000000104d8                ticker_init
 .text.ticker_is_initialized
                0x000000000001053c       0x18 zephyr/subsys/bluetooth/controller/libsubsys__bluetooth__controller.a(ticker.c.obj)
                0x000000000001053c                ticker_is_initialized
 .text.ticker_trigger
                0x0000000000010554       0x30 zephyr/subsys/bluetooth/controller/libsubsys__bluetooth__controller.a(ticker.c.obj)
                0x0000000000010554                ticker_trigger
 .text.ticker_start
                0x0000000000010584       0xa8 zephyr/subsys/bluetooth/controller/libsubsys__bluetooth__controller.a(ticker.c.obj)
                0x0000000000010584                ticker_start
 .text.ticker_update
                0x000000000001062c       0xa4 zephyr/subsys/bluetooth/controller/libsubsys__bluetooth__controller.a(ticker.c.obj)
                0x000000000001062c                ticker_update
 .text.ticker_stop
                0x00000000000106d0       0x84 zephyr/subsys/bluetooth/controller/libsubsys__bluetooth__controller.a(ticker.c.obj)
                0x00000000000106d0                ticker_stop
 .text.ticker_ticks_now_get
                0x0000000000010754        0x4 zephyr/subsys/bluetooth/controller/libsubsys__bluetooth__controller.a(ticker.c.obj)
                0x0000000000010754                ticker_ticks_now_get
 .text.ticker_ticks_diff_get
                0x0000000000010758        0x8 zephyr/subsys/bluetooth/controller/libsubsys__bluetooth__controller.a(ticker.c.obj)
                0x0000000000010758                ticker_ticks_diff_get
 .text.ll_addr_get
                0x0000000000010760       0x3c zephyr/subsys/bluetooth/controller/libsubsys__bluetooth__controller.a(ll_addr.c.obj)
                0x0000000000010760                ll_addr_get
 .text.ll_addr_set
                0x000000000001079c       0x38 zephyr/subsys/bluetooth/controller/libsubsys__bluetooth__controller.a(ll_addr.c.obj)
                0x000000000001079c                ll_addr_set
 .text.ll_tx_pwr_lvl_get
                0x00000000000107d4       0x20 zephyr/subsys/bluetooth/controller/libsubsys__bluetooth__controller.a(ll_tx_pwr.c.obj)
                0x00000000000107d4                ll_tx_pwr_lvl_get
 .text.ll_tx_pwr_get
                0x00000000000107f4        0x8 zephyr/subsys/bluetooth/controller/libsubsys__bluetooth__controller.a(ll_tx_pwr.c.obj)
                0x00000000000107f4                ll_tx_pwr_get
 .text.hci_driver_init
                0x00000000000107fc       0x10 zephyr/subsys/bluetooth/controller/libsubsys__bluetooth__controller.a(hci_driver.c.obj)
 .text.recv_thread
                0x000000000001080c       0xe4 zephyr/subsys/bluetooth/controller/libsubsys__bluetooth__controller.a(hci_driver.c.obj)
 .text.prio_recv_thread
                0x00000000000108f0       0x6c zephyr/subsys/bluetooth/controller/libsubsys__bluetooth__controller.a(hci_driver.c.obj)
 .text.hci_driver_send
                0x000000000001095c       0xb0 zephyr/subsys/bluetooth/controller/libsubsys__bluetooth__controller.a(hci_driver.c.obj)
 .text.hci_driver_open
                0x0000000000010a0c       0xb0 zephyr/subsys/bluetooth/controller/libsubsys__bluetooth__controller.a(hci_driver.c.obj)
 .text.meta_evt
                0x0000000000010abc       0x30 zephyr/subsys/bluetooth/controller/libsubsys__bluetooth__controller.a(hci.c.obj)
 .text.cmd_status
                0x0000000000010aec       0x44 zephyr/subsys/bluetooth/controller/libsubsys__bluetooth__controller.a(hci.c.obj)
 .text.le_remote_feat_complete
                0x0000000000010b30       0x6c zephyr/subsys/bluetooth/controller/libsubsys__bluetooth__controller.a(hci.c.obj)
 .text.encrypt_change.part.0
                0x0000000000010b9c       0x34 zephyr/subsys/bluetooth/controller/libsubsys__bluetooth__controller.a(hci.c.obj)
 .text.hci_cmd_complete
                0x0000000000010bd0       0x50 zephyr/subsys/bluetooth/controller/libsubsys__bluetooth__controller.a(hci.c.obj)
                0x0000000000010bd0                hci_cmd_complete
 .text.hci_vendor_cmd_handle_common
                0x0000000000010c20      0x278 zephyr/subsys/bluetooth/controller/libsubsys__bluetooth__controller.a(hci.c.obj)
                0x0000000000010c20                hci_vendor_cmd_handle_common
 .text.hci_cmd_handle
                0x0000000000010e98      0x7cc zephyr/subsys/bluetooth/controller/libsubsys__bluetooth__controller.a(hci.c.obj)
                0x0000000000010e98                hci_cmd_handle
 .text.hci_acl_handle
                0x0000000000011664      0x12c zephyr/subsys/bluetooth/controller/libsubsys__bluetooth__controller.a(hci.c.obj)
                0x0000000000011664                hci_acl_handle
 .text.hci_acl_encode
                0x0000000000011790       0x7c zephyr/subsys/bluetooth/controller/libsubsys__bluetooth__controller.a(hci.c.obj)
                0x0000000000011790                hci_acl_encode
 .text.hci_evt_encode
                0x000000000001180c      0x550 zephyr/subsys/bluetooth/controller/libsubsys__bluetooth__controller.a(hci.c.obj)
                0x000000000001180c                hci_evt_encode
 .text.hci_num_cmplt_encode
                0x0000000000011d5c       0x30 zephyr/subsys/bluetooth/controller/libsubsys__bluetooth__controller.a(hci.c.obj)
                0x0000000000011d5c                hci_num_cmplt_encode
 .text.hci_get_class
                0x0000000000011d8c       0x2c zephyr/subsys/bluetooth/controller/libsubsys__bluetooth__controller.a(hci.c.obj)
                0x0000000000011d8c                hci_get_class
 .text.hci_init
                0x0000000000011db8       0x34 zephyr/subsys/bluetooth/controller/libsubsys__bluetooth__controller.a(hci.c.obj)
                0x0000000000011db8                hci_init
 .text.bt_rand  0x0000000000011dec        0x4 zephyr/subsys/bluetooth/controller/libsubsys__bluetooth__controller.a(crypto.c.obj)
                0x0000000000011dec                bt_rand
 .text.bt_encrypt_le
                0x0000000000011df0        0xc zephyr/subsys/bluetooth/controller/libsubsys__bluetooth__controller.a(crypto.c.obj)
                0x0000000000011df0                bt_encrypt_le
 .text.perform_lll_reset
                0x0000000000011dfc       0x94 zephyr/subsys/bluetooth/controller/libsubsys__bluetooth__controller.a(ull.c.obj)
 .text.disabled_cb
                0x0000000000011e90        0x4 zephyr/subsys/bluetooth/controller/libsubsys__bluetooth__controller.a(ull.c.obj)
 .text.tx_cmplt_get
                0x0000000000011e94       0xcc zephyr/subsys/bluetooth/controller/libsubsys__bluetooth__controller.a(ull.c.obj)
 .text.rx_demux
                0x0000000000011f60      0x3ac zephyr/subsys/bluetooth/controller/libsubsys__bluetooth__controller.a(ull.c.obj)
 .text.ll_init  0x000000000001230c      0x370 zephyr/subsys/bluetooth/controller/libsubsys__bluetooth__controller.a(ull.c.obj)
                0x000000000001230c                ll_init
 .text.ll_reset
                0x000000000001267c      0x2bc zephyr/subsys/bluetooth/controller/libsubsys__bluetooth__controller.a(ull.c.obj)
                0x000000000001267c                ll_reset
 .text.ll_rx_get
                0x0000000000012938      0x1b4 zephyr/subsys/bluetooth/controller/libsubsys__bluetooth__controller.a(ull.c.obj)
                0x0000000000012938                ll_rx_get
 .text.ll_rx_dequeue
                0x0000000000012aec      0x1a0 zephyr/subsys/bluetooth/controller/libsubsys__bluetooth__controller.a(ull.c.obj)
                0x0000000000012aec                ll_rx_dequeue
 .text.ll_rx_mem_release
                0x0000000000012c8c      0x250 zephyr/subsys/bluetooth/controller/libsubsys__bluetooth__controller.a(ull.c.obj)
                0x0000000000012c8c                ll_rx_mem_release
 .text.ll_rx_link_alloc
                0x0000000000012edc        0xc zephyr/subsys/bluetooth/controller/libsubsys__bluetooth__controller.a(ull.c.obj)
                0x0000000000012edc                ll_rx_link_alloc
 .text.ll_rx_link_release
                0x0000000000012ee8        0xc zephyr/subsys/bluetooth/controller/libsubsys__bluetooth__controller.a(ull.c.obj)
                0x0000000000012ee8                ll_rx_link_release
 .text.ll_rx_alloc
                0x0000000000012ef4        0xc zephyr/subsys/bluetooth/controller/libsubsys__bluetooth__controller.a(ull.c.obj)
                0x0000000000012ef4                ll_rx_alloc
 .text.ll_rx_release
                0x0000000000012f00        0xc zephyr/subsys/bluetooth/controller/libsubsys__bluetooth__controller.a(ull.c.obj)
                0x0000000000012f00                ll_rx_release
 .text.ll_rx_put
                0x0000000000012f0c       0x14 zephyr/subsys/bluetooth/controller/libsubsys__bluetooth__controller.a(ull.c.obj)
                0x0000000000012f0c                ll_rx_put
 .text.ll_rx_sched
                0x0000000000012f20        0xc zephyr/subsys/bluetooth/controller/libsubsys__bluetooth__controller.a(ull.c.obj)
                0x0000000000012f20                ll_rx_sched
 .text.ll_pdu_rx_alloc_peek
                0x0000000000012f2c       0x3c zephyr/subsys/bluetooth/controller/libsubsys__bluetooth__controller.a(ull.c.obj)
                0x0000000000012f2c                ll_pdu_rx_alloc_peek
 .text.ll_pdu_rx_alloc
                0x0000000000012f68       0x30 zephyr/subsys/bluetooth/controller/libsubsys__bluetooth__controller.a(ull.c.obj)
                0x0000000000012f68                ll_pdu_rx_alloc
 .text.ll_tx_ack_put
                0x0000000000012f98       0x60 zephyr/subsys/bluetooth/controller/libsubsys__bluetooth__controller.a(ull.c.obj)
                0x0000000000012f98                ll_tx_ack_put
 .text.ll_timeslice_ticker_id_get
                0x0000000000012ff8        0xc zephyr/subsys/bluetooth/controller/libsubsys__bluetooth__controller.a(ull.c.obj)
                0x0000000000012ff8                ll_timeslice_ticker_id_get
 .text.ll_radio_state_abort
                0x0000000000013004       0x40 zephyr/subsys/bluetooth/controller/libsubsys__bluetooth__controller.a(ull.c.obj)
                0x0000000000013004                ll_radio_state_abort
 .text.ull_ticker_status_give
                0x0000000000013044        0xc zephyr/subsys/bluetooth/controller/libsubsys__bluetooth__controller.a(ull.c.obj)
                0x0000000000013044                ull_ticker_status_give
 .text.ull_ticker_status_take
                0x0000000000013050       0x18 zephyr/subsys/bluetooth/controller/libsubsys__bluetooth__controller.a(ull.c.obj)
                0x0000000000013050                ull_ticker_status_take
 .text.ull_disable_mark
                0x0000000000013068       0x18 zephyr/subsys/bluetooth/controller/libsubsys__bluetooth__controller.a(ull.c.obj)
                0x0000000000013068                ull_disable_mark
 .text.ull_disable_unmark
                0x0000000000013080       0x18 zephyr/subsys/bluetooth/controller/libsubsys__bluetooth__controller.a(ull.c.obj)
                0x0000000000013080                ull_disable_unmark
 .text.ull_disable_mark_get
                0x0000000000013098        0xc zephyr/subsys/bluetooth/controller/libsubsys__bluetooth__controller.a(ull.c.obj)
                0x0000000000013098                ull_disable_mark_get
 .text.ull_update_mark
                0x00000000000130a4       0x18 zephyr/subsys/bluetooth/controller/libsubsys__bluetooth__controller.a(ull.c.obj)
                0x00000000000130a4                ull_update_mark
 .text.ull_update_unmark
                0x00000000000130bc       0x18 zephyr/subsys/bluetooth/controller/libsubsys__bluetooth__controller.a(ull.c.obj)
                0x00000000000130bc                ull_update_unmark
 .text.ull_update_mark_get
                0x00000000000130d4        0xc zephyr/subsys/bluetooth/controller/libsubsys__bluetooth__controller.a(ull.c.obj)
                0x00000000000130d4                ull_update_mark_get
 .text.ull_disable
                0x00000000000130e0       0x78 zephyr/subsys/bluetooth/controller/libsubsys__bluetooth__controller.a(ull.c.obj)
                0x00000000000130e0                ull_disable
 .text.ull_pdu_rx_alloc_peek
                0x0000000000013158       0x3c zephyr/subsys/bluetooth/controller/libsubsys__bluetooth__controller.a(ull.c.obj)
                0x0000000000013158                ull_pdu_rx_alloc_peek
 .text.ull_pdu_rx_alloc
                0x0000000000013194       0x30 zephyr/subsys/bluetooth/controller/libsubsys__bluetooth__controller.a(ull.c.obj)
                0x0000000000013194                ull_pdu_rx_alloc
 .text.ull_rx_put
                0x00000000000131c4       0x20 zephyr/subsys/bluetooth/controller/libsubsys__bluetooth__controller.a(ull.c.obj)
                0x00000000000131c4                ull_rx_put
 .text.ull_rx_sched
                0x00000000000131e4       0x10 zephyr/subsys/bluetooth/controller/libsubsys__bluetooth__controller.a(ull.c.obj)
                0x00000000000131e4                ull_rx_sched
 .text.ull_prepare_enqueue
                0x00000000000131f4       0x70 zephyr/subsys/bluetooth/controller/libsubsys__bluetooth__controller.a(ull.c.obj)
                0x00000000000131f4                ull_prepare_enqueue
 .text.ull_prepare_dequeue_get
                0x0000000000013264       0x1c zephyr/subsys/bluetooth/controller/libsubsys__bluetooth__controller.a(ull.c.obj)
                0x0000000000013264                ull_prepare_dequeue_get
 .text.ull_prepare_dequeue_iter
                0x0000000000013280       0x3c zephyr/subsys/bluetooth/controller/libsubsys__bluetooth__controller.a(ull.c.obj)
                0x0000000000013280                ull_prepare_dequeue_iter
 .text.ull_event_done_extra_get
                0x00000000000132bc       0x20 zephyr/subsys/bluetooth/controller/libsubsys__bluetooth__controller.a(ull.c.obj)
                0x00000000000132bc                ull_event_done_extra_get
 .text.ull_event_done
                0x00000000000132dc       0x60 zephyr/subsys/bluetooth/controller/libsubsys__bluetooth__controller.a(ull.c.obj)
                0x00000000000132dc                ull_event_done
 .text.lll_chan_sel_1
                0x000000000001333c       0x78 zephyr/subsys/bluetooth/controller/libsubsys__bluetooth__controller.a(lll_chan.c.obj)
                0x000000000001333c                lll_chan_sel_1
 .text.lll_chan_sel_2
                0x00000000000133b4       0xcc zephyr/subsys/bluetooth/controller/libsubsys__bluetooth__controller.a(lll_chan.c.obj)
                0x00000000000133b4                lll_chan_sel_2
 .text.disabled_cb
                0x0000000000013480       0xa8 zephyr/subsys/bluetooth/controller/libsubsys__bluetooth__controller.a(ull_adv.c.obj)
 .text.ticker_cb
                0x0000000000013528      0x120 zephyr/subsys/bluetooth/controller/libsubsys__bluetooth__controller.a(ull_adv.c.obj)
 .text.ticker_op_stop_cb
                0x0000000000013648       0xa0 zephyr/subsys/bluetooth/controller/libsubsys__bluetooth__controller.a(ull_adv.c.obj)
 .text.ticker_op_update_cb
                0x00000000000136e8       0x38 zephyr/subsys/bluetooth/controller/libsubsys__bluetooth__controller.a(ull_adv.c.obj)
 .text.ticker_stop_cb
                0x0000000000013720       0x88 zephyr/subsys/bluetooth/controller/libsubsys__bluetooth__controller.a(ull_adv.c.obj)
 .text.ll_adv_params_set
                0x00000000000137a8      0x13c zephyr/subsys/bluetooth/controller/libsubsys__bluetooth__controller.a(ull_adv.c.obj)
                0x00000000000137a8                ll_adv_params_set
 .text.ll_adv_data_set
                0x00000000000138e4       0x90 zephyr/subsys/bluetooth/controller/libsubsys__bluetooth__controller.a(ull_adv.c.obj)
                0x00000000000138e4                ll_adv_data_set
 .text.ll_adv_scan_rsp_set
                0x0000000000013974       0x78 zephyr/subsys/bluetooth/controller/libsubsys__bluetooth__controller.a(ull_adv.c.obj)
                0x0000000000013974                ll_adv_scan_rsp_set
 .text.ull_adv_init
                0x00000000000139ec        0x4 zephyr/subsys/bluetooth/controller/libsubsys__bluetooth__controller.a(ull_adv.c.obj)
                0x00000000000139ec                ull_adv_init
 .text.ull_adv_reset
                0x00000000000139f0      0x1b0 zephyr/subsys/bluetooth/controller/libsubsys__bluetooth__controller.a(ull_adv.c.obj)
                0x00000000000139f0                ull_adv_reset
 .text.ull_adv_handle_get
                0x0000000000013ba0       0x1c zephyr/subsys/bluetooth/controller/libsubsys__bluetooth__controller.a(ull_adv.c.obj)
                0x0000000000013ba0                ull_adv_handle_get
 .text.ull_adv_lll_handle_get
                0x0000000000013bbc       0x1c zephyr/subsys/bluetooth/controller/libsubsys__bluetooth__controller.a(ull_adv.c.obj)
                0x0000000000013bbc                ull_adv_lll_handle_get
 .text.ull_adv_is_enabled_get
                0x0000000000013bd8       0x1c zephyr/subsys/bluetooth/controller/libsubsys__bluetooth__controller.a(ull_adv.c.obj)
                0x0000000000013bd8                ull_adv_is_enabled_get
 .text.ull_adv_is_enabled
                0x0000000000013bf4       0x18 zephyr/subsys/bluetooth/controller/libsubsys__bluetooth__controller.a(ull_adv.c.obj)
                0x0000000000013bf4                ull_adv_is_enabled
 .text.ull_adv_filter_pol_get
                0x0000000000013c0c       0x20 zephyr/subsys/bluetooth/controller/libsubsys__bluetooth__controller.a(ull_adv.c.obj)
                0x0000000000013c0c                ull_adv_filter_pol_get
 .text.tx_ull_dequeue
                0x0000000000013c2c       0x84 zephyr/subsys/bluetooth/controller/libsubsys__bluetooth__controller.a(ull_conn.c.obj)
 .text.ticker_update_latency_cancel_op_cb
                0x0000000000013cb0       0x48 zephyr/subsys/bluetooth/controller/libsubsys__bluetooth__controller.a(ull_conn.c.obj)
 .text.ctrl_tx_pause_enqueue
                0x0000000000013cf8       0xb0 zephyr/subsys/bluetooth/controller/libsubsys__bluetooth__controller.a(ull_conn.c.obj)
 .text.init_reset
                0x0000000000013da8       0x74 zephyr/subsys/bluetooth/controller/libsubsys__bluetooth__controller.a(ull_conn.c.obj)
 .text.tx_lll_flush
                0x0000000000013e1c       0xf8 zephyr/subsys/bluetooth/controller/libsubsys__bluetooth__controller.a(ull_conn.c.obj)
 .text.ticker_start_conn_op_cb
                0x0000000000013f14       0x58 zephyr/subsys/bluetooth/controller/libsubsys__bluetooth__controller.a(ull_conn.c.obj)
 .text.ticker_stop_conn_op_cb
                0x0000000000013f6c       0x58 zephyr/subsys/bluetooth/controller/libsubsys__bluetooth__controller.a(ull_conn.c.obj)
 .text.ticker_update_conn_op_cb
                0x0000000000013fc4       0x40 zephyr/subsys/bluetooth/controller/libsubsys__bluetooth__controller.a(ull_conn.c.obj)
 .text.ticker_op_stop_cb
                0x0000000000014004       0x64 zephyr/subsys/bluetooth/controller/libsubsys__bluetooth__controller.a(ull_conn.c.obj)
 .text.reject_ext_ind_send.isra.0
                0x0000000000014068       0xa4 zephyr/subsys/bluetooth/controller/libsubsys__bluetooth__controller.a(ull_conn.c.obj)
 .text.start_enc_rsp_send
                0x000000000001410c       0xc4 zephyr/subsys/bluetooth/controller/libsubsys__bluetooth__controller.a(ull_conn.c.obj)
 .text.ctrl_tx_sec_enqueue
                0x00000000000141d0      0x124 zephyr/subsys/bluetooth/controller/libsubsys__bluetooth__controller.a(ull_conn.c.obj)
 .text.feature_rsp_send.isra.0
                0x00000000000142f4       0x84 zephyr/subsys/bluetooth/controller/libsubsys__bluetooth__controller.a(ull_conn.c.obj)
 .text.ll_conn_acquire
                0x0000000000014378        0xc zephyr/subsys/bluetooth/controller/libsubsys__bluetooth__controller.a(ull_conn.c.obj)
                0x0000000000014378                ll_conn_acquire
 .text.ll_conn_release
                0x0000000000014384        0xc zephyr/subsys/bluetooth/controller/libsubsys__bluetooth__controller.a(ull_conn.c.obj)
                0x0000000000014384                ll_conn_release
 .text.ll_conn_handle_get
                0x0000000000014390       0x10 zephyr/subsys/bluetooth/controller/libsubsys__bluetooth__controller.a(ull_conn.c.obj)
                0x0000000000014390                ll_conn_handle_get
 .text.ll_conn_get
                0x00000000000143a0       0x10 zephyr/subsys/bluetooth/controller/libsubsys__bluetooth__controller.a(ull_conn.c.obj)
                0x00000000000143a0                ll_conn_get
 .text.ll_connected_get
                0x00000000000143b0       0x24 zephyr/subsys/bluetooth/controller/libsubsys__bluetooth__controller.a(ull_conn.c.obj)
                0x00000000000143b0                ll_connected_get
 .text.ll_tx_mem_acquire
                0x00000000000143d4        0xc zephyr/subsys/bluetooth/controller/libsubsys__bluetooth__controller.a(ull_conn.c.obj)
                0x00000000000143d4                ll_tx_mem_acquire
 .text.ll_tx_mem_release
                0x00000000000143e0        0xc zephyr/subsys/bluetooth/controller/libsubsys__bluetooth__controller.a(ull_conn.c.obj)
                0x00000000000143e0                ll_tx_mem_release
 .text.ll_tx_mem_enqueue
                0x00000000000143ec       0xdc zephyr/subsys/bluetooth/controller/libsubsys__bluetooth__controller.a(ull_conn.c.obj)
                0x00000000000143ec                ll_tx_mem_enqueue
 .text.ll_conn_update
                0x00000000000144c8      0x108 zephyr/subsys/bluetooth/controller/libsubsys__bluetooth__controller.a(ull_conn.c.obj)
                0x00000000000144c8                ll_conn_update
 .text.ll_chm_get
                0x00000000000145d0       0x40 zephyr/subsys/bluetooth/controller/libsubsys__bluetooth__controller.a(ull_conn.c.obj)
                0x00000000000145d0                ll_chm_get
 .text.ll_terminate_ind_send
                0x0000000000014610       0x34 zephyr/subsys/bluetooth/controller/libsubsys__bluetooth__controller.a(ull_conn.c.obj)
                0x0000000000014610                ll_terminate_ind_send
 .text.ll_feature_req_send
                0x0000000000014644       0x38 zephyr/subsys/bluetooth/controller/libsubsys__bluetooth__controller.a(ull_conn.c.obj)