Archive member included to satisfy reference by file (symbol)

app/libapp.a(main.c.obj)      (--whole-archive)
app/libapp.a(cts.c.obj)       (--whole-archive)
zephyr/libzephyr.a(crc32_sw.c.obj)
                              (--whole-archive)
zephyr/libzephyr.a(crc16_sw.c.obj)
                              (--whole-archive)
zephyr/libzephyr.a(crc8_sw.c.obj)
                              (--whole-archive)
zephyr/libzephyr.a(crc7_sw.c.obj)
                              (--whole-archive)
zephyr/libzephyr.a(dec.c.obj)
                              (--whole-archive)
zephyr/libzephyr.a(fdtable.c.obj)
                              (--whole-archive)
zephyr/libzephyr.a(hex.c.obj)
                              (--whole-archive)
zephyr/libzephyr.a(mempool.c.obj)
                              (--whole-archive)
zephyr/libzephyr.a(printk.c.obj)
                              (--whole-archive)
zephyr/libzephyr.a(onoff.c.obj)
                              (--whole-archive)
zephyr/libzephyr.a(rb.c.obj)  (--whole-archive)
zephyr/libzephyr.a(sem.c.obj)
                              (--whole-archive)
zephyr/libzephyr.a(thread_entry.c.obj)
                              (--whole-archive)
zephyr/libzephyr.a(timeutil.c.obj)
                              (--whole-archive)
zephyr/libzephyr.a(work_q.c.obj)
                              (--whole-archive)
zephyr/libzephyr.a(configs.c.obj)
                              (--whole-archive)
zephyr/libzephyr.a(validate_base_addresses.c.obj)
                              (--whole-archive)
zephyr/libzephyr.a(utils.c.obj)
                              (--whole-archive)
zephyr/libzephyr.a(ecc_dh.c.obj)
                              (--whole-archive)
zephyr/libzephyr.a(ecc.c.obj)
                              (--whole-archive)
zephyr/libzephyr.a(aes_decrypt.c.obj)
                              (--whole-archive)
zephyr/libzephyr.a(aes_encrypt.c.obj)
                              (--whole-archive)
zephyr/libzephyr.a(cmac_mode.c.obj)
                              (--whole-archive)
zephyr/libzephyr.a(log_list.c.obj)
                              (--whole-archive)
zephyr/libzephyr.a(log_core.c.obj)
                              (--whole-archive)
zephyr/libzephyr.a(log_msg.c.obj)
                              (--whole-archive)
zephyr/libzephyr.a(log_output.c.obj)
                              (--whole-archive)
zephyr/libzephyr.a(log_backend_uart.c.obj)
                              (--whole-archive)
zephyr/libzephyr.a(log_backend_rtt.c.obj)
                              (--whole-archive)
zephyr/libzephyr.a(dis.c.obj)
                              (--whole-archive)
zephyr/libzephyr.a(bas.c.obj)
                              (--whole-archive)
zephyr/libzephyr.a(hrs.c.obj)
                              (--whole-archive)
zephyr/libzephyr.a(nvs.c.obj)
                              (--whole-archive)
zephyr/libzephyr.a(addr_utils.c.obj)
                              (--whole-archive)
zephyr/libzephyr.a(flash_map.c.obj)
                              (--whole-archive)
zephyr/libzephyr.a(flash_map_default.c.obj)
                              (--whole-archive)
zephyr/libzephyr.a(settings_store.c.obj)
                              (--whole-archive)
zephyr/libzephyr.a(settings.c.obj)
                              (--whole-archive)
zephyr/libzephyr.a(settings_init.c.obj)
                              (--whole-archive)
zephyr/libzephyr.a(settings_line.c.obj)
                              (--whole-archive)
zephyr/libzephyr.a(settings_nvs.c.obj)
                              (--whole-archive)
zephyr/libzephyr.a(power.c.obj)
                              (--whole-archive)
zephyr/libzephyr.a(policy_residency.c.obj)
                              (--whole-archive)
zephyr/libzephyr.a(uart_console.c.obj)
                              (--whole-archive)
zephyr/libzephyr.a(nrf_power_clock.c.obj)
                              (--whole-archive)
zephyr/libzephyr.a(sys_clock_init.c.obj)
                              (--whole-archive)
zephyr/libzephyr.a(nrf_rtc_timer.c.obj)
                              (--whole-archive)
zephyr/libzephyr.a(SEGGER_RTT.c.obj)
                              (--whole-archive)
zephyr/libzephyr.a(SEGGER_RTT_zephyr.c.obj)
                              (--whole-archive)
zephyr/arch/common/libarch__common.a(isr_tables.c.obj)
                              (--whole-archive)
zephyr/arch/common/libarch__common.a(sw_isr_common.c.obj)
                              (--whole-archive)
zephyr/arch/arch/arm/core/aarch32/libarch__arm__core__aarch32.a(exc_exit.S.obj)
                              (--whole-archive)
zephyr/arch/arch/arm/core/aarch32/libarch__arm__core__aarch32.a(swap.c.obj)
                              (--whole-archive)
zephyr/arch/arch/arm/core/aarch32/libarch__arm__core__aarch32.a(swap_helper.S.obj)
                              (--whole-archive)
zephyr/arch/arch/arm/core/aarch32/libarch__arm__core__aarch32.a(irq_manage.c.obj)
                              (--whole-archive)
[...]
Memory Configuration

Name             Origin             Length             Attributes
FLASH            0x0000000000000000 0x0000000000100000 xr
SRAM             0x0000000020000000 0x0000000000040000 xw
IDT_LIST         0x0000000020040000 0x0000000000000800 xw
*default*        0x0000000000000000 0xffffffffffffffff

Linker script and memory map

LOAD zephyr/CMakeFiles/zephyr_final.dir/misc/empty_file.c.obj
LOAD zephyr/CMakeFiles/zephyr_final.dir/isr_tables.c.obj
                0x0000000000000020                _region_min_align = 0x20

.rel.plt        0x0000000000000000        0x0
 *(SORT_BY_ALIGNMENT(.rel.plt))
                [!provide]                        PROVIDE (__rel_iplt_start = .)
 *(SORT_BY_ALIGNMENT(.rel.iplt))
 .rel.iplt      0x0000000000000000        0x0 zephyr/CMakeFiles/zephyr_final.dir/isr_tables.c.obj
                [!provide]                        PROVIDE (__rel_iplt_end = .)

.rela.plt       0x0000000000000000        0x0
 *(SORT_BY_ALIGNMENT(.rela.plt))
                [!provide]                        PROVIDE (__rela_iplt_start = .)
 *(SORT_BY_ALIGNMENT(.rela.iplt))
                [!provide]                        PROVIDE (__rela_iplt_end = .)

.rel.dyn
 *(SORT_BY_ALIGNMENT(.rel.*))

.rela.dyn
 *(SORT_BY_ALIGNMENT(.rela.*))

/DISCARD/
 *(SORT_BY_ALIGNMENT(.plt))
 *(SORT_BY_ALIGNMENT(.iplt))
 *(SORT_BY_ALIGNMENT(.got.plt))
 *(SORT_BY_ALIGNMENT(.igot.plt))
 *(SORT_BY_ALIGNMENT(.got))
 *(SORT_BY_ALIGNMENT(.igot))
 *(SORT_BY_ALIGNMENT(.irq_info))
 *(SORT_BY_ALIGNMENT(.intList))
 *(SORT_BY_ALIGNMENT(.note.GNU-stack))
                0x0000000000000000                _image_rom_start = 0x0

rom_start       0x0000000000000000      0x100
                0x0000000000000000                . = 0x0
                0x0000000000000000                . = ALIGN (0x4)
                0x0000000000000000                _vector_start = .
 *(SORT_BY_ALIGNMENT(.exc_vector_table))
 *(SORT_BY_ALIGNMENT(.exc_vector_table.*))
 .exc_vector_table._vector_table_section
                0x0000000000000000       0x40 zephyr/arch/arch/arm/core/aarch32/cortex_m/libarch__arm__core__aarch32__cortex_m.a(vector_table.S.obj)
                0x0000000000000000                _vector_table
 *(SORT_BY_ALIGNMENT(.gnu.linkonce.irq_vector_table))
 .gnu.linkonce.irq_vector_table
                0x0000000000000040       0xc0 zephyr/CMakeFiles/zephyr_final.dir/isr_tables.c.obj
                0x0000000000000040                _irq_vector_table
 *(SORT_BY_ALIGNMENT(.vectors))
                0x0000000000000100                _vector_end = .
 *(SORT_BY_ALIGNMENT(.openocd_dbg))
 *(SORT_BY_ALIGNMENT(.openocd_dbg.*))

text            0x0000000000000100    0x20cf2
                0x0000000000000100                _image_text_start = .
 *(SORT_BY_ALIGNMENT(.text))
 .text          0x0000000000000100       0x30 /root/SDK/zephyr-sdk-0.11.2/arm-zephyr-eabi/bin/../lib/gcc/arm-zephyr-eabi/9.2.0/thumb/v7e-m/nofp/libgcc.a(_aeabi_uldivmod.o)
                0x0000000000000100                __aeabi_uldivmod
 .text          0x0000000000000130      0x2c4 /root/SDK/zephyr-sdk-0.11.2/arm-zephyr-eabi/bin/../lib/gcc/arm-zephyr-eabi/9.2.0/thumb/v7e-m/nofp/libgcc.a(_udivmoddi4.o)
                0x0000000000000130                __udivmoddi4
 .text          0x00000000000003f4        0x4 /root/SDK/zephyr-sdk-0.11.2/arm-zephyr-eabi/bin/../lib/gcc/arm-zephyr-eabi/9.2.0/thumb/v7e-m/nofp/libgcc.a(_dvmd_tls.o)
                0x00000000000003f4                __aeabi_ldiv0
                0x00000000000003f4                __aeabi_idiv0
 *(SORT_BY_ALIGNMENT(.text.*))
 .text.bt_init  0x00000000000003f8      0x54c zephyr/subsys/bluetooth/host/libsubsys__bluetooth__host.a(hci_core.c.obj)
 *fill*         0x0000000000000944        0x4 
 .text.ll_adv_enable
                0x0000000000000948      0x6ac zephyr/subsys/bluetooth/controller/libsubsys__bluetooth__controller.a(ull_adv.c.obj)
                0x0000000000000948                ll_adv_enable
 *fill*         0x0000000000000ff4        0x4 
 .text.ull_conn_llcp
                0x0000000000000ff8     0x1c8c zephyr/subsys/bluetooth/controller/libsubsys__bluetooth__controller.a(ull_conn.c.obj)
                0x0000000000000ff8                ull_conn_llcp
 *fill*         0x0000000000002c84        0x4 
 .text.ull_slave_setup
                0x0000000000002c88      0x3dc zephyr/subsys/bluetooth/controller/libsubsys__bluetooth__controller.a(ull_slave.c.obj)
                0x0000000000002c88                ull_slave_setup
 *fill*         0x0000000000003064        0x4 
 .text.ull_slave_done
                0x0000000000003068       0x8c zephyr/subsys/bluetooth/controller/libsubsys__bluetooth__controller.a(ull_slave.c.obj)
                0x0000000000003068                ull_slave_done
 *fill*         0x00000000000030f4        0x4 
 .text.erase_op
                0x00000000000030f8       0x8c zephyr/drivers/flash/libdrivers__flash.a(soc_flash_nrf.c.obj)
 *fill*         0x0000000000003184        0x4 
 .text.work_in_time_slice
                0x0000000000003188       0xe0 zephyr/drivers/flash/libdrivers__flash.a(soc_flash_nrf.c.obj)
 .text.write_op
                0x0000000000003268       0xa0 zephyr/drivers/flash/libdrivers__flash.a(soc_flash_nrf.c.obj)
 .text.vnd_ccc_cfg_changed
                0x0000000000003308       0x10 app/libapp.a(main.c.obj)
 .text.indicate_cb
                0x0000000000003318       0x2c app/libapp.a(main.c.obj)
 .text.disconnected
                0x0000000000003344        0xc app/libapp.a(main.c.obj)
 .text.connected
                0x0000000000003350       0x18 app/libapp.a(main.c.obj)
 .text.bt_addr_le_to_str.constprop.0
                0x0000000000003368       0x78 app/libapp.a(main.c.obj)
 .text.auth_passkey_display
                0x00000000000033e0       0x24 app/libapp.a(main.c.obj)
 .text.auth_cancel
                0x0000000000003404       0x20 app/libapp.a(main.c.obj)
 .text.main     0x0000000000003424      0x104 app/libapp.a(main.c.obj)
                0x0000000000003424                main
 .text.write_ct
                0x0000000000003528       0x30 app/libapp.a(cts.c.obj)
 .text.cts_init
                0x0000000000003558       0x3c app/libapp.a(cts.c.obj)
                0x0000000000003558                cts_init
 .text.cts_notify
                0x0000000000003594       0x40 app/libapp.a(cts.c.obj)
                0x0000000000003594                cts_notify
 .text.crc8_ccitt
                0x00000000000035d4       0x30 zephyr/libzephyr.a(crc8_sw.c.obj)
                0x00000000000035d4                crc8_ccitt
 .text.char_out
                0x0000000000003604       0x10 zephyr/libzephyr.a(printk.c.obj)
 .text._printk_dec_ulong
                0x0000000000003614       0xa0 zephyr/libzephyr.a(printk.c.obj)
 .text.__printk_hook_install
                0x00000000000036b4        0xc zephyr/libzephyr.a(printk.c.obj)
                0x00000000000036b4                __printk_hook_install
 .text.z_vprintk
                0x00000000000036c0      0x328 zephyr/libzephyr.a(printk.c.obj)
                0x00000000000036c0                z_vprintk
 .text.vprintk  0x00000000000039e8       0x1c zephyr/libzephyr.a(printk.c.obj)
                0x00000000000039e8                vprintk
 .text.vsnprintk
                0x0000000000003a04       0x28 zephyr/libzephyr.a(printk.c.obj)
                0x0000000000003a04                vsnprintk
 .text.uECC_get_rng
                0x0000000000003a2c        0xc zephyr/libzephyr.a(ecc.c.obj)
                0x0000000000003a2c                uECC_get_rng
 .text.vli_mmod_fast_secp256r1
                0x0000000000003a38      0x1a0 zephyr/libzephyr.a(ecc.c.obj)
                0x0000000000003a38                vli_mmod_fast_secp256r1
 .text.tc_aes128_set_encrypt_key
                0x0000000000003bd8       0xa4 zephyr/libzephyr.a(aes_encrypt.c.obj)
                0x0000000000003bd8                tc_aes128_set_encrypt_key
 .text.tc_aes_encrypt
                0x0000000000003c7c       0xd4 zephyr/libzephyr.a(aes_encrypt.c.obj)
                0x0000000000003c7c                tc_aes_encrypt
 .text.enable_logger
                0x0000000000003d50       0x54 zephyr/libzephyr.a(log_core.c.obj)
 .text.log_process_thread_timer_expiry_fn
                0x0000000000003da4        0xc zephyr/libzephyr.a(log_core.c.obj)
 .text.log_core_init
                0x0000000000003db0       0x40 zephyr/libzephyr.a(log_core.c.obj)
                0x0000000000003db0                log_core_init
 .text.dropped_notify
                0x0000000000003df0       0x4c zephyr/libzephyr.a(log_core.c.obj)
                0x0000000000003df0                dropped_notify
 .text.log_dropped
                0x0000000000003e3c       0x20 zephyr/libzephyr.a(log_core.c.obj)
                0x0000000000003e3c                log_dropped
 .text.log_source_name_get
                0x0000000000003e5c       0x1c zephyr/libzephyr.a(log_core.c.obj)
                0x0000000000003e5c                log_source_name_get
 .text.log_backend_enable
                0x0000000000003e78       0x34 zephyr/libzephyr.a(log_core.c.obj)
                0x0000000000003e78                log_backend_enable
 .text.log_init
                0x0000000000003eac       0x54 zephyr/libzephyr.a(log_core.c.obj)
                0x0000000000003eac                log_init
 .text.log_strdup
                0x0000000000003f00       0x6c zephyr/libzephyr.a(log_core.c.obj)
                0x0000000000003f00                log_strdup
 .text.log_is_strdup
                0x0000000000003f6c       0x1c zephyr/libzephyr.a(log_core.c.obj)
                0x0000000000003f6c                log_is_strdup
 .text.z_impl_log_process
                0x0000000000003f88      0x170 zephyr/libzephyr.a(log_core.c.obj)
                0x0000000000003f88                z_impl_log_process
 .text.msg_finalize
                0x00000000000040f8       0xb8 zephyr/libzephyr.a(log_core.c.obj)
 .text.log_process_thread_func
                0x00000000000041b0       0x44 zephyr/libzephyr.a(log_core.c.obj)
 .text.z_impl_log_panic
                0x00000000000041f4       0x48 zephyr/libzephyr.a(log_core.c.obj)
                0x00000000000041f4                z_impl_log_panic
 .text.log_free
                0x000000000000423c       0x34 zephyr/libzephyr.a(log_core.c.obj)
                0x000000000000423c                log_free
 .text.log_msg_pool_init
                0x0000000000004270       0x14 zephyr/libzephyr.a(log_msg.c.obj)
                0x0000000000004270                log_msg_pool_init
 .text.log_msg_no_space_handle
                0x0000000000004284       0x30 zephyr/libzephyr.a(log_msg.c.obj)
                0x0000000000004284                log_msg_no_space_handle
 .text.log_msg_chunk_alloc
                0x00000000000042b4       0x24 zephyr/libzephyr.a(log_msg.c.obj)
                0x00000000000042b4                log_msg_chunk_alloc
 .text.msg_free
                0x00000000000042d8       0x84 zephyr/libzephyr.a(log_msg.c.obj)
 .text.print_formatted
                0x000000000000435c       0x24 zephyr/libzephyr.a(log_output.c.obj)
 .text.prefix_print
                0x0000000000004380      0x11c zephyr/libzephyr.a(log_output.c.obj)
 .text.postfix_print
                0x000000000000449c       0x3c zephyr/libzephyr.a(log_output.c.obj)
 .text.hexdump_line_print
                0x00000000000044d8       0xdc zephyr/libzephyr.a(log_output.c.obj)
 .text.log_output_msg_process
                0x00000000000045b4       0xf4 zephyr/libzephyr.a(log_output.c.obj)
                0x00000000000045b4                log_output_msg_process
 .text.log_output_dropped_process
                0x00000000000046a8       0x54 zephyr/libzephyr.a(log_output.c.obj)
                0x00000000000046a8                log_output_dropped_process
 .text.log_output_timestamp_freq_set
                0x00000000000046fc       0x30 zephyr/libzephyr.a(log_output.c.obj)
                0x00000000000046fc                log_output_timestamp_freq_set
 .text.panic    0x000000000000472c        0xc zephyr/libzephyr.a(log_backend_uart.c.obj)
 .text.dropped  0x0000000000004738        0xc zephyr/libzephyr.a(log_backend_uart.c.obj)
 .text.log_backend_uart_init
                0x0000000000004744       0x18 zephyr/libzephyr.a(log_backend_uart.c.obj)
 .text.put      0x000000000000475c       0x24 zephyr/libzephyr.a(log_backend_uart.c.obj)
 .text.log_backend_rtt_init
                0x0000000000004780        0xc zephyr/libzephyr.a(log_backend_rtt.c.obj)
 .text.panic    0x000000000000478c       0x18 zephyr/libzephyr.a(log_backend_rtt.c.obj)
 .text.dropped  0x00000000000047a4        0xc zephyr/libzephyr.a(log_backend_rtt.c.obj)
 .text.put      0x00000000000047b0       0x24 zephyr/libzephyr.a(log_backend_rtt.c.obj)
 .text.on_failed_write.part.0
                0x00000000000047d4       0x18 zephyr/libzephyr.a(log_backend_rtt.c.obj)
 .text.data_out_block_mode
                0x00000000000047ec       0x9c zephyr/libzephyr.a(log_backend_rtt.c.obj)
 .text.read_pnp_id
                0x0000000000004888       0x1c zephyr/libzephyr.a(dis.c.obj)
 .text.blvl_ccc_cfg_changed
                0x00000000000048a4       0x34 zephyr/libzephyr.a(bas.c.obj)
 .text.read_blvl
                0x00000000000048d8       0x28 zephyr/libzephyr.a(bas.c.obj)
 .text.bt_gatt_bas_get_battery_level
                0x0000000000004900        0xc zephyr/libzephyr.a(bas.c.obj)
                0x0000000000004900                bt_gatt_bas_get_battery_level
 .text.bt_gatt_bas_set_battery_level
                0x000000000000490c       0x50 zephyr/libzephyr.a(bas.c.obj)
                0x000000000000490c                bt_gatt_bas_set_battery_level
 .text.hrs_init
                0x000000000000495c       0x10 zephyr/libzephyr.a(hrs.c.obj)
 .text.read_blsc
                0x000000000000496c       0x1c zephyr/libzephyr.a(hrs.c.obj)
 .text.hrmc_ccc_cfg_changed
                0x0000000000004988       0x34 zephyr/libzephyr.a(hrs.c.obj)
 .text.bt_gatt_hrs_notify
                0x00000000000049bc       0x40 zephyr/libzephyr.a(hrs.c.obj)
                0x00000000000049bc                bt_gatt_hrs_notify
 .text.nvs_prev_ate
                0x00000000000049fc       0xe4 zephyr/libzephyr.a(nvs.c.obj)
 .text.nvs_gc   0x0000000000004ae0      0x144 zephyr/libzephyr.a(nvs.c.obj)
 .text.nvs_init
                0x0000000000004c24      0x290 zephyr/libzephyr.a(nvs.c.obj)
                0x0000000000004c24                nvs_init
 .text.nvs_write
                0x0000000000004eb4      0x1c0 zephyr/libzephyr.a(nvs.c.obj)
                0x0000000000004eb4                nvs_write
 .text.nvs_read_hist
                0x0000000000005074       0xd0 zephyr/libzephyr.a(nvs.c.obj)
                0x0000000000005074                nvs_read_hist
 .text.get_flash_area_from_id
                0x0000000000005144       0x30 zephyr/libzephyr.a(flash_map.c.obj)
 .text.flash_area_open
                0x0000000000005174       0x28 zephyr/libzephyr.a(flash_map.c.obj)
                0x0000000000005174                flash_area_open
 .text.flash_area_get_sectors
                0x000000000000519c       0x50 zephyr/libzephyr.a(flash_map.c.obj)
                0x000000000000519c                flash_area_get_sectors
 .text.settings_save_one
                0x00000000000051ec       0x48 zephyr/libzephyr.a(settings_store.c.obj)
                0x00000000000051ec                settings_save_one
 .text.settings_src_register
                0x0000000000005234       0x1c zephyr/libzephyr.a(settings_store.c.obj)
                0x0000000000005234                settings_src_register
 .text.settings_dst_register
                0x0000000000005250        0xc zephyr/libzephyr.a(settings_store.c.obj)
                0x0000000000005250                settings_dst_register
 .text.settings_load_subtree
                0x000000000000525c       0x50 zephyr/libzephyr.a(settings_store.c.obj)
                0x000000000000525c                settings_load_subtree
 .text.settings_load_subtree_direct
                0x00000000000052ac       0x44 zephyr/libzephyr.a(settings_store.c.obj)
                0x00000000000052ac                settings_load_subtree_direct
 .text.settings_store_init
                0x00000000000052f0       0x10 zephyr/libzephyr.a(settings_store.c.obj)
                0x00000000000052f0                settings_store_init
 .text.settings_init
                0x0000000000005300       0x10 zephyr/libzephyr.a(settings.c.obj)
                0x0000000000005300                settings_init
 .text.settings_parse_and_lookup
                0x0000000000005310       0x94 zephyr/libzephyr.a(settings.c.obj)
                0x0000000000005310                settings_parse_and_lookup
 .text.settings_call_set_handler
                0x00000000000053a4       0x9c zephyr/libzephyr.a(settings.c.obj)
                0x00000000000053a4                settings_call_set_handler
 .text.settings_commit_subtree
                0x0000000000005440       0x78 zephyr/libzephyr.a(settings.c.obj)
                0x0000000000005440                settings_commit_subtree
 .text.settings_subsys_init
                0x00000000000054b8       0x20 zephyr/libzephyr.a(settings_init.c.obj)
                0x00000000000054b8                settings_subsys_init
 .text.settings_nvs_load
                0x00000000000054d8       0xb8 zephyr/libzephyr.a(settings_nvs.c.obj)
 .text.settings_backend_init
                0x0000000000005590       0x98 zephyr/libzephyr.a(settings_nvs.c.obj)
                0x0000000000005590                settings_backend_init
 .text.console_out
                0x0000000000005628       0x28 zephyr/libzephyr.a(uart_console.c.obj)
 .text.uart_console_hook_install
                0x0000000000005650       0x18 zephyr/libzephyr.a(uart_console.c.obj)
                0x0000000000005650                uart_console_hook_install
 .text.uart_console_init
                0x0000000000005668       0x1c zephyr/libzephyr.a(uart_console.c.obj)
 .text.nrf_power_clock_isr
                0x0000000000005684       0x68 zephyr/libzephyr.a(nrf_power_clock.c.obj)
                0x0000000000005684                nrf_power_clock_isr
 .text.rtc1_nrf_isr
                0x00000000000056ec       0x40 zephyr/libzephyr.a(nrf_rtc_timer.c.obj)
                0x00000000000056ec                rtc1_nrf_isr
 .text.z_clock_driver_init
                0x000000000000572c       0x74 zephyr/libzephyr.a(nrf_rtc_timer.c.obj)
                0x000000000000572c                z_clock_driver_init
 .text.z_clock_set_timeout
                0x00000000000057a0       0xac zephyr/libzephyr.a(nrf_rtc_timer.c.obj)
                0x00000000000057a0                z_clock_set_timeout
 .text.z_clock_elapsed
                0x000000000000584c       0x34 zephyr/libzephyr.a(nrf_rtc_timer.c.obj)
                0x000000000000584c                z_clock_elapsed
 .text.z_timer_cycle_get_32
                0x0000000000005880       0x34 zephyr/libzephyr.a(nrf_rtc_timer.c.obj)
                0x0000000000005880                z_timer_cycle_get_32
 .text._DoInit  0x00000000000058b4       0x60 zephyr/libzephyr.a(SEGGER_RTT.c.obj)
 .text.SEGGER_RTT_WriteSkipNoLock
                0x0000000000005914       0x98 zephyr/libzephyr.a(SEGGER_RTT.c.obj)
                0x0000000000005914                SEGGER_RTT_WriteSkipNoLock
 .text.SEGGER_RTT_HasDataUp
                0x00000000000059ac       0x14 zephyr/libzephyr.a(SEGGER_RTT.c.obj)
                0x00000000000059ac                SEGGER_RTT_HasDataUp
 .text._HandlerModeExit
                0x00000000000059c0       0x1c zephyr/arch/arch/arm/core/aarch32/libarch__arm__core__aarch32.a(exc_exit.S.obj)
                0x00000000000059c0                z_arm_exc_exit
                0x00000000000059c0                z_arm_int_exit
 .text.arch_swap
                0x00000000000059dc       0x34 zephyr/arch/arch/arm/core/aarch32/libarch__arm__core__aarch32.a(swap.c.obj)
                0x00000000000059dc                arch_swap
 .text.z_arm_pendsv
                0x0000000000005a10       0x48 zephyr/arch/arch/arm/core/aarch32/libarch__arm__core__aarch32.a(swap_helper.S.obj)
                0x0000000000005a10                z_arm_pendsv
 .text.z_arm_svc
                0x0000000000005a58       0x20 zephyr/arch/arch/arm/core/aarch32/libarch__arm__core__aarch32.a(swap_helper.S.obj)
                0x0000000000005a58                z_arm_svc
 .text.arch_irq_enable
                0x0000000000005a78       0x20 zephyr/arch/arch/arm/core/aarch32/libarch__arm__core__aarch32.a(irq_manage.c.obj)
                0x0000000000005a78                arch_irq_enable
 .text.arch_irq_disable
                0x0000000000005a98       0x28 zephyr/arch/arch/arm/core/aarch32/libarch__arm__core__aarch32.a(irq_manage.c.obj)
                0x0000000000005a98                arch_irq_disable
 .text.arch_irq_is_enabled
                0x0000000000005ac0       0x1c zephyr/arch/arch/arm/core/aarch32/libarch__arm__core__aarch32.a(irq_manage.c.obj)
                0x0000000000005ac0                arch_irq_is_enabled
 .text.z_arm_irq_priority_set
                0x0000000000005adc       0x30 zephyr/arch/arch/arm/core/aarch32/libarch__arm__core__aarch32.a(irq_manage.c.obj)
                0x0000000000005adc                z_arm_irq_priority_set
 .text._arch_isr_direct_pm
                0x0000000000005b0c       0x1c zephyr/arch/arch/arm/core/aarch32/libarch__arm__core__aarch32.a(irq_manage.c.obj)
                0x0000000000005b0c                _arch_isr_direct_pm
 .text.arch_new_thread
                0x0000000000005b28       0x44 zephyr/arch/arch/arm/core/aarch32/libarch__arm__core__aarch32.a(thread.c.obj)
                0x0000000000005b28                arch_new_thread
 .text.arch_switch_to_main_thread
                0x0000000000005b6c       0x38 zephyr/arch/arch/arm/core/aarch32/libarch__arm__core__aarch32.a(thread.c.obj)
                0x0000000000005b6c                arch_switch_to_main_thread
 .text.z_arm_cpu_idle_init
                0x0000000000005ba4        0xc zephyr/arch/arch/arm/core/aarch32/libarch__arm__core__aarch32.a(cpu_idle.S.obj)
                0x0000000000005ba4                z_arm_cpu_idle_init
 .text.arch_cpu_idle
                0x0000000000005bb0        0xc zephyr/arch/arch/arm/core/aarch32/libarch__arm__core__aarch32.a(cpu_idle.S.obj)
                0x0000000000005bb0                arch_cpu_idle
 .text.__fault  0x0000000000005bbc       0x14 zephyr/arch/arch/arm/core/aarch32/libarch__arm__core__aarch32.a(fault_s.S.obj)
                0x0000000000005bbc                z_arm_bus_fault
                0x0000000000005bbc                z_arm_usage_fault
                0x0000000000005bbc                z_arm_mpu_fault
                0x0000000000005bbc                z_arm_reserved
                0x0000000000005bbc                z_arm_debug_monitor
                0x0000000000005bbc                z_arm_hard_fault
 .text.z_arm_fatal_error
                0x0000000000005bd0       0x70 zephyr/arch/arch/arm/core/aarch32/libarch__arm__core__aarch32.a(fatal.c.obj)
                0x0000000000005bd0                z_arm_fatal_error
 .text.z_SysNmiOnReset
                0x0000000000005c40        0x8 zephyr/arch/arch/arm/core/aarch32/libarch__arm__core__aarch32.a(nmi_on_reset.S.obj)
                0x0000000000005c40                z_SysNmiOnReset
 .text.z_arm_prep_c
                0x0000000000005c48       0x44 zephyr/arch/arch/arm/core/aarch32/libarch__arm__core__aarch32.a(prep_c.c.obj)
                0x0000000000005c48                z_arm_prep_c
 .text._isr_wrapper
                0x0000000000005c8c       0x40 zephyr/arch/arch/arm/core/aarch32/libarch__arm__core__aarch32.a(isr_wrapper.S.obj)
                0x0000000000005c8c                _isr_wrapper
 .text._reset_section
                0x0000000000005ccc       0x30 zephyr/arch/arch/arm/core/aarch32/cortex_m/libarch__arm__core__aarch32__cortex_m.a(reset.S.obj)
                0x0000000000005ccc                z_arm_reset
                0x0000000000005ccc                __start
 .text.usage_fault.isra.0
                0x0000000000005cfc       0xb8 zephyr/arch/arch/arm/core/aarch32/cortex_m/libarch__arm__core__aarch32__cortex_m.a(fault.c.obj)
 .text.mem_manage_fault.isra.0
                0x0000000000005db4       0xcc zephyr/arch/arch/arm/core/aarch32/cortex_m/libarch__arm__core__aarch32__cortex_m.a(fault.c.obj)
 .text.bus_fault.isra.0
                0x0000000000005e80       0xdc zephyr/arch/arch/arm/core/aarch32/cortex_m/libarch__arm__core__aarch32__cortex_m.a(fault.c.obj)
 .text.z_arm_fault
                0x0000000000005f5c      0x198 zephyr/arch/arch/arm/core/aarch32/cortex_m/libarch__arm__core__aarch32__cortex_m.a(fault.c.obj)
                0x0000000000005f5c                z_arm_fault
 .text.z_arm_fault_init
                0x00000000000060f4       0x10 zephyr/arch/arch/arm/core/aarch32/cortex_m/libarch__arm__core__aarch32__cortex_m.a(fault.c.obj)
                0x00000000000060f4                z_arm_fault_init
 .text.z_arm_int_lib_init
                0x0000000000006104       0x18 zephyr/arch/arch/arm/core/aarch32/cortex_m/libarch__arm__core__aarch32__cortex_m.a(irq_init.c.obj)
                0x0000000000006104                z_arm_int_lib_init
 .text.z_impl_k_thread_abort
                0x000000000000611c       0x4c zephyr/arch/arch/arm/core/aarch32/cortex_m/libarch__arm__core__aarch32__cortex_m.a(thread_abort.c.obj)
                0x000000000000611c                z_impl_k_thread_abort
 .text.z_arm_configure_static_mpu_regions
                0x0000000000006168       0x38 zephyr/arch/arch/arm/core/aarch32/cortex_m/mpu/libarch__arm__core__aarch32__cortex_m__mpu.a(arm_core_mpu.c.obj)
                0x0000000000006168                z_arm_configure_static_mpu_regions
 .text.mpu_configure_regions
                0x00000000000061a0       0xc4 zephyr/arch/arch/arm/core/aarch32/cortex_m/mpu/libarch__arm__core__aarch32__cortex_m__mpu.a(arm_mpu.c.obj)
 .text.arm_core_mpu_enable
                0x0000000000006264       0x14 zephyr/arch/arch/arm/core/aarch32/cortex_m/mpu/libarch__arm__core__aarch32__cortex_m__mpu.a(arm_mpu.c.obj)
                0x0000000000006264                arm_core_mpu_enable
 .text.arm_core_mpu_disable
                0x0000000000006278       0x10 zephyr/arch/arch/arm/core/aarch32/cortex_m/mpu/libarch__arm__core__aarch32__cortex_m__mpu.a(arm_mpu.c.obj)
                0x0000000000006278                arm_core_mpu_disable
 .text.arm_mpu_init
                0x0000000000006288       0x5c zephyr/arch/arch/arm/core/aarch32/cortex_m/mpu/libarch__arm__core__aarch32__cortex_m__mpu.a(arm_mpu.c.obj)
 .text.arm_core_mpu_configure_static_mpu_regions
                0x00000000000062e4       0x14 zephyr/arch/arch/arm/core/aarch32/cortex_m/mpu/libarch__arm__core__aarch32__cortex_m__mpu.a(arm_mpu.c.obj)
                0x00000000000062e4                arm_core_mpu_configure_static_mpu_regions
 .text.z_prf    0x00000000000062f8      0x9e0 zephyr/lib/libc/minimal/liblib__libc__minimal.a(prf.c.obj)
                0x00000000000062f8                z_prf
 .text.__stdout_hook_install
                0x0000000000006cd8        0xc zephyr/lib/libc/minimal/liblib__libc__minimal.a(stdout_console.c.obj)
                0x0000000000006cd8                __stdout_hook_install
 .text.snprintf
                0x0000000000006ce4       0x30 zephyr/lib/libc/minimal/liblib__libc__minimal.a(sprintf.c.obj)
                0x0000000000006ce4                snprintf
 .text.nordicsemi_nrf52_init
                0x0000000000006d14       0x30 zephyr/soc/arm/nordic_nrf/nrf52/libsoc__arm__nordic_nrf__nrf52.a(soc.c.obj)
 .text.arch_busy_wait
                0x0000000000006d44       0x14 zephyr/soc/arm/nordic_nrf/nrf52/libsoc__arm__nordic_nrf__nrf52.a(soc.c.obj)
                0x0000000000006d44                arch_busy_wait
 .text.bt_hex_real
                0x0000000000006d58       0x44 zephyr/subsys/bluetooth/common/libsubsys__bluetooth__common.a(log.c.obj)
                0x0000000000006d58                bt_hex_real
 .text.bt_addr_le_str_real
                0x0000000000006d9c       0x7c zephyr/subsys/bluetooth/common/libsubsys__bluetooth__common.a(log.c.obj)
                0x0000000000006d9c                bt_addr_le_str_real
 .text.ecc_thread
                0x0000000000006e18      0x1b8 zephyr/subsys/bluetooth/host/libsubsys__bluetooth__host.a(hci_ecc.c.obj)
 .text.bt_hci_ecc_send
                0x0000000000006fd0      0x110 zephyr/subsys/bluetooth/host/libsubsys__bluetooth__host.a(hci_ecc.c.obj)
                0x0000000000006fd0                bt_hci_ecc_send
 .text.bt_hci_ecc_init
                0x00000000000070e0       0x44 zephyr/subsys/bluetooth/host/libsubsys__bluetooth__host.a(hci_ecc.c.obj)
                0x00000000000070e0                bt_hci_ecc_init
 .text.save_id  0x0000000000007124       0x78 zephyr/subsys/bluetooth/host/libsubsys__bluetooth__host.a(settings.c.obj)
 .text.set      0x000000000000719c      0x150 zephyr/subsys/bluetooth/host/libsubsys__bluetooth__host.a(settings.c.obj)
 .text.bt_settings_encode_key
                0x00000000000072ec       0x60 zephyr/subsys/bluetooth/host/libsubsys__bluetooth__host.a(settings.c.obj)
                0x00000000000072ec                bt_settings_encode_key
 .text.bt_settings_save_id
                0x000000000000734c       0x30 zephyr/subsys/bluetooth/host/libsubsys__bluetooth__host.a(settings.c.obj)
                0x000000000000734c                bt_settings_save_id
 .text.commit   0x000000000000737c       0x90 zephyr/subsys/bluetooth/host/libsubsys__bluetooth__host.a(settings.c.obj)
 .text.bt_settings_init
                0x000000000000740c       0x30 zephyr/subsys/bluetooth/host/libsubsys__bluetooth__host.a(settings.c.obj)
                0x000000000000740c                bt_settings_init
 .text.uuid_to_uuid128
                0x000000000000743c       0x7c zephyr/subsys/bluetooth/host/libsubsys__bluetooth__host.a(uuid.c.obj)
 .text.le_dhkey_complete
                0x00000000000074b8       0x20 zephyr/subsys/bluetooth/host/libsubsys__bluetooth__host.a(hci_core.c.obj)
 .text.ver_str  0x00000000000074d8       0x38 zephyr/subsys/bluetooth/host/libsubsys__bluetooth__host.a(hci_core.c.obj)
 .text.hci_data_buf_overflow
                0x0000000000007510       0x24 zephyr/subsys/bluetooth/host/libsubsys__bluetooth__host.a(hci_core.c.obj)
 .text.le_pkey_complete
                0x0000000000007534       0x50 zephyr/subsys/bluetooth/host/libsubsys__bluetooth__host.a(hci_core.c.obj)
 .text.le_data_len_change
                0x0000000000007584       0x3c zephyr/subsys/bluetooth/host/libsubsys__bluetooth__host.a(hci_core.c.obj)
 .text.le_conn_update_complete
                0x00000000000075c0       0x9c zephyr/subsys/bluetooth/host/libsubsys__bluetooth__host.a(hci_core.c.obj)
 .text.hci_vendor_event
                0x000000000000765c       0x38 zephyr/subsys/bluetooth/host/libsubsys__bluetooth__host.a(hci_core.c.obj)
 .text.update_sec_level
                0x0000000000007694       0x64 zephyr/subsys/bluetooth/host/libsubsys__bluetooth__host.a(hci_core.c.obj)
 .text.hci_encrypt_key_refresh_complete
                0x00000000000076f8       0x84 zephyr/subsys/bluetooth/host/libsubsys__bluetooth__host.a(hci_core.c.obj)
 .text.hci_encrypt_change
                0x000000000000777c       0x8c zephyr/subsys/bluetooth/host/libsubsys__bluetooth__host.a(hci_core.c.obj)
 .text.find_pending_connect.part.0
                0x0000000000007808       0x38 zephyr/subsys/bluetooth/host/libsubsys__bluetooth__host.a(hci_core.c.obj)
 .text.handle_event
                0x0000000000007840       0x84 zephyr/subsys/bluetooth/host/libsubsys__bluetooth__host.a(hci_core.c.obj)
 .text.hci_le_meta_event
                0x00000000000078c4       0x20 zephyr/subsys/bluetooth/host/libsubsys__bluetooth__host.a(hci_core.c.obj)
 .text.hci_cmd_done
                0x00000000000078e4       0xf4 zephyr/subsys/bluetooth/host/libsubsys__bluetooth__host.a(hci_core.c.obj)
 .text.id_find  0x00000000000079d8       0x34 zephyr/subsys/bluetooth/host/libsubsys__bluetooth__host.a(hci_core.c.obj)
 .text.hci_tx_thread
                0x0000000000007a0c      0x17c zephyr/subsys/bluetooth/host/libsubsys__bluetooth__host.a(hci_core.c.obj)
 .text.hci_num_completed_packets
                0x0000000000007b88      0x134 zephyr/subsys/bluetooth/host/libsubsys__bluetooth__host.a(hci_core.c.obj)
 .text.hci_cmd_status
                0x0000000000007cbc       0x2c zephyr/subsys/bluetooth/host/libsubsys__bluetooth__host.a(hci_core.c.obj)
 .text.hci_cmd_complete
                0x0000000000007ce8       0x30 zephyr/subsys/bluetooth/host/libsubsys__bluetooth__host.a(hci_core.c.obj)
 .text.bt_hci_cmd_create
                0x0000000000007d18       0x6c zephyr/subsys/bluetooth/host/libsubsys__bluetooth__host.a(hci_core.c.obj)
                0x0000000000007d18                bt_hci_cmd_create
 .text.bt_hci_cmd_send
                0x0000000000007d84       0x64 zephyr/subsys/bluetooth/host/libsubsys__bluetooth__host.a(hci_core.c.obj)
                0x0000000000007d84                bt_hci_cmd_send
 .text.le_ltk_request
                0x0000000000007de8       0xc0 zephyr/subsys/bluetooth/host/libsubsys__bluetooth__host.a(hci_core.c.obj)
 .text.le_conn_param_neg_reply
                0x0000000000007ea8       0x54 zephyr/subsys/bluetooth/host/libsubsys__bluetooth__host.a(hci_core.c.obj)
 .text.le_conn_param_req
                0x0000000000007efc       0xd0 zephyr/subsys/bluetooth/host/libsubsys__bluetooth__host.a(hci_core.c.obj)
 .text.bt_hci_cmd_send_sync
                0x0000000000007fcc       0x8c zephyr/subsys/bluetooth/host/libsubsys__bluetooth__host.a(hci_core.c.obj)
                0x0000000000007fcc                bt_hci_cmd_send_sync
 .text.set_random_address
                0x0000000000008058       0x58 zephyr/subsys/bluetooth/host/libsubsys__bluetooth__host.a(hci_core.c.obj)
 .text.le_set_private_addr
                0x00000000000080b0       0x5c zephyr/subsys/bluetooth/host/libsubsys__bluetooth__host.a(hci_core.c.obj)
 .text.set_advertise_enable
                0x000000000000810c       0x60 zephyr/subsys/bluetooth/host/libsubsys__bluetooth__host.a(hci_core.c.obj)
 .text.rpa_timeout
                0x000000000000816c       0xa0 zephyr/subsys/bluetooth/host/libsubsys__bluetooth__host.a(hci_core.c.obj)
 .text.hci_id_add
                0x000000000000820c       0x54 zephyr/subsys/bluetooth/host/libsubsys__bluetooth__host.a(hci_core.c.obj)
 .text.set_ad   0x0000000000008260       0xe8 zephyr/subsys/bluetooth/host/libsubsys__bluetooth__host.a(hci_core.c.obj)
 .text.le_adv_update
                0x0000000000008348       0x94 zephyr/subsys/bluetooth/host/libsubsys__bluetooth__host.a(hci_core.c.obj)
 .text.conn_auto_initiate
                0x00000000000083dc      0x170 zephyr/subsys/bluetooth/host/libsubsys__bluetooth__host.a(hci_core.c.obj)
 .text.le_phy_update_complete
                0x000000000000854c       0x64 zephyr/subsys/bluetooth/host/libsubsys__bluetooth__host.a(hci_core.c.obj)
 .text.le_remote_feat_complete
                0x00000000000085b0       0x60 zephyr/subsys/bluetooth/host/libsubsys__bluetooth__host.a(hci_core.c.obj)
 .text.bt_unpair
                0x0000000000008610       0x4c zephyr/subsys/bluetooth/host/libsubsys__bluetooth__host.a(hci_core.c.obj)
                0x0000000000008610                bt_unpair
 .text.bt_id_add
                0x000000000000865c      0x18c zephyr/subsys/bluetooth/host/libsubsys__bluetooth__host.a(hci_core.c.obj)
                0x000000000000865c                bt_id_add
 .text.bt_id_del
                0x00000000000087e8      0x12c zephyr/subsys/bluetooth/host/libsubsys__bluetooth__host.a(hci_core.c.obj)
                0x00000000000087e8                bt_id_del
 .text.id_create
                0x0000000000008914       0xb0 zephyr/subsys/bluetooth/host/libsubsys__bluetooth__host.a(hci_core.c.obj)
 .text.bt_recv  0x00000000000089c4      0x154 zephyr/subsys/bluetooth/host/libsubsys__bluetooth__host.a(hci_core.c.obj)
                0x00000000000089c4                bt_recv
 .text.bt_recv_prio
                0x0000000000008b18       0xac zephyr/subsys/bluetooth/host/libsubsys__bluetooth__host.a(hci_core.c.obj)
                0x0000000000008b18                bt_recv_prio
 .text.bt_hci_driver_register
                0x0000000000008bc4       0x28 zephyr/subsys/bluetooth/host/libsubsys__bluetooth__host.a(hci_core.c.obj)
                0x0000000000008bc4                bt_hci_driver_register
 .text.bt_finalize_init
                0x0000000000008bec       0xd4 zephyr/subsys/bluetooth/host/libsubsys__bluetooth__host.a(hci_core.c.obj)
                0x0000000000008bec                bt_finalize_init
 .text.init_work
                0x0000000000008cc0       0x18 zephyr/subsys/bluetooth/host/libsubsys__bluetooth__host.a(hci_core.c.obj)
 .text.bt_enable
                0x0000000000008cd8       0xf0 zephyr/subsys/bluetooth/host/libsubsys__bluetooth__host.a(hci_core.c.obj)
                0x0000000000008cd8                bt_enable
 .text.bt_set_name
                0x0000000000008dc8       0x9c zephyr/subsys/bluetooth/host/libsubsys__bluetooth__host.a(hci_core.c.obj)
                0x0000000000008dc8                bt_set_name
 .text.bt_get_name
                0x0000000000008e64        0x8 zephyr/subsys/bluetooth/host/libsubsys__bluetooth__host.a(hci_core.c.obj)
                0x0000000000008e64                bt_get_name
 .text.bt_id_create
                0x0000000000008e6c       0x88 zephyr/subsys/bluetooth/host/libsubsys__bluetooth__host.a(hci_core.c.obj)
                0x0000000000008e6c                bt_id_create
 .text.bt_setup_public_id_addr
                0x0000000000008ef4      0x108 zephyr/subsys/bluetooth/host/libsubsys__bluetooth__host.a(hci_core.c.obj)
                0x0000000000008ef4                bt_setup_public_id_addr
 .text.bt_setup_random_id_addr
                0x0000000000008ffc      0x130 zephyr/subsys/bluetooth/host/libsubsys__bluetooth__host.a(hci_core.c.obj)
                0x0000000000008ffc                bt_setup_random_id_addr
 .text.bt_le_adv_start_internal
                0x000000000000912c      0x2b8 zephyr/subsys/bluetooth/host/libsubsys__bluetooth__host.a(hci_core.c.obj)
                0x000000000000912c                bt_le_adv_start_internal
 .text.bt_le_adv_stop
                0x00000000000093e4       0x7c zephyr/subsys/bluetooth/host/libsubsys__bluetooth__host.a(hci_core.c.obj)
                0x00000000000093e4                bt_le_adv_stop
 .text.bt_le_adv_resume
                0x0000000000009460       0x90 zephyr/subsys/bluetooth/host/libsubsys__bluetooth__host.a(hci_core.c.obj)
                0x0000000000009460                bt_le_adv_resume
 .text.hci_disconn_complete
                0x00000000000094f0       0x7c zephyr/subsys/bluetooth/host/libsubsys__bluetooth__host.a(hci_core.c.obj)
 .text.enh_conn_complete
                0x000000000000956c      0x19c zephyr/subsys/bluetooth/host/libsubsys__bluetooth__host.a(hci_core.c.obj)
 .text.le_legacy_conn_complete
                0x0000000000009708       0xa8 zephyr/subsys/bluetooth/host/libsubsys__bluetooth__host.a(hci_core.c.obj)
 .text.bt_buf_get_rx
                0x00000000000097b0       0x20 zephyr/subsys/bluetooth/host/libsubsys__bluetooth__host.a(hci_core.c.obj)
                0x00000000000097b0                bt_buf_get_rx
 .text.bt_buf_get_cmd_complete
                0x00000000000097d0       0x4c zephyr/subsys/bluetooth/host/libsubsys__bluetooth__host.a(hci_core.c.obj)
                0x00000000000097d0                bt_buf_get_cmd_complete
 .text.bt_buf_get_evt
                0x000000000000981c       0x50 zephyr/subsys/bluetooth/host/libsubsys__bluetooth__host.a(hci_core.c.obj)
                0x000000000000981c                bt_buf_get_evt
 .text.bt_pub_key_gen
                0x000000000000986c       0xa4 zephyr/subsys/bluetooth/host/libsubsys__bluetooth__host.a(hci_core.c.obj)
                0x000000000000986c                bt_pub_key_gen
 .text.bt_pub_key_get
                0x0000000000009910       0x1c zephyr/subsys/bluetooth/host/libsubsys__bluetooth__host.a(hci_core.c.obj)
                0x0000000000009910                bt_pub_key_get
 .text.bt_dh_key_gen
                0x000000000000992c       0x74 zephyr/subsys/bluetooth/host/libsubsys__bluetooth__host.a(hci_core.c.obj)
                0x000000000000992c                bt_dh_key_gen
 .text.tx_free  0x00000000000099a0       0x14 zephyr/subsys/bluetooth/host/libsubsys__bluetooth__host.a(conn.c.obj)
 .text.notify_connected
                0x00000000000099b4       0x2c zephyr/subsys/bluetooth/host/libsubsys__bluetooth__host.a(conn.c.obj)
 .text.send_frag
                0x00000000000099e0      0x12c zephyr/subsys/bluetooth/host/libsubsys__bluetooth__host.a(conn.c.obj)
 .text.conn_cleanup
                0x0000000000009b0c       0x40 zephyr/subsys/bluetooth/host/libsubsys__bluetooth__host.a(conn.c.obj)
 .text.bt_conn_get_pkts
                0x0000000000009b4c        0x8 zephyr/subsys/bluetooth/host/libsubsys__bluetooth__host.a(conn.c.obj)
                0x0000000000009b4c                bt_conn_get_pkts
 .text.notify_le_param_updated
                0x0000000000009b54       0x68 zephyr/subsys/bluetooth/host/libsubsys__bluetooth__host.a(conn.c.obj)
                0x0000000000009b54                notify_le_param_updated
 .text.le_param_req
                0x0000000000009bbc       0x40 zephyr/subsys/bluetooth/host/libsubsys__bluetooth__host.a(conn.c.obj)
                0x0000000000009bbc                le_param_req
 .text.bt_conn_identity_resolved
                0x0000000000009bfc       0x34 zephyr/subsys/bluetooth/host/libsubsys__bluetooth__host.a(conn.c.obj)
                0x0000000000009bfc                bt_conn_identity_resolved
 .text.bt_conn_security_changed
                0x0000000000009c30       0x38 zephyr/subsys/bluetooth/host/libsubsys__bluetooth__host.a(conn.c.obj)
                0x0000000000009c30                bt_conn_security_changed
 .text.bt_conn_cb_register
                0x0000000000009c68       0x10 zephyr/subsys/bluetooth/host/libsubsys__bluetooth__host.a(conn.c.obj)
                0x0000000000009c68                bt_conn_cb_register
 .text.bt_conn_recv
                0x0000000000009c78      0x134 zephyr/subsys/bluetooth/host/libsubsys__bluetooth__host.a(conn.c.obj)
                0x0000000000009c78                bt_conn_recv
 .text.bt_conn_send_cb
                0x0000000000009dac       0xd4 zephyr/subsys/bluetooth/host/libsubsys__bluetooth__host.a(conn.c.obj)
                0x0000000000009dac                bt_conn_send_cb
 .text.bt_conn_prepare_events
                0x0000000000009e80       0x78 zephyr/subsys/bluetooth/host/libsubsys__bluetooth__host.a(conn.c.obj)
                0x0000000000009e80                bt_conn_prepare_events
 .text.bt_conn_add_le
                0x0000000000009ef8       0x80 zephyr/subsys/bluetooth/host/libsubsys__bluetooth__host.a(conn.c.obj)
                0x0000000000009ef8                bt_conn_add_le
 .text.bt_conn_set_state
                0x0000000000009f78      0x180 zephyr/subsys/bluetooth/host/libsubsys__bluetooth__host.a(conn.c.obj)
                0x0000000000009f78                bt_conn_set_state
 .text.bt_conn_lookup_handle
                0x000000000000a0f8       0x34 zephyr/subsys/bluetooth/host/libsubsys__bluetooth__host.a(conn.c.obj)
                0x000000000000a0f8                bt_conn_lookup_handle
 .text.bt_conn_lookup_addr_le
                0x000000000000a12c       0x38 zephyr/subsys/bluetooth/host/libsubsys__bluetooth__host.a(conn.c.obj)
                0x000000000000a12c                bt_conn_lookup_addr_le
 .text.bt_conn_lookup_state_le
                0x000000000000a164       0x4c zephyr/subsys/bluetooth/host/libsubsys__bluetooth__host.a(conn.c.obj)
                0x000000000000a164                bt_conn_lookup_state_le
 .text.send_conn_le_param_update
                0x000000000000a1b0       0x5c zephyr/subsys/bluetooth/host/libsubsys__bluetooth__host.a(conn.c.obj)
 .text.conn_update_timeout
                0x000000000000a20c       0xb8 zephyr/subsys/bluetooth/host/libsubsys__bluetooth__host.a(conn.c.obj)
 .text.bt_conn_create_pdu_timeout
                0x000000000000a2c4       0x4c zephyr/subsys/bluetooth/host/libsubsys__bluetooth__host.a(conn.c.obj)
                0x000000000000a2c4                bt_conn_create_pdu_timeout
 .text.bt_conn_create_frag_timeout
                0x000000000000a310       0x10 zephyr/subsys/bluetooth/host/libsubsys__bluetooth__host.a(conn.c.obj)
                0x000000000000a310                bt_conn_create_frag_timeout
 .text.create_frag.isra.0
                0x000000000000a320       0x68 zephyr/subsys/bluetooth/host/libsubsys__bluetooth__host.a(conn.c.obj)
 .text.bt_conn_process_tx
                0x000000000000a388       0xd0 zephyr/subsys/bluetooth/host/libsubsys__bluetooth__host.a(conn.c.obj)
                0x000000000000a388                bt_conn_process_tx
 .text.bt_conn_auth_cb_register
                0x000000000000a458       0x38 zephyr/subsys/bluetooth/host/libsubsys__bluetooth__host.a(conn.c.obj)
                0x000000000000a458                bt_conn_auth_cb_register
 .text.bt_conn_index
                0x000000000000a490       0x18 zephyr/subsys/bluetooth/host/libsubsys__bluetooth__host.a(conn.c.obj)
                0x000000000000a490                bt_conn_index
 .text.bt_conn_init
                0x000000000000a4a8       0x40 zephyr/subsys/bluetooth/host/libsubsys__bluetooth__host.a(conn.c.obj)
                0x000000000000a4a8                bt_conn_init
 .text.l2cap_accept
                0x000000000000a4e8       0x44 zephyr/subsys/bluetooth/host/libsubsys__bluetooth__host.a(l2cap.c.obj)
 .text.l2cap_create_le_sig_pdu.isra.0
                0x000000000000a52c       0x50 zephyr/subsys/bluetooth/host/libsubsys__bluetooth__host.a(l2cap.c.obj)
 .text.l2cap_rtx_timeout
                0x000000000000a57c       0x40 zephyr/subsys/bluetooth/host/libsubsys__bluetooth__host.a(l2cap.c.obj)
 .text.bt_l2cap_connected
                0x000000000000a5bc       0xb4 zephyr/subsys/bluetooth/host/libsubsys__bluetooth__host.a(l2cap.c.obj)
                0x000000000000a5bc                bt_l2cap_connected
 .text.l2cap_recv
                0x000000000000a670       0xe4 zephyr/subsys/bluetooth/host/libsubsys__bluetooth__host.a(l2cap.c.obj)
 .text.bt_l2cap_recv
                0x000000000000a754       0x70 zephyr/subsys/bluetooth/host/libsubsys__bluetooth__host.a(l2cap.c.obj)
                0x000000000000a754                bt_l2cap_recv
 .text.bt_l2cap_update_conn_param
                0x000000000000a7c4       0x5c zephyr/subsys/bluetooth/host/libsubsys__bluetooth__host.a(l2cap.c.obj)
                0x000000000000a7c4                bt_l2cap_update_conn_param
 .text.bt_att_destroy
                0x000000000000a820       0x18 zephyr/subsys/bluetooth/host/libsubsys__bluetooth__host.a(att.c.obj)
                0x000000000000a820                bt_att_destroy
 .text.find_type_cb
                0x000000000000a838      0x104 zephyr/subsys/bluetooth/host/libsubsys__bluetooth__host.a(att.c.obj)
 .text.att_cb.isra.0
                0x000000000000a93c       0x24 zephyr/subsys/bluetooth/host/libsubsys__bluetooth__host.a(att.c.obj)
 .text.att_send
                0x000000000000a960       0x68 zephyr/subsys/bluetooth/host/libsubsys__bluetooth__host.a(att.c.obj)
 .text.bt_att_accept
                0x000000000000a9c8       0x68 zephyr/subsys/bluetooth/host/libsubsys__bluetooth__host.a(att.c.obj)
 .text.bt_att_connected
                0x000000000000aa30       0x30 zephyr/subsys/bluetooth/host/libsubsys__bluetooth__host.a(att.c.obj)
 .text.att_chan_get
                0x000000000000aa60       0x78 zephyr/subsys/bluetooth/host/libsubsys__bluetooth__host.a(att.c.obj)
 .text.att_req_sent
                0x000000000000aad8       0x30 zephyr/subsys/bluetooth/host/libsubsys__bluetooth__host.a(att.c.obj)
                0x000000000000aad8                att_req_sent
 .text.prep_write_cb
                0x000000000000ab08       0x7c zephyr/subsys/bluetooth/host/libsubsys__bluetooth__host.a(att.c.obj)
 .text.bt_att_create_pdu
                0x000000000000ab84       0x8c zephyr/subsys/bluetooth/host/libsubsys__bluetooth__host.a(att.c.obj)
                0x000000000000ab84                bt_att_create_pdu
 .text.att_mtu_req
                0x000000000000ac10       0x60 zephyr/subsys/bluetooth/host/libsubsys__bluetooth__host.a(att.c.obj)
 .text.send_err_rsp.part.0
                0x000000000000ac70       0x44 zephyr/subsys/bluetooth/host/libsubsys__bluetooth__host.a(att.c.obj)
 .text.bt_att_recv
                0x000000000000acb4      0x158 zephyr/subsys/bluetooth/host/libsubsys__bluetooth__host.a(att.c.obj)
 .text.att_write_rsp
                0x000000000000ae0c       0xcc zephyr/subsys/bluetooth/host/libsubsys__bluetooth__host.a(att.c.obj)
 .text.att_signed_write_cmd
                0x000000000000aed8       0x78 zephyr/subsys/bluetooth/host/libsubsys__bluetooth__host.a(att.c.obj)
 .text.att_exec_write_req
                0x000000000000af50       0x88 zephyr/subsys/bluetooth/host/libsubsys__bluetooth__host.a(att.c.obj)
 .text.att_prepare_write_req
                0x000000000000afd8       0xe4 zephyr/subsys/bluetooth/host/libsubsys__bluetooth__host.a(att.c.obj)
 .text.att_read_group_req
                0x000000000000b0bc      0x108 zephyr/subsys/bluetooth/host/libsubsys__bluetooth__host.a(att.c.obj)
 .text.att_read_mult_req
                0x000000000000b1c4       0x90 zephyr/subsys/bluetooth/host/libsubsys__bluetooth__host.a(att.c.obj)
 .text.att_read_rsp
                0x000000000000b254       0x98 zephyr/subsys/bluetooth/host/libsubsys__bluetooth__host.a(att.c.obj)
 .text.att_read_type_req
                0x000000000000b2ec       0xcc zephyr/subsys/bluetooth/host/libsubsys__bluetooth__host.a(att.c.obj)
 .text.att_find_type_req
                0x000000000000b3b8       0xe8 zephyr/subsys/bluetooth/host/libsubsys__bluetooth__host.a(att.c.obj)
 .text.att_find_info_req
                0x000000000000b4a0       0x7c zephyr/subsys/bluetooth/host/libsubsys__bluetooth__host.a(att.c.obj)
 .text.bt_att_req_alloc
                0x000000000000b51c       0x2c zephyr/subsys/bluetooth/host/libsubsys__bluetooth__host.a(att.c.obj)
                0x000000000000b51c                bt_att_req_alloc
 .text.bt_att_req_free
                0x000000000000b548       0x18 zephyr/subsys/bluetooth/host/libsubsys__bluetooth__host.a(att.c.obj)
                0x000000000000b548                bt_att_req_free
 .text.att_handle_rsp
                0x000000000000b560       0xac zephyr/subsys/bluetooth/host/libsubsys__bluetooth__host.a(att.c.obj)
 .text.bt_att_encrypt_change
                0x000000000000b60c       0xa8 zephyr/subsys/bluetooth/host/libsubsys__bluetooth__host.a(att.c.obj)
 .text.att_timeout
                0x000000000000b6b4       0x3c zephyr/subsys/bluetooth/host/libsubsys__bluetooth__host.a(att.c.obj)
 .text.find_static_attr
                0x000000000000b6f0       0x48 zephyr/subsys/bluetooth/host/libsubsys__bluetooth__host.a(gatt.c.obj)
 .text.db_hash_store
                0x000000000000b738       0x40 zephyr/subsys/bluetooth/host/libsubsys__bluetooth__host.a(gatt.c.obj)
 .text.db_hash_set
                0x000000000000b778       0x40 zephyr/subsys/bluetooth/host/libsubsys__bluetooth__host.a(gatt.c.obj)
 .text.sc_store
                0x000000000000b7b8       0x64 zephyr/subsys/bluetooth/host/libsubsys__bluetooth__host.a(gatt.c.obj)
 .text.sc_clear
                0x000000000000b81c       0x78 zephyr/subsys/bluetooth/host/libsubsys__bluetooth__host.a(gatt.c.obj)
 .text.gatt_notify
                0x000000000000b894       0x74 zephyr/subsys/bluetooth/host/libsubsys__bluetooth__host.a(gatt.c.obj)
 .text.gatt_send.constprop.0
                0x000000000000b908       0x78 zephyr/subsys/bluetooth/host/libsubsys__bluetooth__host.a(gatt.c.obj)
 .text.gatt_indicate
                0x000000000000b980       0x80 zephyr/subsys/bluetooth/host/libsubsys__bluetooth__host.a(gatt.c.obj)
 .text.ccc_load
                0x000000000000ba00       0x90 zephyr/subsys/bluetooth/host/libsubsys__bluetooth__host.a(gatt.c.obj)
 .text.ccc_save
                0x000000000000ba90       0x38 zephyr/subsys/bluetooth/host/libsubsys__bluetooth__host.a(gatt.c.obj)
 .text.remove_peer_from_attr
                0x000000000000bac8       0x28 zephyr/subsys/bluetooth/host/libsubsys__bluetooth__host.a(gatt.c.obj)
 .text.bt_gatt_attr_write_ccc
                0x000000000000baf0       0xc4 zephyr/subsys/bluetooth/host/libsubsys__bluetooth__host.a(gatt.c.obj)
                0x000000000000baf0                bt_gatt_attr_write_ccc
 .text.sc_commit
                0x000000000000bbb4       0x44 zephyr/subsys/bluetooth/host/libsubsys__bluetooth__host.a(gatt.c.obj)
 .text.find_sc_cfg
                0x000000000000bbf8       0x44 zephyr/subsys/bluetooth/host/libsubsys__bluetooth__host.a(gatt.c.obj)
 .text.sc_save  0x000000000000bc3c       0x88 zephyr/subsys/bluetooth/host/libsubsys__bluetooth__host.a(gatt.c.obj)
 .text.notify_cb
                0x000000000000bcc4       0xd8 zephyr/subsys/bluetooth/host/libsubsys__bluetooth__host.a(gatt.c.obj)
 .text.disconnected_cb
                0x000000000000bd9c       0x8c zephyr/subsys/bluetooth/host/libsubsys__bluetooth__host.a(gatt.c.obj)
 .text.sc_set   0x000000000000be28      0x108 zephyr/subsys/bluetooth/host/libsubsys__bluetooth__host.a(gatt.c.obj)
 .text.find_cf_cfg_by_addr
                0x000000000000bf30       0x44 zephyr/subsys/bluetooth/host/libsubsys__bluetooth__host.a(gatt.c.obj)
 .text.find_cf_cfg
                0x000000000000bf74       0x60 zephyr/subsys/bluetooth/host/libsubsys__bluetooth__host.a(gatt.c.obj)
 .text.cf_write
                0x000000000000bfd4       0xb0 zephyr/subsys/bluetooth/host/libsubsys__bluetooth__host.a(gatt.c.obj)
 .text.sc_indicate_rsp
                0x000000000000c084       0x60 zephyr/subsys/bluetooth/host/libsubsys__bluetooth__host.a(gatt.c.obj)
 .text.cf_set   0x000000000000c0e4       0xe8 zephyr/subsys/bluetooth/host/libsubsys__bluetooth__host.a(gatt.c.obj)
 .text.read_ppcp
                0x000000000000c1cc       0x38 zephyr/subsys/bluetooth/host/libsubsys__bluetooth__host.a(gatt.c.obj)
 .text.bt_gatt_init
                0x000000000000c204       0x9c zephyr/subsys/bluetooth/host/libsubsys__bluetooth__host.a(gatt.c.obj)
                0x000000000000c204                bt_gatt_init
 .text.bt_gatt_attr_value_handle
                0x000000000000c2a0       0x30 zephyr/subsys/bluetooth/host/libsubsys__bluetooth__host.a(gatt.c.obj)
                0x000000000000c2a0                bt_gatt_attr_value_handle
 .text.bt_gatt_foreach_attr_type
                0x000000000000c2d0       0xc0 zephyr/subsys/bluetooth/host/libsubsys__bluetooth__host.a(gatt.c.obj)
                0x000000000000c2d0                bt_gatt_foreach_attr_type
 .text.db_hash_gen
                0x000000000000c390       0x98 zephyr/subsys/bluetooth/host/libsubsys__bluetooth__host.a(gatt.c.obj)
 .text.db_hash_commit
                0x000000000000c428       0xa8 zephyr/subsys/bluetooth/host/libsubsys__bluetooth__host.a(gatt.c.obj)
 .text.ccc_set_direct
                0x000000000000c4d0      0x110 zephyr/subsys/bluetooth/host/libsubsys__bluetooth__host.a(gatt.c.obj)
 .text.bt_gatt_notify_cb
                0x000000000000c5e0       0xf8 zephyr/subsys/bluetooth/host/libsubsys__bluetooth__host.a(gatt.c.obj)
                0x000000000000c5e0                bt_gatt_notify_cb
 .text.bt_gatt_indicate
                0x000000000000c6d8       0xf8 zephyr/subsys/bluetooth/host/libsubsys__bluetooth__host.a(gatt.c.obj)
                0x000000000000c6d8                bt_gatt_indicate
 .text.sc_process
                0x000000000000c7d0       0x68 zephyr/subsys/bluetooth/host/libsubsys__bluetooth__host.a(gatt.c.obj)
 .text.update_ccc
                0x000000000000c838      0x124 zephyr/subsys/bluetooth/host/libsubsys__bluetooth__host.a(gatt.c.obj)
 .text.bt_gatt_connected
                0x000000000000c95c       0x78 zephyr/subsys/bluetooth/host/libsubsys__bluetooth__host.a(gatt.c.obj)
                0x000000000000c95c                bt_gatt_connected
 .text.bt_gatt_encrypt_change
                0x000000000000c9d4       0x20 zephyr/subsys/bluetooth/host/libsubsys__bluetooth__host.a(gatt.c.obj)
                0x000000000000c9d4                bt_gatt_encrypt_change
 .text.db_hash_read
                0x000000000000c9f4       0x50 zephyr/subsys/bluetooth/host/libsubsys__bluetooth__host.a(gatt.c.obj)
 .text.bt_gatt_store_ccc
                0x000000000000ca44       0x88 zephyr/subsys/bluetooth/host/libsubsys__bluetooth__host.a(gatt.c.obj)
                0x000000000000ca44                bt_gatt_store_ccc
 .text.bt_gatt_disconnected
                0x000000000000cacc       0xf0 zephyr/subsys/bluetooth/host/libsubsys__bluetooth__host.a(gatt.c.obj)
                0x000000000000cacc                bt_gatt_disconnected
 .text.bt_gatt_clear
                0x000000000000cbbc       0x9c zephyr/subsys/bluetooth/host/libsubsys__bluetooth__host.a(gatt.c.obj)
                0x000000000000cbbc                bt_gatt_clear
 .text.get_io_capa
                0x000000000000cc58       0x4c zephyr/subsys/bluetooth/host/libsubsys__bluetooth__host.a(smp.c.obj)
 .text.smp_sign_buf
                0x000000000000cca4       0x80 zephyr/subsys/bluetooth/host/libsubsys__bluetooth__host.a(smp.c.obj)
 .text.get_auth.isra.0
                0x000000000000cd24       0x3c zephyr/subsys/bluetooth/host/libsubsys__bluetooth__host.a(smp.c.obj)
 .text.smp_chan_get
                0x000000000000cd60       0x30 zephyr/subsys/bluetooth/host/libsubsys__bluetooth__host.a(smp.c.obj)
 .text.bt_smp_accept
                0x000000000000cd90       0x44 zephyr/subsys/bluetooth/host/libsubsys__bluetooth__host.a(smp.c.obj)
 .text.smp_init
                0x000000000000cdd4       0x3c zephyr/subsys/bluetooth/host/libsubsys__bluetooth__host.a(smp.c.obj)
 .text.smp_send.isra.0
                0x000000000000ce10       0x2c zephyr/subsys/bluetooth/host/libsubsys__bluetooth__host.a(smp.c.obj)
 .text.smp_send_pairing_confirm
                0x000000000000ce3c       0x80 zephyr/subsys/bluetooth/host/libsubsys__bluetooth__host.a(smp.c.obj)
 .text.smp_public_key_slave.part.0
                0x000000000000cebc       0xc8 zephyr/subsys/bluetooth/host/libsubsys__bluetooth__host.a(smp.c.obj)
 .text.compute_and_check_and_send_slave_dhcheck
                0x000000000000cf84      0x1d0 zephyr/subsys/bluetooth/host/libsubsys__bluetooth__host.a(smp.c.obj)
 .text.sc_send_public_key
                0x000000000000d154       0x44 zephyr/subsys/bluetooth/host/libsubsys__bluetooth__host.a(smp.c.obj)
 .text.smp_ident_info
                0x000000000000d198       0x70 zephyr/subsys/bluetooth/host/libsubsys__bluetooth__host.a(smp.c.obj)
 .text.smp_encrypt_info
                0x000000000000d208       0x70 zephyr/subsys/bluetooth/host/libsubsys__bluetooth__host.a(smp.c.obj)
 .text.smp_pairing_req
                0x000000000000d278      0x3a0 zephyr/subsys/bluetooth/host/libsubsys__bluetooth__host.a(smp.c.obj)
 .text.smp_pairing_complete
                0x000000000000d618       0x84 zephyr/subsys/bluetooth/host/libsubsys__bluetooth__host.a(smp.c.obj)
 .text.bt_smp_dhkey_ready
                0x000000000000d69c       0x6c zephyr/subsys/bluetooth/host/libsubsys__bluetooth__host.a(smp.c.obj)
 .text.bt_smp_recv
                0x000000000000d708      0x100 zephyr/subsys/bluetooth/host/libsubsys__bluetooth__host.a(smp.c.obj)
 .text.bt_smp_pkey_ready
                0x000000000000d808       0x70 zephyr/subsys/bluetooth/host/libsubsys__bluetooth__host.a(smp.c.obj)
 .text.smp_pairing_failed
                0x000000000000d878       0x68 zephyr/subsys/bluetooth/host/libsubsys__bluetooth__host.a(smp.c.obj)
 .text.smp_timeout
                0x000000000000d8e0       0x3c zephyr/subsys/bluetooth/host/libsubsys__bluetooth__host.a(smp.c.obj)
 .text.smp_signing_info
                0x000000000000d91c       0x80 zephyr/subsys/bluetooth/host/libsubsys__bluetooth__host.a(smp.c.obj)
 .text.smp_master_ident
                0x000000000000d99c       0xa8 zephyr/subsys/bluetooth/host/libsubsys__bluetooth__host.a(smp.c.obj)
 .text.bt_smp_connected
                0x000000000000da44       0x1c zephyr/subsys/bluetooth/host/libsubsys__bluetooth__host.a(smp.c.obj)
 .text.bt_smp_encrypt_change
                0x000000000000da60      0x2e4 zephyr/subsys/bluetooth/host/libsubsys__bluetooth__host.a(smp.c.obj)
 .text.smp_pairing_random
                0x000000000000dd44      0x244 zephyr/subsys/bluetooth/host/libsubsys__bluetooth__host.a(smp.c.obj)
 .text.smp_public_key
                0x000000000000df88       0xb8 zephyr/subsys/bluetooth/host/libsubsys__bluetooth__host.a(smp.c.obj)
 .text.smp_ident_addr_info
                0x000000000000e040      0x13c zephyr/subsys/bluetooth/host/libsubsys__bluetooth__host.a(smp.c.obj)
 .text.bt_smp_sign_verify
                0x000000000000e17c       0xf8 zephyr/subsys/bluetooth/host/libsubsys__bluetooth__host.a(smp.c.obj)
                0x000000000000e17c                bt_smp_sign_verify
 .text.bt_smp_sign
                0x000000000000e274       0xb4 zephyr/subsys/bluetooth/host/libsubsys__bluetooth__host.a(smp.c.obj)
                0x000000000000e274                bt_smp_sign
 .text.bt_smp_start_security
                0x000000000000e328      0x184 zephyr/subsys/bluetooth/host/libsubsys__bluetooth__host.a(smp.c.obj)
                0x000000000000e328                bt_smp_start_security
 .text.bt_smp_update_keys
                0x000000000000e4ac      0x11c zephyr/subsys/bluetooth/host/libsubsys__bluetooth__host.a(smp.c.obj)
                0x000000000000e4ac                bt_smp_update_keys
 .text.bt_smp_init
                0x000000000000e5c8       0x2c zephyr/subsys/bluetooth/host/libsubsys__bluetooth__host.a(smp.c.obj)
                0x000000000000e5c8                bt_smp_init
 .text.bt_keys_get_addr
                0x000000000000e5f4       0x80 zephyr/subsys/bluetooth/host/libsubsys__bluetooth__host.a(keys.c.obj)
                0x000000000000e5f4                bt_keys_get_addr
 .text.bt_foreach_bond
                0x000000000000e674       0x2c zephyr/subsys/bluetooth/host/libsubsys__bluetooth__host.a(keys.c.obj)
                0x000000000000e674                bt_foreach_bond
 .text.bt_keys_foreach
                0x000000000000e6a0       0x1c zephyr/subsys/bluetooth/host/libsubsys__bluetooth__host.a(keys.c.obj)
                0x000000000000e6a0                bt_keys_foreach
 .text.keys_commit
                0x000000000000e6bc       0x14 zephyr/subsys/bluetooth/host/libsubsys__bluetooth__host.a(keys.c.obj)
 .text.bt_keys_find
                0x000000000000e6d0       0x2c zephyr/subsys/bluetooth/host/libsubsys__bluetooth__host.a(keys.c.obj)
                0x000000000000e6d0                bt_keys_find
 .text.bt_keys_find_irk
                0x000000000000e6fc       0x74 zephyr/subsys/bluetooth/host/libsubsys__bluetooth__host.a(keys.c.obj)
                0x000000000000e6fc                bt_keys_find_irk
 .text.bt_keys_find_addr
                0x000000000000e770       0x20 zephyr/subsys/bluetooth/host/libsubsys__bluetooth__host.a(keys.c.obj)
                0x000000000000e770                bt_keys_find_addr
 .text.bt_keys_clear
                0x000000000000e790       0x4c zephyr/subsys/bluetooth/host/libsubsys__bluetooth__host.a(keys.c.obj)
                0x000000000000e790                bt_keys_clear
 .text.keys_set
                0x000000000000e7dc      0x160 zephyr/subsys/bluetooth/host/libsubsys__bluetooth__host.a(keys.c.obj)
 .text.bt_keys_store
                0x000000000000e93c       0x68 zephyr/subsys/bluetooth/host/libsubsys__bluetooth__host.a(keys.c.obj)
                0x000000000000e93c                bt_keys_store
 .text.bt_keys_update_usage
                0x000000000000e9a4       0x28 zephyr/subsys/bluetooth/host/libsubsys__bluetooth__host.a(keys.c.obj)
                0x000000000000e9a4                bt_keys_update_usage
 .text.mem_init
                0x000000000000e9cc       0x5c zephyr/subsys/bluetooth/controller/libsubsys__bluetooth__controller.a(mem.c.obj)
                0x000000000000e9cc                mem_init
 .text.mem_acquire
                0x000000000000ea28       0x34 zephyr/subsys/bluetooth/controller/libsubsys__bluetooth__controller.a(mem.c.obj)
                0x000000000000ea28                mem_acquire
 .text.mem_release
                0x000000000000ea5c       0x30 zephyr/subsys/bluetooth/controller/libsubsys__bluetooth__controller.a(mem.c.obj)
                0x000000000000ea5c                mem_release
 .text.mem_get  0x000000000000ea8c        0x8 zephyr/subsys/bluetooth/controller/libsubsys__bluetooth__controller.a(mem.c.obj)
                0x000000000000ea8c                mem_get
 .text.mem_index_get
                0x000000000000ea94        0xc zephyr/subsys/bluetooth/controller/libsubsys__bluetooth__controller.a(mem.c.obj)
                0x000000000000ea94                mem_index_get
 .text.mem_rcopy
                0x000000000000eaa0       0x1c zephyr/subsys/bluetooth/controller/libsubsys__bluetooth__controller.a(mem.c.obj)
                0x000000000000eaa0                mem_rcopy
 .text.mem_nz   0x000000000000eabc       0x18 zephyr/subsys/bluetooth/controller/libsubsys__bluetooth__controller.a(mem.c.obj)
                0x000000000000eabc                mem_nz
 .text.memq_init
                0x000000000000ead4        0x8 zephyr/subsys/bluetooth/controller/libsubsys__bluetooth__controller.a(memq.c.obj)
                0x000000000000ead4                memq_init
 .text.memq_deinit
                0x000000000000eadc       0x14 zephyr/subsys/bluetooth/controller/libsubsys__bluetooth__controller.a(memq.c.obj)
                0x000000000000eadc                memq_deinit
 .text.memq_enqueue
                0x000000000000eaf0       0x10 zephyr/subsys/bluetooth/controller/libsubsys__bluetooth__controller.a(memq.c.obj)
                0x000000000000eaf0                memq_enqueue
 .text.memq_peek
                0x000000000000eb00       0x10 zephyr/subsys/bluetooth/controller/libsubsys__bluetooth__controller.a(memq.c.obj)
                0x000000000000eb00                memq_peek
 .text.memq_dequeue
                0x000000000000eb10       0x20 zephyr/subsys/bluetooth/controller/libsubsys__bluetooth__controller.a(memq.c.obj)
                0x000000000000eb10                memq_dequeue
 .text.mayfly_init
                0x000000000000eb30       0x40 zephyr/subsys/bluetooth/controller/libsubsys__bluetooth__controller.a(mayfly.c.obj)
                0x000000000000eb30                mayfly_init
 .text.mayfly_enable
                0x000000000000eb70       0x68 zephyr/subsys/bluetooth/controller/libsubsys__bluetooth__controller.a(mayfly.c.obj)
                0x000000000000eb70                mayfly_enable
 .text.mayfly_enqueue
                0x000000000000ebd8       0xa8 zephyr/subsys/bluetooth/controller/libsubsys__bluetooth__controller.a(mayfly.c.obj)
                0x000000000000ebd8                mayfly_enqueue
 .text.mayfly_run
                0x000000000000ec80      0x144 zephyr/subsys/bluetooth/controller/libsubsys__bluetooth__controller.a(mayfly.c.obj)
                0x000000000000ec80                mayfly_run
 .text.util_ones_count_get
                0x000000000000edc4       0x30 zephyr/subsys/bluetooth/controller/libsubsys__bluetooth__controller.a(util.c.obj)
                0x000000000000edc4                util_ones_count_get
 .text.util_rand
                0x000000000000edf4       0x34 zephyr/subsys/bluetooth/controller/libsubsys__bluetooth__controller.a(util.c.obj)
                0x000000000000edf4                util_rand
 .text.ticker_dequeue.isra.0
                0x000000000000ee28       0x70 zephyr/subsys/bluetooth/controller/libsubsys__bluetooth__controller.a(ticker.c.obj)
 .text.ticker_job_list_insert
                0x000000000000ee98      0x3d4 zephyr/subsys/bluetooth/controller/libsubsys__bluetooth__controller.a(ticker.c.obj)
 .text.ticker_worker
                0x000000000000f26c       0xc4 zephyr/subsys/bluetooth/controller/libsubsys__bluetooth__controller.a(ticker.c.obj)
                0x000000000000f26c                ticker_worker
 .text.ticker_job
                0x000000000000f330      0x6a4 zephyr/subsys/bluetooth/controller/libsubsys__bluetooth__controller.a(ticker.c.obj)
                0x000000000000f330                ticker_job
 .text.ticker_init
                0x000000000000f9d4       0x64 zephyr/subsys/bluetooth/controller/libsubsys__bluetooth__controller.a(ticker.c.obj)
                0x000000000000f9d4                ticker_init
 .text.ticker_is_initialized
                0x000000000000fa38       0x18 zephyr/subsys/bluetooth/controller/libsubsys__bluetooth__controller.a(ticker.c.obj)
                0x000000000000fa38                ticker_is_initialized
 .text.ticker_trigger
                0x000000000000fa50       0x30 zephyr/subsys/bluetooth/controller/libsubsys__bluetooth__controller.a(ticker.c.obj)
                0x000000000000fa50                ticker_trigger
 .text.ticker_start
                0x000000000000fa80       0xa8 zephyr/subsys/bluetooth/controller/libsubsys__bluetooth__controller.a(ticker.c.obj)
                0x000000000000fa80                ticker_start
 .text.ticker_update
                0x000000000000fb28       0xa4 zephyr/subsys/bluetooth/controller/libsubsys__bluetooth__controller.a(ticker.c.obj)
                0x000000000000fb28                ticker_update
 .text.ticker_stop
                0x000000000000fbcc       0x84 zephyr/subsys/bluetooth/controller/libsubsys__bluetooth__controller.a(ticker.c.obj)
                0x000000000000fbcc                ticker_stop
 .text.ticker_ticks_now_get
                0x000000000000fc50        0x4 zephyr/subsys/bluetooth/controller/libsubsys__bluetooth__controller.a(ticker.c.obj)
                0x000000000000fc50                ticker_ticks_now_get
 .text.ticker_ticks_diff_get
                0x000000000000fc54        0x8 zephyr/subsys/bluetooth/controller/libsubsys__bluetooth__controller.a(ticker.c.obj)
                0x000000000000fc54                ticker_ticks_diff_get
 .text.ll_addr_get
                0x000000000000fc5c       0x3c zephyr/subsys/bluetooth/controller/libsubsys__bluetooth__controller.a(ll_addr.c.obj)
                0x000000000000fc5c                ll_addr_get
 .text.ll_addr_set
                0x000000000000fc98       0x38 zephyr/subsys/bluetooth/controller/libsubsys__bluetooth__controller.a(ll_addr.c.obj)
                0x000000000000fc98                ll_addr_set
 .text.ll_tx_pwr_lvl_get
                0x000000000000fcd0       0x20 zephyr/subsys/bluetooth/controller/libsubsys__bluetooth__controller.a(ll_tx_pwr.c.obj)
                0x000000000000fcd0                ll_tx_pwr_lvl_get
 .text.ll_tx_pwr_get
                0x000000000000fcf0        0x8 zephyr/subsys/bluetooth/controller/libsubsys__bluetooth__controller.a(ll_tx_pwr.c.obj)
                0x000000000000fcf0                ll_tx_pwr_get
 .text.hci_driver_init
                0x000000000000fcf8       0x10 zephyr/subsys/bluetooth/controller/libsubsys__bluetooth__controller.a(hci_driver.c.obj)
 .text.recv_thread
                0x000000000000fd08       0xe4 zephyr/subsys/bluetooth/controller/libsubsys__bluetooth__controller.a(hci_driver.c.obj)
 .text.prio_recv_thread
                0x000000000000fdec       0x6c zephyr/subsys/bluetooth/controller/libsubsys__bluetooth__controller.a(hci_driver.c.obj)
 .text.hci_driver_send
                0x000000000000fe58       0xb0 zephyr/subsys/bluetooth/controller/libsubsys__bluetooth__controller.a(hci_driver.c.obj)
 .text.hci_driver_open
                0x000000000000ff08       0xb0 zephyr/subsys/bluetooth/controller/libsubsys__bluetooth__controller.a(hci_driver.c.obj)
 .text.meta_evt
                0x000000000000ffb8       0x30 zephyr/subsys/bluetooth/controller/libsubsys__bluetooth__controller.a(hci.c.obj)
 .text.cmd_status
                0x000000000000ffe8       0x44 zephyr/subsys/bluetooth/controller/libsubsys__bluetooth__controller.a(hci.c.obj)
 .text.le_remote_feat_complete
                0x000000000001002c       0x6c zephyr/subsys/bluetooth/controller/libsubsys__bluetooth__controller.a(hci.c.obj)
 .text.encrypt_change.part.0
                0x0000000000010098       0x34 zephyr/subsys/bluetooth/controller/libsubsys__bluetooth__controller.a(hci.c.obj)
 .text.hci_cmd_complete
                0x00000000000100cc       0x50 zephyr/subsys/bluetooth/controller/libsubsys__bluetooth__controller.a(hci.c.obj)
                0x00000000000100cc                hci_cmd_complete
 .text.hci_vendor_cmd_handle_common
                0x000000000001011c      0x278 zephyr/subsys/bluetooth/controller/libsubsys__bluetooth__controller.a(hci.c.obj)
                0x000000000001011c                hci_vendor_cmd_handle_common
 .text.hci_cmd_handle
                0x0000000000010394      0x7cc zephyr/subsys/bluetooth/controller/libsubsys__bluetooth__controller.a(hci.c.obj)
                0x0000000000010394                hci_cmd_handle
 .text.hci_acl_handle
                0x0000000000010b60      0x12c zephyr/subsys/bluetooth/controller/libsubsys__bluetooth__controller.a(hci.c.obj)
                0x0000000000010b60                hci_acl_handle
 .text.hci_acl_encode
                0x0000000000010c8c       0x7c zephyr/subsys/bluetooth/controller/libsubsys__bluetooth__controller.a(hci.c.obj)
                0x0000000000010c8c                hci_acl_encode
 .text.hci_evt_encode
                0x0000000000010d08      0x550 zephyr/subsys/bluetooth/controller/libsubsys__bluetooth__controller.a(hci.c.obj)
                0x0000000000010d08                hci_evt_encode
 .text.hci_num_cmplt_encode
                0x0000000000011258       0x30 zephyr/subsys/bluetooth/controller/libsubsys__bluetooth__controller.a(hci.c.obj)
                0x0000000000011258                hci_num_cmplt_encode
 .text.hci_get_class
                0x0000000000011288       0x2c zephyr/subsys/bluetooth/controller/libsubsys__bluetooth__controller.a(hci.c.obj)
                0x0000000000011288                hci_get_class
 .text.hci_init
                0x00000000000112b4       0x34 zephyr/subsys/bluetooth/controller/libsubsys__bluetooth__controller.a(hci.c.obj)
                0x00000000000112b4                hci_init
 .text.bt_rand  0x00000000000112e8        0x4 zephyr/subsys/bluetooth/controller/libsubsys__bluetooth__controller.a(crypto.c.obj)
                0x00000000000112e8                bt_rand
 .text.bt_encrypt_le
                0x00000000000112ec        0xc zephyr/subsys/bluetooth/controller/libsubsys__bluetooth__controller.a(crypto.c.obj)
                0x00000000000112ec                bt_encrypt_le
 .text.perform_lll_reset
                0x00000000000112f8       0x94 zephyr/subsys/bluetooth/controller/libsubsys__bluetooth__controller.a(ull.c.obj)
 .text.disabled_cb
                0x000000000001138c        0x4 zephyr/subsys/bluetooth/controller/libsubsys__bluetooth__controller.a(ull.c.obj)
 .text.tx_cmplt_get
                0x0000000000011390       0xcc zephyr/subsys/bluetooth/controller/libsubsys__bluetooth__controller.a(ull.c.obj)
 .text.rx_demux
                0x000000000001145c      0x3ac zephyr/subsys/bluetooth/controller/libsubsys__bluetooth__controller.a(ull.c.obj)
 .text.ll_init  0x0000000000011808      0x2c8 zephyr/subsys/bluetooth/controller/libsubsys__bluetooth__controller.a(ull.c.obj)
                0x0000000000011808                ll_init
 .text.ll_reset
                0x0000000000011ad0      0x2bc zephyr/subsys/bluetooth/controller/libsubsys__bluetooth__controller.a(ull.c.obj)
                0x0000000000011ad0                ll_reset
 .text.ll_rx_get
                0x0000000000011d8c      0x1b4 zephyr/subsys/bluetooth/controller/libsubsys__bluetooth__controller.a(ull.c.obj)
                0x0000000000011d8c                ll_rx_get
 .text.ll_rx_dequeue
                0x0000000000011f40      0x1a0 zephyr/subsys/bluetooth/controller/libsubsys__bluetooth__controller.a(ull.c.obj)
                0x0000000000011f40                ll_rx_dequeue
 .text.ll_rx_mem_release
                0x00000000000120e0      0x250 zephyr/subsys/bluetooth/controller/libsubsys__bluetooth__controller.a(ull.c.obj)
                0x00000000000120e0                ll_rx_mem_release
 .text.ll_rx_link_alloc
                0x0000000000012330        0xc zephyr/subsys/bluetooth/controller/libsubsys__bluetooth__controller.a(ull.c.obj)
                0x0000000000012330                ll_rx_link_alloc
 .text.ll_rx_link_release
                0x000000000001233c        0xc zephyr/subsys/bluetooth/controller/libsubsys__bluetooth__controller.a(ull.c.obj)
                0x000000000001233c                ll_rx_link_release
 .text.ll_rx_alloc
                0x0000000000012348        0xc zephyr/subsys/bluetooth/controller/libsubsys__bluetooth__controller.a(ull.c.obj)
                0x0000000000012348                ll_rx_alloc
 .text.ll_rx_release
                0x0000000000012354        0xc zephyr/subsys/bluetooth/controller/libsubsys__bluetooth__controller.a(ull.c.obj)
                0x0000000000012354                ll_rx_release
 .text.ll_rx_put
                0x0000000000012360       0x14 zephyr/subsys/bluetooth/controller/libsubsys__bluetooth__controller.a(ull.c.obj)
                0x0000000000012360                ll_rx_put
 .text.ll_rx_sched
                0x0000000000012374        0xc zephyr/subsys/bluetooth/controller/libsubsys__bluetooth__controller.a(ull.c.obj)
                0x0000000000012374                ll_rx_sched
 .text.ll_pdu_rx_alloc_peek
                0x0000000000012380       0x3c zephyr/subsys/bluetooth/controller/libsubsys__bluetooth__controller.a(ull.c.obj)
                0x0000000000012380                ll_pdu_rx_alloc_peek
 .text.ll_pdu_rx_alloc
                0x00000000000123bc       0x30 zephyr/subsys/bluetooth/controller/libsubsys__bluetooth__controller.a(ull.c.obj)
                0x00000000000123bc                ll_pdu_rx_alloc
 .text.ll_tx_ack_put
                0x00000000000123ec       0x60 zephyr/subsys/bluetooth/controller/libsubsys__bluetooth__controller.a(ull.c.obj)
                0x00000000000123ec                ll_tx_ack_put
 .text.ll_timeslice_ticker_id_get
                0x000000000001244c        0xc zephyr/subsys/bluetooth/controller/libsubsys__bluetooth__controller.a(ull.c.obj)
                0x000000000001244c                ll_timeslice_ticker_id_get
 .text.ll_radio_state_abort
                0x0000000000012458       0x40 zephyr/subsys/bluetooth/controller/libsubsys__bluetooth__controller.a(ull.c.obj)
                0x0000000000012458                ll_radio_state_abort
 .text.ull_ticker_status_give
                0x0000000000012498        0xc zephyr/subsys/bluetooth/controller/libsubsys__bluetooth__controller.a(ull.c.obj)
                0x0000000000012498                ull_ticker_status_give
 .text.ull_ticker_status_take
                0x00000000000124a4       0x18 zephyr/subsys/bluetooth/controller/libsubsys__bluetooth__controller.a(ull.c.obj)
                0x00000000000124a4                ull_ticker_status_take
 .text.ull_disable_mark
                0x00000000000124bc       0x18 zephyr/subsys/bluetooth/controller/libsubsys__bluetooth__controller.a(ull.c.obj)
                0x00000000000124bc                ull_disable_mark
 .text.ull_disable_unmark
                0x00000000000124d4       0x18 zephyr/subsys/bluetooth/controller/libsubsys__bluetooth__controller.a(ull.c.obj)
                0x00000000000124d4                ull_disable_unmark
 .text.ull_disable_mark_get
                0x00000000000124ec        0xc zephyr/subsys/bluetooth/controller/libsubsys__bluetooth__controller.a(ull.c.obj)
                0x00000000000124ec                ull_disable_mark_get
 .text.ull_update_mark
                0x00000000000124f8       0x18 zephyr/subsys/bluetooth/controller/libsubsys__bluetooth__controller.a(ull.c.obj)
                0x00000000000124f8                ull_update_mark
 .text.ull_update_unmark
                0x0000000000012510       0x18 zephyr/subsys/bluetooth/controller/libsubsys__bluetooth__controller.a(ull.c.obj)
                0x0000000000012510                ull_update_unmark
 .text.ull_update_mark_get
                0x0000000000012528        0xc zephyr/subsys/bluetooth/controller/libsubsys__bluetooth__controller.a(ull.c.obj)
                0x0000000000012528                ull_update_mark_get
 .text.ull_disable
                0x0000000000012534       0x78 zephyr/subsys/bluetooth/controller/libsubsys__bluetooth__controller.a(ull.c.obj)
                0x0000000000012534                ull_disable
 .text.ull_pdu_rx_alloc_peek
                0x00000000000125ac       0x3c zephyr/subsys/bluetooth/controller/libsubsys__bluetooth__controller.a(ull.c.obj)
                0x00000000000125ac                ull_pdu_rx_alloc_peek
 .text.ull_pdu_rx_alloc
                0x00000000000125e8       0x30 zephyr/subsys/bluetooth/controller/libsubsys__bluetooth__controller.a(ull.c.obj)
                0x00000000000125e8                ull_pdu_rx_alloc
 .text.ull_rx_put
                0x0000000000012618       0x20 zephyr/subsys/bluetooth/controller/libsubsys__bluetooth__controller.a(ull.c.obj)
                0x0000000000012618                ull_rx_put
 .text.ull_rx_sched
                0x0000000000012638       0x10 zephyr/subsys/bluetooth/controller/libsubsys__bluetooth__controller.a(ull.c.obj)
                0x0000000000012638                ull_rx_sched
 .text.ull_prepare_enqueue
                0x0000000000012648       0x70 zephyr/subsys/bluetooth/controller/libsubsys__bluetooth__controller.a(ull.c.obj)
                0x0000000000012648                ull_prepare_enqueue
 .text.ull_prepare_dequeue_get
                0x00000000000126b8       0x1c zephyr/subsys/bluetooth/controller/libsubsys__bluetooth__controller.a(ull.c.obj)
                0x00000000000126b8                ull_prepare_dequeue_get
 .text.ull_prepare_dequeue_iter
                0x00000000000126d4       0x3c zephyr/subsys/bluetooth/controller/libsubsys__bluetooth__controller.a(ull.c.obj)
                0x00000000000126d4                ull_prepare_dequeue_iter
 .text.ull_event_done_extra_get
                0x0000000000012710       0x20 zephyr/subsys/bluetooth/controller/libsubsys__bluetooth__controller.a(ull.c.obj)
                0x0000000000012710                ull_event_done_extra_get
 .text.ull_event_done
                0x0000000000012730       0x60 zephyr/subsys/bluetooth/controller/libsubsys__bluetooth__controller.a(ull.c.obj)
                0x0000000000012730                ull_event_done
 .text.lll_chan_sel_1
                0x0000000000012790       0x78 zephyr/subsys/bluetooth/controller/libsubsys__bluetooth__controller.a(lll_chan.c.obj)
                0x0000000000012790                lll_chan_sel_1
 .text.lll_chan_sel_2
                0x0000000000012808       0xcc zephyr/subsys/bluetooth/controller/libsubsys__bluetooth__controller.a(lll_chan.c.obj)
                0x0000000000012808                lll_chan_sel_2
 .text.disabled_cb
                0x00000000000128d4       0xa8 zephyr/subsys/bluetooth/controller/libsubsys__bluetooth__controller.a(ull_adv.c.obj)
 .text.ticker_cb
                0x000000000001297c      0x120 zephyr/subsys/bluetooth/controller/libsubsys__bluetooth__controller.a(ull_adv.c.obj)
 .text.ticker_op_stop_cb
                0x0000000000012a9c       0xa0 zephyr/subsys/bluetooth/controller/libsubsys__bluetooth__controller.a(ull_adv.c.obj)
 .text.ticker_op_update_cb
                0x0000000000012b3c       0x38 zephyr/subsys/bluetooth/controller/libsubsys__bluetooth__controller.a(ull_adv.c.obj)
 .text.ticker_stop_cb
                0x0000000000012b74       0x88 zephyr/subsys/bluetooth/controller/libsubsys__bluetooth__controller.a(ull_adv.c.obj)
 .text.ll_adv_params_set
                0x0000000000012bfc      0x13c zephyr/subsys/bluetooth/controller/libsubsys__bluetooth__controller.a(ull_adv.c.obj)
                0x0000000000012bfc                ll_adv_params_set
 .text.ll_adv_data_set
                0x0000000000012d38       0x90 zephyr/subsys/bluetooth/controller/libsubsys__bluetooth__controller.a(ull_adv.c.obj)
                0x0000000000012d38                ll_adv_data_set
 .text.ll_adv_scan_rsp_set
                0x0000000000012dc8       0x78 zephyr/subsys/bluetooth/controller/libsubsys__bluetooth__controller.a(ull_adv.c.obj)
                0x0000000000012dc8                ll_adv_scan_rsp_set
 .text.ull_adv_init
                0x0000000000012e40        0x4 zephyr/subsys/bluetooth/controller/libsubsys__bluetooth__controller.a(ull_adv.c.obj)
                0x0000000000012e40                ull_adv_init
 .text.ull_adv_reset
                0x0000000000012e44      0x1b0 zephyr/subsys/bluetooth/controller/libsubsys__bluetooth__controller.a(ull_adv.c.obj)
                0x0000000000012e44                ull_adv_reset
 .text.ull_adv_handle_get
                0x0000000000012ff4       0x1c zephyr/subsys/bluetooth/controller/libsubsys__bluetooth__controller.a(ull_adv.c.obj)
                0x0000000000012ff4                ull_adv_handle_get
 .text.ull_adv_lll_handle_get
                0x0000000000013010       0x1c zephyr/subsys/bluetooth/controller/libsubsys__bluetooth__controller.a(ull_adv.c.obj)
                0x0000000000013010                ull_adv_lll_handle_get
 .text.ull_adv_is_enabled_get
                0x000000000001302c       0x1c zephyr/subsys/bluetooth/controller/libsubsys__bluetooth__controller.a(ull_adv.c.obj)
                0x000000000001302c                ull_adv_is_enabled_get
 .text.ull_adv_is_enabled
                0x0000000000013048       0x18 zephyr/subsys/bluetooth/controller/libsubsys__bluetooth__controller.a(ull_adv.c.obj)
                0x0000000000013048                ull_adv_is_enabled
 .text.ull_adv_filter_pol_get
                0x0000000000013060       0x20 zephyr/subsys/bluetooth/controller/libsubsys__bluetooth__controller.a(ull_adv.c.obj)
                0x0000000000013060                ull_adv_filter_pol_get
 .text.tx_ull_dequeue
                0x0000000000013080       0x84 zephyr/subsys/bluetooth/controller/libsubsys__bluetooth__controller.a(ull_conn.c.obj)
 .text.ticker_update_latency_cancel_op_cb
                0x0000000000013104       0x48 zephyr/subsys/bluetooth/controller/libsubsys__bluetooth__controller.a(ull_conn.c.obj)
 .text.ctrl_tx_pause_enqueue
                0x000000000001314c       0xb0 zephyr/subsys/bluetooth/controller/libsubsys__bluetooth__controller.a(ull_conn.c.obj)
 .text.init_reset
                0x00000000000131fc       0x74 zephyr/subsys/bluetooth/controller/libsubsys__bluetooth__controller.a(ull_conn.c.obj)
 .text.tx_lll_flush
                0x0000000000013270       0xf8 zephyr/subsys/bluetooth/controller/libsubsys__bluetooth__controller.a(ull_conn.c.obj)
 .text.ticker_start_conn_op_cb
                0x0000000000013368       0x58 zephyr/subsys/bluetooth/controller/libsubsys__bluetooth__controller.a(ull_conn.c.obj)
 .text.ticker_stop_conn_op_cb
                0x00000000000133c0       0x58 zephyr/subsys/bluetooth/controller/libsubsys__bluetooth__controller.a(ull_conn.c.obj)
 .text.ticker_update_conn_op_cb
                0x0000000000013418       0x40 zephyr/subsys/bluetooth/controller/libsubsys__bluetooth__controller.a(ull_conn.c.obj)
 .text.ticker_op_stop_cb
                0x0000000000013458       0x64 zephyr/subsys/bluetooth/controller/libsubsys__bluetooth__controller.a(ull_conn.c.obj)
 .text.reject_ext_ind_send.isra.0
                0x00000000000134bc       0xa4 zephyr/subsys/bluetooth/controller/libsubsys__bluetooth__controller.a(ull_conn.c.obj)
 .text.start_enc_rsp_send
                0x0000000000013560       0xc4 zephyr/subsys/bluetooth/controller/libsubsys__bluetooth__controller.a(ull_conn.c.obj)
 .text.ctrl_tx_sec_enqueue
                0x0000000000013624      0x124 zephyr/subsys/bluetooth/controller/libsubsys__bluetooth__controller.a(ull_conn.c.obj)
 .text.feature_rsp_send.isra.0
                0x0000000000013748       0x84 zephyr/subsys/bluetooth/controller/libsubsys__bluetooth__controller.a(ull_conn.c.obj)
 .text.ll_conn_acquire
                0x00000000000137cc        0xc zephyr/subsys/bluetooth/controller/libsubsys__bluetooth__controller.a(ull_conn.c.obj)
                0x00000000000137cc                ll_conn_acquire
 .text.ll_conn_release
                0x00000000000137d8        0xc zephyr/subsys/bluetooth/controller/libsubsys__bluetooth__controller.a(ull_conn.c.obj)
                0x00000000000137d8                ll_conn_release
 .text.ll_conn_handle_get
                0x00000000000137e4       0x10 zephyr/subsys/bluetooth/controller/libsubsys__bluetooth__controller.a(ull_conn.c.obj)
                0x00000000000137e4                ll_conn_handle_get
 .text.ll_conn_get
                0x00000000000137f4       0x10 zephyr/subsys/bluetooth/controller/libsubsys__bluetooth__controller.a(ull_conn.c.obj)
                0x00000000000137f4                ll_conn_get
 .text.ll_connected_get
                0x0000000000013804       0x24 zephyr/subsys/bluetooth/controller/libsubsys__bluetooth__controller.a(ull_conn.c.obj)
                0x0000000000013804                ll_connected_get
 .text.ll_tx_mem_acquire
                0x0000000000013828        0xc zephyr/subsys/bluetooth/controller/libsubsys__bluetooth__controller.a(ull_conn.c.obj)
                0x0000000000013828                ll_tx_mem_acquire
 .text.ll_tx_mem_release
                0x0000000000013834        0xc zephyr/subsys/bluetooth/controller/libsubsys__bluetooth__controller.a(ull_conn.c.obj)
                0x0000000000013834                ll_tx_mem_release
 .text.ll_tx_mem_enqueue
                0x0000000000013840       0xdc zephyr/subsys/bluetooth/controller/libsubsys__bluetooth__controller.a(ull_conn.c.obj)
                0x0000000000013840                ll_tx_mem_enqueue
 .text.ll_conn_update
                0x000000000001391c      0x108 zephyr/subsys/bluetooth/controller/libsubsys__bluetooth__controller.a(ull_conn.c.obj)
                0x000000000001391c                ll_conn_update
 .text.ll_chm_get
                0x0000000000013a24       0x40 zephyr/subsys/bluetooth/controller/libsubsys__bluetooth__controller.a(ull_conn.c.obj)
                0x0000000000013a24                ll_chm_get
 .text.ll_terminate_ind_send
                0x0000000000013a64       0x34 zephyr/subsys/bluetooth/controller/libsubsys__bluetooth__controller.a(ull_conn.c.obj)
                0x0000000000013a64                ll_terminate_ind_send
 .text.ll_feature_req_send
                0x0000000000013a98       0x38 zephyr/subsys/bluetooth/controller/libsubsys__bluetooth__controller.a(ull_conn.c.obj)
                0x0000000000013a98                ll_feature_req_send
 .text.ll_version_ind_send
                0x0000000000013ad0       0x38 zephyr/subsys/bluetooth/controller/libsubsys__bluetooth__controller.a(ull_conn.c.obj)
                0x0000000000013ad0                ll_version_ind_send
 .text.ll_length_req_send
                0x0000000000013b08       0x7c zephyr/subsys/bluetooth/controller/libsubsys__bluetooth__controller.a(ull_conn.c.obj)
                0x0000000000013b08                ll_length_req_send
 .text.ll_length_default_get
                0x0000000000013b84       0x18 zephyr/subsys/bluetooth/controller/libsubsys__bluetooth__controller.a(ull_conn.c.obj)
                0x0000000000013b84                ll_length_default_get
 .text.ll_length_default_set
                0x0000000000013b9c       0x14 zephyr/subsys/bluetooth/controller/libsubsys__bluetooth__controller.a(ull_conn.c.obj)
                0x0000000000013b9c                ll_length_default_set
 .text.ll_length_max_get
                0x0000000000013bb0       0x14 zephyr/subsys/bluetooth/controller/libsubsys__bluetooth__controller.a(ull_conn.c.obj)
                0x0000000000013bb0                ll_length_max_get
 .text.ll_phy_get
                0x0000000000013bc4       0x3c zephyr/subsys/bluetooth/controller/libsubsys__bluetooth__controller.a(ull_conn.c.obj)
                0x0000000000013bc4                ll_phy_get
 .text.ll_phy_default_set
                0x0000000000013c00       0x14 zephyr/subsys/bluetooth/controller/libsubsys__bluetooth__controller.a(ull_conn.c.obj)
                0x0000000000013c00                ll_phy_default_set
 .text.ll_phy_req_send
                0x0000000000013c14       0x74 zephyr/subsys/bluetooth/controller/libsubsys__bluetooth__controller.a(ull_conn.c.obj)
                0x0000000000013c14                ll_phy_req_send
 .text.ll_apto_get
                0x0000000000013c88       0x48 zephyr/subsys/bluetooth/controller/libsubsys__bluetooth__controller.a(ull_conn.c.obj)
                0x0000000000013c88                ll_apto_get
 .text.ll_apto_set
                0x0000000000013cd0       0x44 zephyr/subsys/bluetooth/controller/libsubsys__bluetooth__controller.a(ull_conn.c.obj)
                0x0000000000013cd0                ll_apto_set
 .text.ull_conn_init
                0x0000000000013d14       0x24 zephyr/subsys/bluetooth/controller/libsubsys__bluetooth__controller.a(ull_conn.c.obj)
                0x0000000000013d14                ull_conn_init
 .text.ull_conn_reset
                0x0000000000013d38       0xf4 zephyr/subsys/bluetooth/controller/libsubsys__bluetooth__controller.a(ull_conn.c.obj)
                0x0000000000013d38                ull_conn_reset
 .text.ull_conn_default_tx_octets_get
                0x0000000000013e2c        0xc zephyr/subsys/bluetooth/controller/libsubsys__bluetooth__controller.a(ull_conn.c.obj)
                0x0000000000013e2c                ull_conn_default_tx_octets_get
 .text.ull_conn_default_tx_time_get
                0x0000000000013e38        0xc zephyr/subsys/bluetooth/controller/libsubsys__bluetooth__controller.a(ull_conn.c.obj)
                0x0000000000013e38                ull_conn_default_tx_time_get
 .text.ull_conn_default_phy_tx_get
                0x0000000000013e44        0xc zephyr/subsys/bluetooth/controller/libsubsys__bluetooth__controller.a(ull_conn.c.obj)
                0x0000000000013e44                ull_conn_default_phy_tx_get
 .text.ull_conn_default_phy_rx_get
                0x0000000000013e50        0xc zephyr/subsys/bluetooth/controller/libsubsys__bluetooth__controller.a(ull_conn.c.obj)